******************************************************************************
                  TI ARM Linker PC v5.1.6                      
******************************************************************************
>> Linked Mon Aug 15 14:47:24 2016

OUTPUT FILE NAME:   <FRT.out>
ENTRY POINT SYMBOL: "_c_int00"  address: 00004299


MEMORY CONFIGURATION

         name            origin    length      used     unused   attr    fill
----------------------  --------  ---------  --------  --------  ----  --------
  FLASH                 00000000   00040000  00004b88  0003b478  R  X
  SRAM                  20000000   00010000  0000494c  0000b6b4  RW X


SEGMENT ALLOCATION MAP

run origin  load origin   length   init length attrs members
----------  ----------- ---------- ----------- ----- -------
00000000    00000000    00004b88   00004b88    r-x
  00000000    00000000    000000f0   000000f0    r-- .intvecs
  000000f0    000000f0    0000454c   0000454c    r-x .text
  0000463c    0000463c    0000050c   0000050c    r-- .const
  00004b48    00004b48    00000040   00000040    r-- .cinit
20000000    20000000    00004950   00000000    rw-
  20000000    20000000    000028fc   00000000    rw- .bss
  200028fc    200028fc    00001000   00000000    rw- .stack
  20003900    20003900    00001000   00000000    rw- .sysmem
  20004900    20004900    00000050   00000000    rw- .data


SECTION ALLOCATION MAP

 output                                  attributes/
section   page    origin      length       input sections
--------  ----  ----------  ----------   ----------------
.intvecs   0    00000000    000000f0     
                  00000000    000000f0     startup_ccs.obj (.intvecs)

.text      0    000000f0    0000454c     
                  000000f0    00000ebc     rtsv7M3_T_le_eabi.lib : _printfi.obj (.text)
                  00000fac    00000c74     tasks.obj (.text)
                  00001c20    00000614     queue.obj (.text)
                  00002234    00000510     rit128x96x4.obj (.text)
                  00002744    00000270     screenDraw.obj (.text)
                  000029b4    00000208     main.obj (.text)
                  00002bbc    000001f4     rtsv7M3_T_le_eabi.lib : ull_div_t2.obj (.text)
                  00002db0    000001d8     driverlib-cm3.lib : sysctl.obj (.text:SysCtlClockGet)
                  00002f88    000001bc     heap_2.obj (.text)
                  00003144    000001b6     rtsv7M3_T_le_eabi.lib : fd_add_t2.obj (.text)
                  000032fa    00000002     --HOLE-- [fill = 0]
                  000032fc    00000164     startup_ccs.obj (.text)
                  00003460    00000144     driverlib-cm3.lib : sysctl.obj (.text:SysCtlClockSet)
                  000035a4    00000136     rtsv7M3_T_le_eabi.lib : fd_div_t2.obj (.text)
                  000036da    0000012e     list.obj (.text)
                  00003808    000000fc     rtsv7M3_T_le_eabi.lib : fd_mul_t2.obj (.text)
                  00003904    000000e4     port.obj (.text)
                  000039e8    000000c8     driverlib-cm3.lib : gpio.obj (.text:GPIOPadConfigSet)
                  00003ab0    0000009c     portasm.obj (.text)
                  00003b4c    0000009c     rtsv7M3_T_le_eabi.lib : memcpy_t2.obj (.text)
                  00003be8    00000098                           : snprintf.obj (.text)
                  00003c80    00000094                           : auto_init.obj (.text)
                  00003d14    00000086                           : fd_cmp_t2.obj (.text:__aeabi_cdcmple)
                  00003d9a    00000086                           : fd_cmp_t2.obj (.text:__aeabi_cdrcmple)
                  00003e20    00000078                           : memset_t2.obj (.text)
                  00003e98    0000006c     driverlib-cm3.lib : adc.obj (.text:ADCSequenceStepConfigure)
                  00003f04    00000064                       : interrupt.obj (.text:IntEnable)
                  00003f68    0000005e     rtsv7M3_T_le_eabi.lib : copy_decompress_rle.obj (.text)
                  00003fc6    0000005a                           : ltoa.obj (.text)
                  00004020    00000058     driverlib-cm3.lib : sysctl.obj (.text:SysCtlPeripheralEnable)
                  00004078    0000004c     rtsv7M3_T_le_eabi.lib : atoi.obj (.text)
                  000040c4    00000048                           : fd_toi_t2.obj (.text)
                  0000410c    00000044     driverlib-cm3.lib : gpio.obj (.text:GPIOIntTypeSet)
                  00004150    00000044                       : ssi.obj (.text:SSIConfigSetExpClk)
                  00004194    00000044     rtsv7M3_T_le_eabi.lib : cpy_tbl.obj (.text)
                  000041d8    00000044                           : exit.obj (.text)
                  0000421c    00000044                           : xdtest.obj (.text)
                  00004260    00000038                           : fs_tod_t2.obj (.text)
                  00004298    00000034                           : boot.obj (.text)
                  000042cc    00000030                           : strncpy.obj (.text)
                  000042fc    0000002e     driverlib-cm3.lib : adc.obj (.text:ADCIntStatus)
                  0000432a    0000002e                       : gpio.obj (.text:GPIODirModeSet)
                  00004358    0000002e     rtsv7M3_T_le_eabi.lib : i_tofd_t2.obj (.text)
                  00004386    0000002a     driverlib-cm3.lib : adc.obj (.text:ADCSequenceConfigure)
                  000043b0    00000028     state.obj (.text)
                  000043d8    00000024     driverlib-cm3.lib : interrupt.obj (.text:IntPrioritySet)
                  000043fc    00000024                       : timer.obj (.text:TimerConfigure)
                  00004420    00000022     rtsv7M3_T_le_eabi.lib : memcmp.obj (.text)
                  00004442    00000020     driverlib-cm3.lib : adc.obj (.text:ADCSequenceDataGet)
                  00004462    0000001a     rtsv7M3_T_le_eabi.lib : memccpy.obj (.text)
                  0000447c    00000018                           : args_main.obj (.text)
                  00004494    00000018                           : ll_mul_t2.obj (.text)
                  000044ac    00000016     driverlib-cm3.lib : adc.obj (.text:ADCProcessorTrigger)
                  000044c2    00000002     --HOLE-- [fill = 0]
                  000044c4    00000014     rtsv7M3_T_le_eabi.lib : _lock.obj (.text)
                  000044d8    00000014                           : strlen.obj (.text)
                  000044ec    00000012     driverlib-cm3.lib : gpio.obj (.text:GPIOPinTypeADC)
                  000044fe    00000012                       : gpio.obj (.text:GPIOPinTypeGPIOOutput)
                  00004510    00000012                       : gpio.obj (.text:GPIOPinTypeSSI)
                  00004522    00000012                       : gpio.obj (.text:GPIOPinTypeTimer)
                  00004534    00000012                       : ssi.obj (.text:SSIDataGetNonBlocking)
                  00004546    00000012                       : timer.obj (.text:TimerControlEvent)
                  00004558    00000012                       : timer.obj (.text:TimerLoadSet)
                  0000456a    00000012     rtsv7M3_T_le_eabi.lib : copy_zero_init.obj (.text:decompress:ZI)
                  0000457c    0000000e     driverlib-cm3.lib : adc.obj (.text:ADCSequenceEnable)
                  0000458a    0000000e                       : timer.obj (.text:TimerEnable)
                  00004598    0000000e     rtsv7M3_T_le_eabi.lib : copy_decompress_none.obj (.text:decompress:none)
                  000045a6    0000000e                           : xdclass.obj (.text)
                  000045b4    0000000c     driverlib-cm3.lib : cpu.obj (.text:CPUcpsie)
                  000045c0    0000000c                       : gpio.obj (.text:GPIOPinIntEnable)
                  000045cc    0000000c                       : timer.obj (.text:TimerValueGet)
                  000045d8    0000000a                       : adc.obj (.text:ADCIntClear)
                  000045e2    0000000a                       : interrupt.obj (.text:IntMasterEnable)
                  000045ec    0000000a                       : ssi.obj (.text:SSIDataPut)
                  000045f6    0000000a                       : ssi.obj (.text:SSIDisable)
                  00004600    0000000a                       : ssi.obj (.text:SSIEnable)
                  0000460a    00000008                       : ssi.obj (.text:SSIBusy)
                  00004612    00000008                       : timer.obj (.text:TimerIntEnable)
                  0000461a    00000006                       : gpio.obj (.text:GPIOPinIntClear)
                  00004620    00000006                       : gpio.obj (.text:GPIOPinRead)
                  00004626    00000006                       : gpio.obj (.text:GPIOPinWrite)
                  0000462c    00000006                       : sysctl.obj (.text:SysCtlDelay)
                  00004632    00000006     rtsv7M3_T_le_eabi.lib : copy_decompress_rle.obj (.text:decompress:rle24)
                  00004638    00000004     driverlib-cm3.lib : timer.obj (.text:TimerIntClear)

.const     0    0000463c    0000050c     
                  0000463c    000001e0     rit128x96x4.obj (.const:g_pucFont)
                  0000481c    00000102     rtsv7M3_T_le_eabi.lib : ctype.obj (.const:.string:_ctypes_)
                  0000491e    00000002     heap_2.obj (.const)
                  00004920    0000009c     driverlib-cm3.lib : interrupt.obj (.const:g_pulRegs)
                  000049bc    00000070                       : interrupt.obj (.const)
                  00004a2c    0000006c                       : sysctl.obj (.const:g_pulXtals)
                  00004a98    0000004f     rit128x96x4.obj (.const:.string:g_pucRIT128x96x4Init)
                  00004ae7    00000001     --HOLE-- [fill = 0]
                  00004ae8    00000040     driverlib-cm3.lib : sysctl.obj (.const)
                  00004b28    00000014     tasks.obj (.const:.string)
                  00004b3c    0000000c     rit128x96x4.obj (.const:.string)

.cinit     0    00004b48    00000040     
                  00004b48    0000001c     (.cinit..data.load) [load image, compression = rle]
                  00004b64    0000000c     (__TI_handler_table)
                  00004b70    00000008     (.cinit..bss.load) [load image, compression = zero_init]
                  00004b78    00000010     (__TI_cinit_table)

.bss       0    20000000    000028fc     UNINITIALIZED
                  20000000    00002800     heap_2.obj (.bss:xHeap)
                  20002800    00000064     tasks.obj (.bss:pxReadyTasksLists)
                  20002864    00000014     (.common:xDelayedTaskList1)
                  20002878    00000014     (.common:xDelayedTaskList2)
                  2000288c    00000014     (.common:xPendingReadyList)
                  200028a0    00000014     (.common:xSuspendedTaskList)
                  200028b4    00000014     (.common:xTasksWaitingTermination)
                  200028c8    00000008     (.common:g_pucBuffer)
                  200028d0    00000008     (.common:xEnd)
                  200028d8    00000008     (.common:xStart)
                  200028e0    00000004     (.common:g_ulSSIFlags)
                  200028e4    00000004     (.common:lastTime)
                  200028e8    00000004     (.common:pxDelayedTaskList)
                  200028ec    00000004     (.common:pxOverflowDelayedTaskList)
                  200028f0    00000004     (.common:state)
                  200028f4    00000004     (.common:xADCQueue)
                  200028f8    00000004     (.common:xFrequencyQueue)

.stack     0    200028fc    00001000     UNINITIALIZED
                  200028fc    00001000     --HOLE--

.sysmem    0    20003900    00001000     UNINITIALIZED
                  20003900    00000008     rtsv7M3_T_le_eabi.lib : memory.obj (.sysmem)
                  20003908    00000ff8     --HOLE--

.data      0    20004900    00000050     UNINITIALIZED
                  20004900    00000030     tasks.obj (.data)
                  20004930    00000008     heap_2.obj (.data)
                  20004938    00000008     rtsv7M3_T_le_eabi.lib : _lock.obj (.data)
                  20004940    00000008                           : exit.obj (.data)
                  20004948    00000004     port.obj (.data)
                  2000494c    00000004     rtsv7M3_T_le_eabi.lib : stkdepth_vars.obj (.data)


LINKER GENERATED COPY TABLES

__TI_cinit_table @ 00004b78 records: 2, size/record: 8, table size: 16
	.data: load addr=00004b48, load size=0000001c bytes, run addr=20004900, run size=00000050 bytes, compression=rle
	.bss: load addr=00004b70, load size=00000008 bytes, run addr=20000000, run size=000028fc bytes, compression=zero_init


LINKER GENERATED HANDLER TABLE

__TI_handler_table @ 00004b64 records: 3, size/record: 4, table size: 12
	index: 0, handler: __TI_decompress_rle24
	index: 1, handler: __TI_decompress_none
	index: 2, handler: __TI_zero_init


GLOBAL SYMBOLS: SORTED ALPHABETICALLY BY Name 

address    name
--------   ----
000045d9   ADCIntClear
000042fd   ADCIntStatus
000044ad   ADCProcessorTrigger
00004387   ADCSequenceConfigure
00004443   ADCSequenceDataGet
0000457d   ADCSequenceEnable
00003e99   ADCSequenceStepConfigure
000041d9   C$$EXIT
000045b5   CPUcpsie
0000432b   GPIODirModeSet
0000410d   GPIOIntTypeSet
000039e9   GPIOPadConfigSet
0000461b   GPIOPinIntClear
000045c1   GPIOPinIntEnable
00004621   GPIOPinRead
000044ed   GPIOPinTypeADC
000044ff   GPIOPinTypeGPIOOutput
00004511   GPIOPinTypeSSI
00004523   GPIOPinTypeTimer
00004627   GPIOPinWrite
00003f05   IntEnable
000045e3   IntMasterEnable
000043d9   IntPrioritySet
0000233d   RIT128x96x4Clear
000025bb   RIT128x96x4Disable
0000270d   RIT128x96x4DisplayOff
000026d9   RIT128x96x4DisplayOn
00002561   RIT128x96x4Enable
000024d9   RIT128x96x4ImageDraw
00002635   RIT128x96x4Init
00002399   RIT128x96x4StringDraw
000032fd   ResetISR
UNDEFED    SHT$$INIT_ARRAY$$Base
UNDEFED    SHT$$INIT_ARRAY$$Limit
0000460b   SSIBusy
00004151   SSIConfigSetExpClk
00004535   SSIDataGetNonBlocking
000045ed   SSIDataPut
000045f7   SSIDisable
00004601   SSIEnable
00002db1   SysCtlClockGet
00003461   SysCtlClockSet
0000462d   SysCtlDelay
00004021   SysCtlPeripheralEnable
000043fd   TimerConfigure
00004547   TimerControlEvent
0000458b   TimerEnable
00004639   TimerIntClear
00004613   TimerIntEnable
00004559   TimerLoadSet
000045cd   TimerValueGet
000045a7   _Dclass
0000421d   _Dtest
200038fc   __STACK_END
00001000   __STACK_SIZE
200029fc   __STACK_TOP
00001000   __SYSMEM_SIZE
00004b78   __TI_CINIT_Base
00004b88   __TI_CINIT_Limit
00004b64   __TI_Handler_Table_Base
00004b70   __TI_Handler_Table_Limit
00000001   __TI_args_main
00003c81   __TI_auto_init
20004940   __TI_cleanup_ptr
00004599   __TI_decompress_none
00004633   __TI_decompress_rle24
20004944   __TI_dtors_ptr
00000ca3   __TI_printfi
00000000   __TI_static_base__
0000456b   __TI_zero_init
00003d15   __aeabi_cdcmpeq
00003d15   __aeabi_cdcmple
00003d9b   __aeabi_cdrcmple
000040c5   __aeabi_d2iz
0000314f   __aeabi_dadd
000035a5   __aeabi_ddiv
00003809   __aeabi_dmul
00003145   __aeabi_dsub
00004261   __aeabi_f2d
00004359   __aeabi_i2d
00004495   __aeabi_lmul
00003e21   __aeabi_memclr
00003e21   __aeabi_memclr4
00003e21   __aeabi_memclr8
00003b4d   __aeabi_memcpy
00003b4d   __aeabi_memcpy4
00003b4d   __aeabi_memcpy8
00003e23   __aeabi_memset
00003e23   __aeabi_memset4
00003e23   __aeabi_memset8
00002bbd   __aeabi_uldivmod
ffffffff   __binit__
ffffffff   __c_args__
200028fc   __stack
0000447d   _args_main
00004299   _c_int00
0000481c   _ctypes_
20004938   _lock
000044d3   _nop
000044cb   _register_lock
000044c5   _register_unlock
20003900   _sys_memory
2000493c   _unlock
000041dd   abort
00004079   atoi
ffffffff   binit
000043bf   changeState
00004195   copy_in
000041e5   exit
00000000   g_pfnVectors
000043b9   getState
000029b5   initADC
00002a47   initADCTimer
00002a11   initButtons
00002a9b   initFrequencyTimer
000043b1   initialiseState
200028e4   lastTime
00003fc7   ltoa
00002b07   main
2000494c   main_func_sp
00004463   memccpy
00004421   memcmp
00003b4d   memcpy
00003e29   memset
000027d1   printADC
0000289f   printAmplitude
000028b1   printDutyCycle
00002833   printFrequency
00002873   printPeriod
00002779   printStatus
000028c3   printTitles
00002f89   pvPortMalloc
20004900   pxCurrentTCB
00003905   pxPortInitialiseStack
0000275d   receiveFromQueue
00002745   screenDrawTask
00003be9   snprintf
200028f0   state
000044d9   strlen
000042cd   strncpy
0000203b   uxQueueMessagesWaiting
00002051   uxQueueMessagesWaitingFromISR
00001635   uxTaskGetNumberOfTasks
0000123d   uxTaskPriorityGet
00002b69   vApplicationIdleHook
00002b5d   vApplicationMallocFailedHook
00002b5f   vApplicationStackOverflowHook
00002b6b   vApplicationTickHook
000036db   vListInitialise
0000370b   vListInitialiseItem
0000375f   vListInsert
0000371b   vListInsertEnd
000037c5   vListRemove
00003afd   vPortClearInterruptMask
00003b3b   vPortEnableVFP
00003975   vPortEndScheduler
00003981   vPortEnterCritical
00003991   vPortExitCritical
000030bb   vPortFree
00003123   vPortInitialiseBlocks
00003b0b   vPortSVCHandler
00003aef   vPortSetInterruptMask
00003b29   vPortStartFirstTask
00003977   vPortYieldFromISR
00002063   vQueueDelete
000011d9   vTaskDelay
00001129   vTaskDelayUntil
000010c1   vTaskDelete
00001535   vTaskEndScheduler
00001645   vTaskIncrementTick
00001949   vTaskMissedYield
000017ad   vTaskPlaceOnEventList
00001b8f   vTaskPriorityDisinherit
00001b05   vTaskPriorityInherit
00001279   vTaskPrioritySet
00001409   vTaskResume
000018ab   vTaskSetTimeOutState
000014eb   vTaskStartScheduler
00001361   vTaskSuspend
00001547   vTaskSuspendAll
000016ed   vTaskSwitchContext
200028f4   xADCQueue
200028f8   xFrequencyQueue
0000311d   xPortGetFreeHeapSize
00003ab5   xPortPendSVHandler
0000394d   xPortStartScheduler
000039a7   xPortSysTickHandler
00001c21   xQueueCreate
00001d2f   xQueueCreateCountingSemaphore
00001cc7   xQueueCreateMutex
00001e9f   xQueueGenericReceive
00001d4d   xQueueGenericSend
00001e35   xQueueGenericSendFromISR
000021dd   xQueueIsQueueEmptyFromISR
00002217   xQueueIsQueueFullFromISR
00001fd3   xQueueReceiveFromISR
000018d1   xTaskCheckForTimeOut
00000fad   xTaskGenericCreate
00001af1   xTaskGetCurrentTaskHandle
00001621   xTaskGetTickCount
000013b9   xTaskIsTaskSuspended
0000182d   xTaskRemoveFromEventList
00001551   xTaskResumeAll
00001479   xTaskResumeFromISR


GLOBAL SYMBOLS: SORTED BY Symbol Address 

address    name
--------   ----
00000000   __TI_static_base__
00000000   g_pfnVectors
00000001   __TI_args_main
00000ca3   __TI_printfi
00000fad   xTaskGenericCreate
00001000   __STACK_SIZE
00001000   __SYSMEM_SIZE
000010c1   vTaskDelete
00001129   vTaskDelayUntil
000011d9   vTaskDelay
0000123d   uxTaskPriorityGet
00001279   vTaskPrioritySet
00001361   vTaskSuspend
000013b9   xTaskIsTaskSuspended
00001409   vTaskResume
00001479   xTaskResumeFromISR
000014eb   vTaskStartScheduler
00001535   vTaskEndScheduler
00001547   vTaskSuspendAll
00001551   xTaskResumeAll
00001621   xTaskGetTickCount
00001635   uxTaskGetNumberOfTasks
00001645   vTaskIncrementTick
000016ed   vTaskSwitchContext
000017ad   vTaskPlaceOnEventList
0000182d   xTaskRemoveFromEventList
000018ab   vTaskSetTimeOutState
000018d1   xTaskCheckForTimeOut
00001949   vTaskMissedYield
00001af1   xTaskGetCurrentTaskHandle
00001b05   vTaskPriorityInherit
00001b8f   vTaskPriorityDisinherit
00001c21   xQueueCreate
00001cc7   xQueueCreateMutex
00001d2f   xQueueCreateCountingSemaphore
00001d4d   xQueueGenericSend
00001e35   xQueueGenericSendFromISR
00001e9f   xQueueGenericReceive
00001fd3   xQueueReceiveFromISR
0000203b   uxQueueMessagesWaiting
00002051   uxQueueMessagesWaitingFromISR
00002063   vQueueDelete
000021dd   xQueueIsQueueEmptyFromISR
00002217   xQueueIsQueueFullFromISR
0000233d   RIT128x96x4Clear
00002399   RIT128x96x4StringDraw
000024d9   RIT128x96x4ImageDraw
00002561   RIT128x96x4Enable
000025bb   RIT128x96x4Disable
00002635   RIT128x96x4Init
000026d9   RIT128x96x4DisplayOn
0000270d   RIT128x96x4DisplayOff
00002745   screenDrawTask
0000275d   receiveFromQueue
00002779   printStatus
000027d1   printADC
00002833   printFrequency
00002873   printPeriod
0000289f   printAmplitude
000028b1   printDutyCycle
000028c3   printTitles
000029b5   initADC
00002a11   initButtons
00002a47   initADCTimer
00002a9b   initFrequencyTimer
00002b07   main
00002b5d   vApplicationMallocFailedHook
00002b5f   vApplicationStackOverflowHook
00002b69   vApplicationIdleHook
00002b6b   vApplicationTickHook
00002bbd   __aeabi_uldivmod
00002db1   SysCtlClockGet
00002f89   pvPortMalloc
000030bb   vPortFree
0000311d   xPortGetFreeHeapSize
00003123   vPortInitialiseBlocks
00003145   __aeabi_dsub
0000314f   __aeabi_dadd
000032fd   ResetISR
00003461   SysCtlClockSet
000035a5   __aeabi_ddiv
000036db   vListInitialise
0000370b   vListInitialiseItem
0000371b   vListInsertEnd
0000375f   vListInsert
000037c5   vListRemove
00003809   __aeabi_dmul
00003905   pxPortInitialiseStack
0000394d   xPortStartScheduler
00003975   vPortEndScheduler
00003977   vPortYieldFromISR
00003981   vPortEnterCritical
00003991   vPortExitCritical
000039a7   xPortSysTickHandler
000039e9   GPIOPadConfigSet
00003ab5   xPortPendSVHandler
00003aef   vPortSetInterruptMask
00003afd   vPortClearInterruptMask
00003b0b   vPortSVCHandler
00003b29   vPortStartFirstTask
00003b3b   vPortEnableVFP
00003b4d   __aeabi_memcpy
00003b4d   __aeabi_memcpy4
00003b4d   __aeabi_memcpy8
00003b4d   memcpy
00003be9   snprintf
00003c81   __TI_auto_init
00003d15   __aeabi_cdcmpeq
00003d15   __aeabi_cdcmple
00003d9b   __aeabi_cdrcmple
00003e21   __aeabi_memclr
00003e21   __aeabi_memclr4
00003e21   __aeabi_memclr8
00003e23   __aeabi_memset
00003e23   __aeabi_memset4
00003e23   __aeabi_memset8
00003e29   memset
00003e99   ADCSequenceStepConfigure
00003f05   IntEnable
00003fc7   ltoa
00004021   SysCtlPeripheralEnable
00004079   atoi
000040c5   __aeabi_d2iz
0000410d   GPIOIntTypeSet
00004151   SSIConfigSetExpClk
00004195   copy_in
000041d9   C$$EXIT
000041dd   abort
000041e5   exit
0000421d   _Dtest
00004261   __aeabi_f2d
00004299   _c_int00
000042cd   strncpy
000042fd   ADCIntStatus
0000432b   GPIODirModeSet
00004359   __aeabi_i2d
00004387   ADCSequenceConfigure
000043b1   initialiseState
000043b9   getState
000043bf   changeState
000043d9   IntPrioritySet
000043fd   TimerConfigure
00004421   memcmp
00004443   ADCSequenceDataGet
00004463   memccpy
0000447d   _args_main
00004495   __aeabi_lmul
000044ad   ADCProcessorTrigger
000044c5   _register_unlock
000044cb   _register_lock
000044d3   _nop
000044d9   strlen
000044ed   GPIOPinTypeADC
000044ff   GPIOPinTypeGPIOOutput
00004511   GPIOPinTypeSSI
00004523   GPIOPinTypeTimer
00004535   SSIDataGetNonBlocking
00004547   TimerControlEvent
00004559   TimerLoadSet
0000456b   __TI_zero_init
0000457d   ADCSequenceEnable
0000458b   TimerEnable
00004599   __TI_decompress_none
000045a7   _Dclass
000045b5   CPUcpsie
000045c1   GPIOPinIntEnable
000045cd   TimerValueGet
000045d9   ADCIntClear
000045e3   IntMasterEnable
000045ed   SSIDataPut
000045f7   SSIDisable
00004601   SSIEnable
0000460b   SSIBusy
00004613   TimerIntEnable
0000461b   GPIOPinIntClear
00004621   GPIOPinRead
00004627   GPIOPinWrite
0000462d   SysCtlDelay
00004633   __TI_decompress_rle24
00004639   TimerIntClear
0000481c   _ctypes_
00004b64   __TI_Handler_Table_Base
00004b70   __TI_Handler_Table_Limit
00004b78   __TI_CINIT_Base
00004b88   __TI_CINIT_Limit
200028e4   lastTime
200028f0   state
200028f4   xADCQueue
200028f8   xFrequencyQueue
200028fc   __stack
200029fc   __STACK_TOP
200038fc   __STACK_END
20003900   _sys_memory
20004900   pxCurrentTCB
20004938   _lock
2000493c   _unlock
20004940   __TI_cleanup_ptr
20004944   __TI_dtors_ptr
2000494c   main_func_sp
ffffffff   __binit__
ffffffff   __c_args__
ffffffff   binit
UNDEFED    SHT$$INIT_ARRAY$$Base
UNDEFED    SHT$$INIT_ARRAY$$Limit

[204 symbols]
