******************************************************************************
                  TI ARM Linker PC v15.12.1                    
******************************************************************************
>> Linked Mon Aug 08 19:09:38 2016

OUTPUT FILE NAME:   <FRT.out>
ENTRY POINT SYMBOL: "_c_int00"  address: 00010779


MEMORY CONFIGURATION

         name            origin    length      used     unused   attr    fill
----------------------  --------  ---------  --------  --------  ----  --------
  FLASH                 00000000   00040000  00010b0a  0002f4f6  R  X
  SRAM                  20000000   00010000  0000496c  0000b694  RW X


SEGMENT ALLOCATION MAP

run origin  load origin   length   init length attrs members
----------  ----------- ---------- ----------- ----- -------
00000000    00000000    00010b0c   00010b0c    r-x
  00000000    00000000    000000f0   000000f0    r-- .intvecs
  000000f0    000000f0    0000c032   0000c032    r-- .const
  0000c124    0000c124    0000499c   0000499c    r-x .text
  00010ac0    00010ac0    0000004c   0000004c    r-- .cinit
20000000    20000000    0000496c   00000000    rw-
  20000000    20000000    00002910   00000000    rw- .bss
  20002910    20002910    00001000   00000000    rw- .stack
  20003910    20003910    00001000   00000000    rw- .sysmem
  20004910    20004910    0000005c   00000000    rw- .data


SECTION ALLOCATION MAP

 output                                  attributes/
section   page    origin      length       input sections
--------  ----  ----------  ----------   ----------------
.intvecs   0    00000000    000000f0     
                  00000000    000000f0     startup_ccs.obj (.intvecs)

.const     0    000000f0    0000c032     
                  000000f0    0000bb85     screenDrawTask.obj (.const:.string:g_pucPCMData)
                  0000bc75    000001e0     rit128x96x4.obj (.const:g_pucFont)
                  0000be55    00000101     rtsv7M3_T_le_eabi.lib : ctype.obj (.const:.string:_ctypes_)
                  0000bf56    000000b2     screenDrawTask.obj (.const:g_pusADPCMStep)
                  0000c008    0000006c     driverlib-cm3.lib : sysctl.obj (.const:g_pulXtals)
                  0000c074    0000004f     rit128x96x4.obj (.const:.string:g_pucRIT128x96x4Init)
                  0000c0c3    00000014     tasks.obj (.const:.string:ucExpectedStackBytes$1)
                  0000c0d7    00000001     --HOLE-- [fill = 0]
                  0000c0d8    00000014     driverlib-cm3.lib : interrupt.obj (.const:g_pulDisRegs)
                  0000c0ec    00000014                       : interrupt.obj (.const:g_pulEnRegs)
                  0000c100    0000000c                       : sysctl.obj (.const:g_pulRCGCRegs)
                  0000c10c    00000008     screenDrawTask.obj (.const:.string:g_pcADPCMIndex)
                  0000c114    00000003     rit128x96x4.obj (.const:.string:pucCommand1$1)
                  0000c117    00000003     rit128x96x4.obj (.const:.string:pucCommand2$2)
                  0000c11a    00000002     rit128x96x4.obj (.const:.string:g_pucRIT128x96x4HorizontalInc)
                  0000c11c    00000002     rit128x96x4.obj (.const:.string:g_pucRIT128x96x4VerticalInc)
                  0000c11e    00000002     rit128x96x4.obj (.const:.string:pucCommand1$3)
                  0000c120    00000002     heap_2.obj (.const)

.text      0    0000c124    0000499c     
                  0000c124    000010f0     rtsv7M3_T_le_eabi.lib : _printfi.obj (.text)
                  0000d214    00000c74     tasks.obj (.text)
                  0000de88    0000077c     screenDrawTask.obj (.text)
                  0000e604    00000614     queue.obj (.text)
                  0000ec18    00000510     rit128x96x4.obj (.text)
                  0000f128    000001f4     rtsv7M3_T_le_eabi.lib : ull_div_t2.obj (.text)
                  0000f31c    000001bc     heap_2.obj (.text)
                  0000f4d8    000001b6     rtsv7M3_T_le_eabi.lib : fd_add_t2.obj (.text)
                  0000f68e    00000002                           : mpu_init.obj (.text)
                  0000f690    00000184     driverlib-cm3.lib : sysctl.obj (.text:SysCtlClockGet)
                  0000f814    00000136     rtsv7M3_T_le_eabi.lib : fd_div_t2.obj (.text)
                  0000f94a    00000002                           : startup.obj (.text)
                  0000f94c    00000134     driverlib-cm3.lib : sysctl.obj (.text:SysCtlClockSet)
                  0000fa80    0000012e     list.obj (.text)
                  0000fbae    000000fc     rtsv7M3_T_le_eabi.lib : fd_mul_t2.obj (.text)
                  0000fcaa    00000002     --HOLE-- [fill = 0]
                  0000fcac    000000e4     port.obj (.text)
                  0000fd90    000000d0     rtsv7M3_T_le_eabi.lib : s_scalbn.obj (.text)
                  0000fe60    000000ba     driverlib-cm3.lib : gpio.obj (.text:GPIOPadConfigSet)
                  0000ff1a    00000002     --HOLE-- [fill = 0]
                  0000ff1c    0000009c     main.obj (.text)
                  0000ffb8    0000009c     portasm.obj (.text)
                  00010054    0000009c     rtsv7M3_T_le_eabi.lib : memcpy_t2.obj (.text)
                  000100f0    00000086                           : fd_cmp_t2.obj (.text:__aeabi_cdcmple)
                  00010176    00000086                           : fd_cmp_t2.obj (.text:__aeabi_cdrcmple)
                  000101fc    0000007a                           : memset_t2.obj (.text)
                  00010276    00000002     --HOLE-- [fill = 0]
                  00010278    00000070                           : autoinit.obj (.text)
                  000102e8    0000006c     driverlib-cm3.lib : adc.obj (.text:ADCSequenceStepConfigure)
                  00010354    0000006a     rtsv7M3_T_le_eabi.lib : copy_decompress_rle.obj (.text)
                  000103be    00000002     --HOLE-- [fill = 0]
                  000103c0    00000068     driverlib-cm3.lib : interrupt.obj (.text:IntDisable)
                  00010428    00000068                       : interrupt.obj (.text:IntEnable)
                  00010490    00000060     rtsv7M3_T_le_eabi.lib : sprintf.obj (.text)
                  000104f0    0000005c     driverlib-cm3.lib : sysctl.obj (.text:SysCtlPeripheralEnable)
                  0001054c    0000005c     rtsv7M3_T_le_eabi.lib : s_frexp.obj (.text)
                  000105a8    00000056                           : ltoa.obj (.text)
                  000105fe    00000002     --HOLE-- [fill = 0]
                  00010600    00000054                           : exit.obj (.text)
                  00010654    0000004c                           : atoi.obj (.text)
                  000106a0    0000004c                           : cpy_tbl.obj (.text)
                  000106ec    00000048                           : fd_toi_t2.obj (.text)
                  00010734    00000042     driverlib-cm3.lib : ssi.obj (.text:SSIConfigSetExpClk)
                  00010776    00000002     --HOLE-- [fill = 0]
                  00010778    00000040     rtsv7M3_T_le_eabi.lib : boot.obj (.text)
                  000107b8    00000030                           : strncpy.obj (.text)
                  000107e8    0000002e                           : i_tofd_t2.obj (.text)
                  00010816    0000002c     driverlib-cm3.lib : adc.obj (.text:ADCIntStatus)
                  00010842    0000002a                       : adc.obj (.text:ADCSequenceConfigure)
                  0001086c    0000002a                       : gpio.obj (.text:GPIODirModeSet)
                  00010896    00000022                       : pwm.obj (.text:PWMGenConfigure)
                  000108b8    00000022     rtsv7M3_T_le_eabi.lib : memcmp.obj (.text)
                  000108da    0000001e     driverlib-cm3.lib : adc.obj (.text:ADCSequenceDataGet)
                  000108f8    0000001e                       : pwm.obj (.text:PWMPulseWidthSet)
                  00010916    0000001a                       : adc.obj (.text:ADCProcessorTrigger)
                  00010930    0000001a     rtsv7M3_T_le_eabi.lib : memccpy.obj (.text)
                  0001094a    00000002     --HOLE-- [fill = 0]
                  0001094c    00000018                           : args_main.obj (.text)
                  00010964    00000016                           : strchr.obj (.text)
                  0001097a    00000002     --HOLE-- [fill = 0]
                  0001097c    00000014                           : _lock.obj (.text)
                  00010990    00000014                           : strlen.obj (.text)
                  000109a4    00000012     driverlib-cm3.lib : gpio.obj (.text:GPIOPinTypeADC)
                  000109b6    00000012                       : gpio.obj (.text:GPIOPinTypeGPIOOutput)
                  000109c8    00000012                       : gpio.obj (.text:GPIOPinTypePWM)
                  000109da    00000012                       : gpio.obj (.text:GPIOPinTypeSSI)
                  000109ec    00000012                       : pwm.obj (.text:PWMOutputState)
                  000109fe    00000012                       : ssi.obj (.text:SSIDataGetNonBlocking)
                  00010a10    00000010                       : pwm.obj (.text:PWMDeadBandEnable)
                  00010a20    00000010                       : pwm.obj (.text:PWMGenPeriodSet)
                  00010a30    0000000e                       : adc.obj (.text:ADCSequenceEnable)
                  00010a3e    0000000e     rtsv7M3_T_le_eabi.lib : copy_decompress_none.obj (.text:decompress:none)
                  00010a4c    0000000c     startup_ccs.obj (.text)
                  00010a58    0000000a     driverlib-cm3.lib : adc.obj (.text:ADCIntClear)
                  00010a62    0000000a                       : pwm.obj (.text:PWMGenEnable)
                  00010a6c    0000000a                       : pwm.obj (.text:PWMGenIntTrigEnable)
                  00010a76    0000000a                       : ssi.obj (.text:SSIDataPut)
                  00010a80    0000000a                       : ssi.obj (.text:SSIDisable)
                  00010a8a    0000000a                       : ssi.obj (.text:SSIEnable)
                  00010a94    00000008                       : ssi.obj (.text:SSIBusy)
                  00010a9c    00000008     rtsv7M3_T_le_eabi.lib : s_copysign.obj (.text)
                  00010aa4    00000006     driverlib-cm3.lib : gpio.obj (.text:GPIOPinWrite)
                  00010aaa    00000006                       : pwm.obj (.text:PWMGenIntClear)
                  00010ab0    00000006                       : sysctl.obj (.text:SysCtlDelay)
                  00010ab6    00000006     rtsv7M3_T_le_eabi.lib : copy_decompress_rle.obj (.text:decompress:rle24)
                  00010abc    00000004                           : pre_init.obj (.text)

.cinit     0    00010ac0    0000004c     
                  00010ac0    00000023     (.cinit..data.load) [load image, compression = rle]
                  00010ae3    00000005     --HOLE-- [fill = 0]
                  00010ae8    0000000b     (.cinit..bss.load) [load image, compression = rle]
                  00010af3    00000001     --HOLE-- [fill = 0]
                  00010af4    00000008     (__TI_handler_table)
                  00010afc    00000010     (__TI_cinit_table)

.bss       0    20000000    00002910     UNINITIALIZED
                  20000000    00002800     heap_2.obj (.bss:xHeap)
                  20002800    00000064     tasks.obj (.bss:pxReadyTasksLists)
                  20002864    00000018     screenDrawTask.obj (.bss)
                  2000287c    00000014     tasks.obj (.bss:xDelayedTaskList1)
                  20002890    00000014     tasks.obj (.bss:xDelayedTaskList2)
                  200028a4    00000014     tasks.obj (.bss:xPendingReadyList)
                  200028b8    00000014     tasks.obj (.bss:xSuspendedTaskList)
                  200028cc    00000014     tasks.obj (.bss:xTasksWaitingTermination)
                  200028e0    00000008     rit128x96x4.obj (.bss:g_pucBuffer)
                  200028e8    00000008     tasks.obj (.bss)
                  200028f0    00000008     heap_2.obj (.bss:xEnd)
                  200028f8    00000008     heap_2.obj (.bss:xStart)
                  20002900    00000004     screenDrawTask.obj (.bss:g_pusClassDSamples)
                  20002904    00000004     rit128x96x4.obj (.bss)
                  20002908    00000004     (.common:xADCQueue0)
                  2000290c    00000004     (.common:xADCQueue1)

.stack     0    20002910    00001000     UNINITIALIZED
                  20002910    00001000     --HOLE--

.sysmem    0    20003910    00001000     UNINITIALIZED
                  20003910    00000008     rtsv7M3_T_le_eabi.lib : memory.obj (.sysmem)
                  20003918    00000ff8     --HOLE--

.data      0    20004910    0000005c     UNINITIALIZED
                  20004910    00000030     tasks.obj (.data)
                  20004940    0000000c     rtsv7M3_T_le_eabi.lib : exit.obj (.data:$O1$$)
                  2000494c    00000008                           : _lock.obj (.data:$O1$$)
                  20004954    00000008     heap_2.obj (.data)
                  2000495c    00000004     port.obj (.data)
                  20004960    00000004     rtsv7M3_T_le_eabi.lib : errno.obj (.data)
                  20004964    00000004                           : stkdepth_vars.obj (.data)
                  20004968    00000004     screenDrawTask.obj (.data)

MODULE SUMMARY

       Module                     code    ro data   rw data
       ------                     ----    -------   -------
    .\
       screenDrawTask.obj         1916    48191     32     
       tasks.obj                  3188    20        256    
       rit128x96x4.obj            1296    571       12     
       queue.obj                  1556    0         0      
       list.obj                   302     0         0      
       startup_ccs.obj            12      240       0      
       main.obj                   156     0         8      
    +--+--------------------------+-------+---------+---------+
       Total:                     8426    49022     308    
                                                           
    .\portable\
       heap_2.obj                 444     2         10264  
       port.obj                   228     0         4      
       portasm.obj                156     0         0      
    +--+--------------------------+-------+---------+---------+
       Total:                     828     2         10268  
                                                           
    C:/StellarisWare/driverlib/ccs-cm3/Debug/driverlib-cm3.lib
       sysctl.obj                 794     120       0      
       gpio.obj                   306     0         0      
       adc.obj                    274     0         0      
       interrupt.obj              208     40        0      
       pwm.obj                    140     0         0      
       ssi.obj                    122     0         0      
    +--+--------------------------+-------+---------+---------+
       Total:                     1844    160       0      
                                                           
    C:\ti\ccsv6\tools\compiler\ti-cgt-arm_15.12.1.LTS\lib\rtsv7M3_T_le_eabi.lib
       _printfi.obj               4336    0         0      
       ull_div_t2.obj             500     0         0      
       fd_add_t2.obj              438     0         0      
       fd_div_t2.obj              310     0         0      
       fd_cmp_t2.obj              268     0         0      
       ctype.obj                  0       257       0      
       fd_mul_t2.obj              252     0         0      
       s_scalbn.obj               208     0         0      
       memcpy_t2.obj              156     0         0      
       memset_t2.obj              122     0         0      
       autoinit.obj               112     0         0      
       copy_decompress_rle.obj    112     0         0      
       exit.obj                   84      0         12     
       sprintf.obj                96      0         0      
       s_frexp.obj                92      0         0      
       ltoa.obj                   86      0         0      
       atoi.obj                   76      0         0      
       cpy_tbl.obj                76      0         0      
       fd_toi_t2.obj              72      0         0      
       boot.obj                   64      0         0      
       strncpy.obj                48      0         0      
       i_tofd_t2.obj              46      0         0      
       memcmp.obj                 34      0         0      
       _lock.obj                  20      0         8      
       memccpy.obj                26      0         0      
       args_main.obj              24      0         0      
       strchr.obj                 22      0         0      
       strlen.obj                 20      0         0      
       copy_decompress_none.obj   14      0         0      
       s_copysign.obj             8       0         0      
       errno.obj                  0       0         4      
       pre_init.obj               4       0         0      
       stkdepth_vars.obj          0       0         4      
       mpu_init.obj               2       0         0      
       startup.obj                2       0         0      
    +--+--------------------------+-------+---------+---------+
       Total:                     7730    257       28     
                                                           
       Heap:                      0       0         4096   
       Stack:                     0       0         4096   
       Linker Generated:          0       70        0      
    +--+--------------------------+-------+---------+---------+
       Grand Total:               18828   49511     18796  


LINKER GENERATED COPY TABLES

__TI_cinit_table @ 00010afc records: 2, size/record: 8, table size: 16
	.data: load addr=00010ac0, load size=00000023 bytes, run addr=20004910, run size=0000005c bytes, compression=rle
	.bss: load addr=00010ae8, load size=0000000b bytes, run addr=20000000, run size=00002910 bytes, compression=rle


LINKER GENERATED HANDLER TABLE

__TI_handler_table @ 00010af4 records: 2, size/record: 4, table size: 8
	index: 0, handler: __TI_decompress_rle24
	index: 1, handler: __TI_decompress_none


GLOBAL SYMBOLS: SORTED ALPHABETICALLY BY Name 

address   name                           
-------   ----                           
00010a59  ADCIntClear                    
00010817  ADCIntStatus                   
00010917  ADCProcessorTrigger            
00010843  ADCSequenceConfigure           
000108db  ADCSequenceDataGet             
00010a31  ADCSequenceEnable              
000102e9  ADCSequenceStepConfigure       
00010601  C$$EXIT                        
0000e301  ClassDBusy                     
0000e165  ClassDInit                     
0000de89  ClassDPWMHandler               
0000e281  ClassDPlayADPCM                
0000e1f9  ClassDPlayPCM                  
0000e315  ClassDStop                     
0000e3a9  ClassDVolumeDown               
0000e371  ClassDVolumeSet                
0000e381  ClassDVolumeUp                 
0001086d  GPIODirModeSet                 
0000fe61  GPIOPadConfigSet               
000109a5  GPIOPinTypeADC                 
000109b7  GPIOPinTypeGPIOOutput          
000109c9  GPIOPinTypePWM                 
000109db  GPIOPinTypeSSI                 
00010aa5  GPIOPinWrite                   
000103c1  IntDisable                     
00010429  IntEnable                      
00010a11  PWMDeadBandEnable              
00010897  PWMGenConfigure                
00010a63  PWMGenEnable                   
00010aab  PWMGenIntClear                 
00010a6d  PWMGenIntTrigEnable            
00010a21  PWMGenPeriodSet                
000109ed  PWMOutputState                 
000108f9  PWMPulseWidthSet               
0000ed21  RIT128x96x4Clear               
0000ef9f  RIT128x96x4Disable             
0000f0f1  RIT128x96x4DisplayOff          
0000f0bd  RIT128x96x4DisplayOn           
0000ef45  RIT128x96x4Enable              
0000eebd  RIT128x96x4ImageDraw           
0000f019  RIT128x96x4Init                
0000ed7d  RIT128x96x4StringDraw          
00010a4d  ResetISR                       
UNDEFED   SHT$$INIT_ARRAY$$Base          
UNDEFED   SHT$$INIT_ARRAY$$Limit         
00010a95  SSIBusy                        
00010735  SSIConfigSetExpClk             
000109ff  SSIDataGetNonBlocking          
00010a77  SSIDataPut                     
00010a81  SSIDisable                     
00010a8b  SSIEnable                      
0000f691  SysCtlClockGet                 
0000f94d  SysCtlClockSet                 
00010ab1  SysCtlDelay                    
000104f1  SysCtlPeripheralEnable         
20003910  __STACK_END                    
00001000  __STACK_SIZE                   
20002a10  __STACK_TOP                    
00001000  __SYSMEM_SIZE                  
00010afc  __TI_CINIT_Base                
00010b0c  __TI_CINIT_Limit               
00010af4  __TI_Handler_Table_Base        
00010afc  __TI_Handler_Table_Limit       
00010279  __TI_auto_init                 
20004940  __TI_cleanup_ptr               
00010a3f  __TI_decompress_none           
00010ab7  __TI_decompress_rle24          
20004944  __TI_dtors_ptr                 
20004948  __TI_enable_exit_profile_output
ffffffff  __TI_pprof_out_hndl            
0000cf0f  __TI_printfi                   
ffffffff  __TI_prof_data_size            
ffffffff  __TI_prof_data_start           
00000000  __TI_static_base__             
000100f1  __aeabi_cdcmpeq                
000100f1  __aeabi_cdcmple                
00010177  __aeabi_cdrcmple               
000106ed  __aeabi_d2iz                   
0000f4e3  __aeabi_dadd                   
0000f815  __aeabi_ddiv                   
0000fbaf  __aeabi_dmul                   
0000f4d9  __aeabi_dsub                   
000107e9  __aeabi_i2d                    
000101fd  __aeabi_memclr                 
000101fd  __aeabi_memclr4                
000101fd  __aeabi_memclr8                
00010055  __aeabi_memcpy                 
00010055  __aeabi_memcpy4                
00010055  __aeabi_memcpy8                
000101ff  __aeabi_memset                 
000101ff  __aeabi_memset4                
000101ff  __aeabi_memset8                
0000f129  __aeabi_uldivmod               
ffffffff  __binit__                      
ffffffff  __c_args__                     
0000f68f  __mpu_init                     
20002910  __stack                        
0001094d  _args_main                     
00010779  _c_int00                       
0000be55  _ctypes_                       
2000494c  _lock                          
0001098b  _nop                           
00010983  _register_lock                 
0001097d  _register_unlock               
20003910  _sys_memory                    
0000f94b  _system_post_cinit             
00010abd  _system_pre_init               
20004950  _unlock                        
00010605  abort                          
00010655  atoi                           
ffffffff  binit                          
000106a1  copy_in                        
00010a9d  copysign                       
00010a9d  copysignl                      
20004960  errno                          
0001060d  exit                           
0001054d  frexp                          
0001054d  frexpl                         
00000000  g_pfnVectors                   
000000f0  g_pucPCMData                   
0000e4c1  initialiseADC                  
0000fd91  ldexp                          
0000fd91  ldexpl                         
000105a9  ltoa                           
0000ff1d  main                           
20004964  main_func_sp                   
0000e455  makeNoiseTask                  
00010931  memccpy                        
000108b9  memcmp                         
00010055  memcpy                         
00010205  memset                         
0000e521  pollADCTask                    
0000f31d  pvPortMalloc                   
20004910  pxCurrentTCB                   
0000fcad  pxPortInitialiseStack          
0000e57d  queueTestTask                  
0000fd91  scalbn                         
0000fd91  scalbnl                        
0000e3d5  screenDrawTask                 
00010491  sprintf                        
00010965  strchr                         
00010991  strlen                         
000107b9  strncpy                        
0000ea1f  uxQueueMessagesWaiting         
0000ea35  uxQueueMessagesWaitingFromISR  
0000d89d  uxTaskGetNumberOfTasks         
0000d4a5  uxTaskPriorityGet              
0000ff8f  vApplicationIdleHook           
0000ff83  vApplicationMallocFailedHook   
0000ff85  vApplicationStackOverflowHook  
0000ff91  vApplicationTickHook           
0000fa81  vListInitialise                
0000fab1  vListInitialiseItem            
0000fb05  vListInsert                    
0000fac1  vListInsertEnd                 
0000fb6b  vListRemove                    
00010005  vPortClearInterruptMask        
00010043  vPortEnableVFP                 
0000fd1d  vPortEndScheduler              
0000fd29  vPortEnterCritical             
0000fd39  vPortExitCritical              
0000f44f  vPortFree                      
0000f4b7  vPortInitialiseBlocks          
00010013  vPortSVCHandler                
0000fff7  vPortSetInterruptMask          
00010031  vPortStartFirstTask            
0000fd1f  vPortYieldFromISR              
0000ea47  vQueueDelete                   
0000d441  vTaskDelay                     
0000d391  vTaskDelayUntil                
0000d329  vTaskDelete                    
0000d79d  vTaskEndScheduler              
0000d8ad  vTaskIncrementTick             
0000dbb1  vTaskMissedYield               
0000da15  vTaskPlaceOnEventList          
0000ddf9  vTaskPriorityDisinherit        
0000dd6d  vTaskPriorityInherit           
0000d4e1  vTaskPrioritySet               
0000d671  vTaskResume                    
0000db13  vTaskSetTimeOutState           
0000d753  vTaskStartScheduler            
0000d5c9  vTaskSuspend                   
0000d7af  vTaskSuspendAll                
0000d955  vTaskSwitchContext             
20002908  xADCQueue0                     
2000290c  xADCQueue1                     
0000f4b1  xPortGetFreeHeapSize           
0000ffbd  xPortPendSVHandler             
0000fcf5  xPortStartScheduler            
0000fd4f  xPortSysTickHandler            
0000e605  xQueueCreate                   
0000e713  xQueueCreateCountingSemaphore  
0000e6ab  xQueueCreateMutex              
0000e883  xQueueGenericReceive           
0000e731  xQueueGenericSend              
0000e819  xQueueGenericSendFromISR       
0000ebc1  xQueueIsQueueEmptyFromISR      
0000ebfb  xQueueIsQueueFullFromISR       
0000e9b7  xQueueReceiveFromISR           
0000db39  xTaskCheckForTimeOut           
0000d215  xTaskGenericCreate             
0000dd59  xTaskGetCurrentTaskHandle      
0000d889  xTaskGetTickCount              
0000d621  xTaskIsTaskSuspended           
0000da95  xTaskRemoveFromEventList       
0000d7b9  xTaskResumeAll                 
0000d6e1  xTaskResumeFromISR             


GLOBAL SYMBOLS: SORTED BY Symbol Address 

address   name                           
-------   ----                           
00000000  __TI_static_base__             
00000000  g_pfnVectors                   
000000f0  g_pucPCMData                   
00001000  __STACK_SIZE                   
00001000  __SYSMEM_SIZE                  
0000be55  _ctypes_                       
0000cf0f  __TI_printfi                   
0000d215  xTaskGenericCreate             
0000d329  vTaskDelete                    
0000d391  vTaskDelayUntil                
0000d441  vTaskDelay                     
0000d4a5  uxTaskPriorityGet              
0000d4e1  vTaskPrioritySet               
0000d5c9  vTaskSuspend                   
0000d621  xTaskIsTaskSuspended           
0000d671  vTaskResume                    
0000d6e1  xTaskResumeFromISR             
0000d753  vTaskStartScheduler            
0000d79d  vTaskEndScheduler              
0000d7af  vTaskSuspendAll                
0000d7b9  xTaskResumeAll                 
0000d889  xTaskGetTickCount              
0000d89d  uxTaskGetNumberOfTasks         
0000d8ad  vTaskIncrementTick             
0000d955  vTaskSwitchContext             
0000da15  vTaskPlaceOnEventList          
0000da95  xTaskRemoveFromEventList       
0000db13  vTaskSetTimeOutState           
0000db39  xTaskCheckForTimeOut           
0000dbb1  vTaskMissedYield               
0000dd59  xTaskGetCurrentTaskHandle      
0000dd6d  vTaskPriorityInherit           
0000ddf9  vTaskPriorityDisinherit        
0000de89  ClassDPWMHandler               
0000e165  ClassDInit                     
0000e1f9  ClassDPlayPCM                  
0000e281  ClassDPlayADPCM                
0000e301  ClassDBusy                     
0000e315  ClassDStop                     
0000e371  ClassDVolumeSet                
0000e381  ClassDVolumeUp                 
0000e3a9  ClassDVolumeDown               
0000e3d5  screenDrawTask                 
0000e455  makeNoiseTask                  
0000e4c1  initialiseADC                  
0000e521  pollADCTask                    
0000e57d  queueTestTask                  
0000e605  xQueueCreate                   
0000e6ab  xQueueCreateMutex              
0000e713  xQueueCreateCountingSemaphore  
0000e731  xQueueGenericSend              
0000e819  xQueueGenericSendFromISR       
0000e883  xQueueGenericReceive           
0000e9b7  xQueueReceiveFromISR           
0000ea1f  uxQueueMessagesWaiting         
0000ea35  uxQueueMessagesWaitingFromISR  
0000ea47  vQueueDelete                   
0000ebc1  xQueueIsQueueEmptyFromISR      
0000ebfb  xQueueIsQueueFullFromISR       
0000ed21  RIT128x96x4Clear               
0000ed7d  RIT128x96x4StringDraw          
0000eebd  RIT128x96x4ImageDraw           
0000ef45  RIT128x96x4Enable              
0000ef9f  RIT128x96x4Disable             
0000f019  RIT128x96x4Init                
0000f0bd  RIT128x96x4DisplayOn           
0000f0f1  RIT128x96x4DisplayOff          
0000f129  __aeabi_uldivmod               
0000f31d  pvPortMalloc                   
0000f44f  vPortFree                      
0000f4b1  xPortGetFreeHeapSize           
0000f4b7  vPortInitialiseBlocks          
0000f4d9  __aeabi_dsub                   
0000f4e3  __aeabi_dadd                   
0000f68f  __mpu_init                     
0000f691  SysCtlClockGet                 
0000f815  __aeabi_ddiv                   
0000f94b  _system_post_cinit             
0000f94d  SysCtlClockSet                 
0000fa81  vListInitialise                
0000fab1  vListInitialiseItem            
0000fac1  vListInsertEnd                 
0000fb05  vListInsert                    
0000fb6b  vListRemove                    
0000fbaf  __aeabi_dmul                   
0000fcad  pxPortInitialiseStack          
0000fcf5  xPortStartScheduler            
0000fd1d  vPortEndScheduler              
0000fd1f  vPortYieldFromISR              
0000fd29  vPortEnterCritical             
0000fd39  vPortExitCritical              
0000fd4f  xPortSysTickHandler            
0000fd91  ldexp                          
0000fd91  ldexpl                         
0000fd91  scalbn                         
0000fd91  scalbnl                        
0000fe61  GPIOPadConfigSet               
0000ff1d  main                           
0000ff83  vApplicationMallocFailedHook   
0000ff85  vApplicationStackOverflowHook  
0000ff8f  vApplicationIdleHook           
0000ff91  vApplicationTickHook           
0000ffbd  xPortPendSVHandler             
0000fff7  vPortSetInterruptMask          
00010005  vPortClearInterruptMask        
00010013  vPortSVCHandler                
00010031  vPortStartFirstTask            
00010043  vPortEnableVFP                 
00010055  __aeabi_memcpy                 
00010055  __aeabi_memcpy4                
00010055  __aeabi_memcpy8                
00010055  memcpy                         
000100f1  __aeabi_cdcmpeq                
000100f1  __aeabi_cdcmple                
00010177  __aeabi_cdrcmple               
000101fd  __aeabi_memclr                 
000101fd  __aeabi_memclr4                
000101fd  __aeabi_memclr8                
000101ff  __aeabi_memset                 
000101ff  __aeabi_memset4                
000101ff  __aeabi_memset8                
00010205  memset                         
00010279  __TI_auto_init                 
000102e9  ADCSequenceStepConfigure       
000103c1  IntDisable                     
00010429  IntEnable                      
00010491  sprintf                        
000104f1  SysCtlPeripheralEnable         
0001054d  frexp                          
0001054d  frexpl                         
000105a9  ltoa                           
00010601  C$$EXIT                        
00010605  abort                          
0001060d  exit                           
00010655  atoi                           
000106a1  copy_in                        
000106ed  __aeabi_d2iz                   
00010735  SSIConfigSetExpClk             
00010779  _c_int00                       
000107b9  strncpy                        
000107e9  __aeabi_i2d                    
00010817  ADCIntStatus                   
00010843  ADCSequenceConfigure           
0001086d  GPIODirModeSet                 
00010897  PWMGenConfigure                
000108b9  memcmp                         
000108db  ADCSequenceDataGet             
000108f9  PWMPulseWidthSet               
00010917  ADCProcessorTrigger            
00010931  memccpy                        
0001094d  _args_main                     
00010965  strchr                         
0001097d  _register_unlock               
00010983  _register_lock                 
0001098b  _nop                           
00010991  strlen                         
000109a5  GPIOPinTypeADC                 
000109b7  GPIOPinTypeGPIOOutput          
000109c9  GPIOPinTypePWM                 
000109db  GPIOPinTypeSSI                 
000109ed  PWMOutputState                 
000109ff  SSIDataGetNonBlocking          
00010a11  PWMDeadBandEnable              
00010a21  PWMGenPeriodSet                
00010a31  ADCSequenceEnable              
00010a3f  __TI_decompress_none           
00010a4d  ResetISR                       
00010a59  ADCIntClear                    
00010a63  PWMGenEnable                   
00010a6d  PWMGenIntTrigEnable            
00010a77  SSIDataPut                     
00010a81  SSIDisable                     
00010a8b  SSIEnable                      
00010a95  SSIBusy                        
00010a9d  copysign                       
00010a9d  copysignl                      
00010aa5  GPIOPinWrite                   
00010aab  PWMGenIntClear                 
00010ab1  SysCtlDelay                    
00010ab7  __TI_decompress_rle24          
00010abd  _system_pre_init               
00010af4  __TI_Handler_Table_Base        
00010afc  __TI_CINIT_Base                
00010afc  __TI_Handler_Table_Limit       
00010b0c  __TI_CINIT_Limit               
20002908  xADCQueue0                     
2000290c  xADCQueue1                     
20002910  __stack                        
20002a10  __STACK_TOP                    
20003910  __STACK_END                    
20003910  _sys_memory                    
20004910  pxCurrentTCB                   
20004940  __TI_cleanup_ptr               
20004944  __TI_dtors_ptr                 
20004948  __TI_enable_exit_profile_output
2000494c  _lock                          
20004950  _unlock                        
20004960  errno                          
20004964  main_func_sp                   
ffffffff  __TI_pprof_out_hndl            
ffffffff  __TI_prof_data_size            
ffffffff  __TI_prof_data_start           
ffffffff  __binit__                      
ffffffff  __c_args__                     
ffffffff  binit                          
UNDEFED   SHT$$INIT_ARRAY$$Base          
UNDEFED   SHT$$INIT_ARRAY$$Limit         

[207 symbols]
