******************************************************************************
                  TI ARM Linker PC v15.12.1                    
******************************************************************************
>> Linked Mon Aug 08 15:04:43 2016

OUTPUT FILE NAME:   <FRT.out>
ENTRY POINT SYMBOL: "_c_int00"  address: 0001071d


MEMORY CONFIGURATION

         name            origin    length      used     unused   attr    fill
----------------------  --------  ---------  --------  --------  ----  --------
  FLASH                 00000000   00040000  00010aae  0002f552  R  X
  SRAM                  20000000   00010000  00002d68  0000d298  RW X


SEGMENT ALLOCATION MAP

run origin  load origin   length   init length attrs members
----------  ----------- ---------- ----------- ----- -------
00000000    00000000    00010ab4   00010ab4    r-x
  00000000    00000000    000000f0   000000f0    r-- .intvecs
  000000f0    000000f0    0000c032   0000c032    r-- .const
  0000c124    0000c124    00004940   00004940    r-x .text
  00010a68    00010a68    0000004c   0000004c    r-- .cinit
20000000    20000000    00002d6c   00000000    rw-
  20000000    20000000    0000290c   00000000    rw- .bss
  2000290c    2000290c    00000200   00000000    rw- .stack
  20002b10    20002b10    00000200   00000000    rw- .sysmem
  20002d10    20002d10    0000005c   00000000    rw- .data


SECTION ALLOCATION MAP

 output                                  attributes/
section   page    origin      length       input sections
--------  ----  ----------  ----------   ----------------
.intvecs   0    00000000    000000f0     
                  00000000    000000f0     startup_ccs.obj (.intvecs)

.const     0    000000f0    0000c032     
                  000000f0    0000bb85     screenDrawTask.obj (.const:.string:g_pucPCMData)
                  0000bc75    000001e0     rit128x96x4.obj (.const:g_pucFont)
                  0000be55    00000101     rtsv7M3_T_le_eabi.lib : ctype.obj (.const:.string:_ctypes_)
                  0000bf56    000000b2     screenDrawTask.obj (.const:g_pusADPCMStep)
                  0000c008    0000006c     driverlib-cm3.lib : sysctl.obj (.const:g_pulXtals)
                  0000c074    0000004f     rit128x96x4.obj (.const:.string:g_pucRIT128x96x4Init)
                  0000c0c3    00000014     tasks.obj (.const:.string:ucExpectedStackBytes$1)
                  0000c0d7    00000001     --HOLE-- [fill = 0]
                  0000c0d8    00000014     driverlib-cm3.lib : interrupt.obj (.const:g_pulDisRegs)
                  0000c0ec    00000014                       : interrupt.obj (.const:g_pulEnRegs)
                  0000c100    0000000c                       : sysctl.obj (.const:g_pulRCGCRegs)
                  0000c10c    00000008     screenDrawTask.obj (.const:.string:g_pcADPCMIndex)
                  0000c114    00000003     rit128x96x4.obj (.const:.string:pucCommand1$1)
                  0000c117    00000003     rit128x96x4.obj (.const:.string:pucCommand2$2)
                  0000c11a    00000002     rit128x96x4.obj (.const:.string:g_pucRIT128x96x4HorizontalInc)
                  0000c11c    00000002     rit128x96x4.obj (.const:.string:g_pucRIT128x96x4VerticalInc)
                  0000c11e    00000002     rit128x96x4.obj (.const:.string:pucCommand1$3)
                  0000c120    00000002     heap_2.obj (.const)

.text      0    0000c124    00004940     
                  0000c124    000010f0     rtsv7M3_T_le_eabi.lib : _printfi.obj (.text)
                  0000d214    00000c74     tasks.obj (.text)
                  0000de88    00000734     screenDrawTask.obj (.text)
                  0000e5bc    00000614     queue.obj (.text)
                  0000ebd0    00000510     rit128x96x4.obj (.text)
                  0000f0e0    000001f4     rtsv7M3_T_le_eabi.lib : ull_div_t2.obj (.text)
                  0000f2d4    000001bc     heap_2.obj (.text)
                  0000f490    000001b6     rtsv7M3_T_le_eabi.lib : fd_add_t2.obj (.text)
                  0000f646    00000002                           : mpu_init.obj (.text)
                  0000f648    00000184     driverlib-cm3.lib : sysctl.obj (.text:SysCtlClockGet)
                  0000f7cc    00000136     rtsv7M3_T_le_eabi.lib : fd_div_t2.obj (.text)
                  0000f902    00000002                           : startup.obj (.text)
                  0000f904    00000134     driverlib-cm3.lib : sysctl.obj (.text:SysCtlClockSet)
                  0000fa38    0000012e     list.obj (.text)
                  0000fb66    000000fc     rtsv7M3_T_le_eabi.lib : fd_mul_t2.obj (.text)
                  0000fc62    00000002     --HOLE-- [fill = 0]
                  0000fc64    000000e4     port.obj (.text)
                  0000fd48    000000d0     rtsv7M3_T_le_eabi.lib : s_scalbn.obj (.text)
                  0000fe18    000000ba     driverlib-cm3.lib : gpio.obj (.text:GPIOPadConfigSet)
                  0000fed2    00000002     --HOLE-- [fill = 0]
                  0000fed4    0000009c     portasm.obj (.text)
                  0000ff70    0000009c     rtsv7M3_T_le_eabi.lib : memcpy_t2.obj (.text)
                  0001000c    00000088     main.obj (.text)
                  00010094    00000086     rtsv7M3_T_le_eabi.lib : fd_cmp_t2.obj (.text:__aeabi_cdcmple)
                  0001011a    00000086                           : fd_cmp_t2.obj (.text:__aeabi_cdrcmple)
                  000101a0    0000007a                           : memset_t2.obj (.text)
                  0001021a    00000002     --HOLE-- [fill = 0]
                  0001021c    00000070                           : autoinit.obj (.text)
                  0001028c    0000006c     driverlib-cm3.lib : adc.obj (.text:ADCSequenceStepConfigure)
                  000102f8    0000006a     rtsv7M3_T_le_eabi.lib : copy_decompress_rle.obj (.text)
                  00010362    00000002     --HOLE-- [fill = 0]
                  00010364    00000068     driverlib-cm3.lib : interrupt.obj (.text:IntDisable)
                  000103cc    00000068                       : interrupt.obj (.text:IntEnable)
                  00010434    00000060     rtsv7M3_T_le_eabi.lib : sprintf.obj (.text)
                  00010494    0000005c     driverlib-cm3.lib : sysctl.obj (.text:SysCtlPeripheralEnable)
                  000104f0    0000005c     rtsv7M3_T_le_eabi.lib : s_frexp.obj (.text)
                  0001054c    00000056                           : ltoa.obj (.text)
                  000105a2    00000002     --HOLE-- [fill = 0]
                  000105a4    00000054                           : exit.obj (.text)
                  000105f8    0000004c                           : atoi.obj (.text)
                  00010644    0000004c                           : cpy_tbl.obj (.text)
                  00010690    00000048                           : fd_toi_t2.obj (.text)
                  000106d8    00000042     driverlib-cm3.lib : ssi.obj (.text:SSIConfigSetExpClk)
                  0001071a    00000002     --HOLE-- [fill = 0]
                  0001071c    00000040     rtsv7M3_T_le_eabi.lib : boot.obj (.text)
                  0001075c    00000030                           : strncpy.obj (.text)
                  0001078c    0000002e                           : i_tofd_t2.obj (.text)
                  000107ba    0000002c     driverlib-cm3.lib : adc.obj (.text:ADCIntStatus)
                  000107e6    0000002a                       : adc.obj (.text:ADCSequenceConfigure)
                  00010810    0000002a                       : gpio.obj (.text:GPIODirModeSet)
                  0001083a    00000022                       : pwm.obj (.text:PWMGenConfigure)
                  0001085c    00000022     rtsv7M3_T_le_eabi.lib : memcmp.obj (.text)
                  0001087e    0000001e     driverlib-cm3.lib : adc.obj (.text:ADCSequenceDataGet)
                  0001089c    0000001e                       : pwm.obj (.text:PWMPulseWidthSet)
                  000108ba    0000001a                       : adc.obj (.text:ADCProcessorTrigger)
                  000108d4    0000001a     rtsv7M3_T_le_eabi.lib : memccpy.obj (.text)
                  000108ee    00000002     --HOLE-- [fill = 0]
                  000108f0    00000018                           : args_main.obj (.text)
                  00010908    00000016                           : strchr.obj (.text)
                  0001091e    00000002     --HOLE-- [fill = 0]
                  00010920    00000014                           : _lock.obj (.text)
                  00010934    00000014                           : strlen.obj (.text)
                  00010948    00000012     driverlib-cm3.lib : gpio.obj (.text:GPIOPinTypeADC)
                  0001095a    00000012                       : gpio.obj (.text:GPIOPinTypeGPIOOutput)
                  0001096c    00000012                       : gpio.obj (.text:GPIOPinTypePWM)
                  0001097e    00000012                       : gpio.obj (.text:GPIOPinTypeSSI)
                  00010990    00000012                       : pwm.obj (.text:PWMOutputState)
                  000109a2    00000012                       : ssi.obj (.text:SSIDataGetNonBlocking)
                  000109b4    00000010                       : pwm.obj (.text:PWMDeadBandEnable)
                  000109c4    00000010                       : pwm.obj (.text:PWMGenPeriodSet)
                  000109d4    0000000e                       : adc.obj (.text:ADCSequenceEnable)
                  000109e2    0000000e     rtsv7M3_T_le_eabi.lib : copy_decompress_none.obj (.text:decompress:none)
                  000109f0    0000000c     startup_ccs.obj (.text)
                  000109fc    0000000a     driverlib-cm3.lib : adc.obj (.text:ADCIntClear)
                  00010a06    0000000a                       : pwm.obj (.text:PWMGenEnable)
                  00010a10    0000000a                       : pwm.obj (.text:PWMGenIntTrigEnable)
                  00010a1a    0000000a                       : ssi.obj (.text:SSIDataPut)
                  00010a24    0000000a                       : ssi.obj (.text:SSIDisable)
                  00010a2e    0000000a                       : ssi.obj (.text:SSIEnable)
                  00010a38    00000008                       : ssi.obj (.text:SSIBusy)
                  00010a40    00000008     rtsv7M3_T_le_eabi.lib : s_copysign.obj (.text)
                  00010a48    00000006     driverlib-cm3.lib : gpio.obj (.text:GPIOPinWrite)
                  00010a4e    00000006                       : pwm.obj (.text:PWMGenIntClear)
                  00010a54    00000006                       : sysctl.obj (.text:SysCtlDelay)
                  00010a5a    00000006     rtsv7M3_T_le_eabi.lib : copy_decompress_rle.obj (.text:decompress:rle24)
                  00010a60    00000004                           : pre_init.obj (.text)

.cinit     0    00010a68    0000004c     
                  00010a68    00000023     (.cinit..data.load) [load image, compression = rle]
                  00010a8b    00000005     --HOLE-- [fill = 0]
                  00010a90    0000000b     (.cinit..bss.load) [load image, compression = rle]
                  00010a9b    00000001     --HOLE-- [fill = 0]
                  00010a9c    00000008     (__TI_handler_table)
                  00010aa4    00000010     (__TI_cinit_table)

.bss       0    20000000    0000290c     UNINITIALIZED
                  20000000    00002800     heap_2.obj (.bss:xHeap)
                  20002800    00000064     tasks.obj (.bss:pxReadyTasksLists)
                  20002864    00000018     screenDrawTask.obj (.bss)
                  2000287c    00000014     tasks.obj (.bss:xDelayedTaskList1)
                  20002890    00000014     tasks.obj (.bss:xDelayedTaskList2)
                  200028a4    00000014     tasks.obj (.bss:xPendingReadyList)
                  200028b8    00000014     tasks.obj (.bss:xSuspendedTaskList)
                  200028cc    00000014     tasks.obj (.bss:xTasksWaitingTermination)
                  200028e0    00000008     rit128x96x4.obj (.bss:g_pucBuffer)
                  200028e8    00000008     tasks.obj (.bss)
                  200028f0    00000008     heap_2.obj (.bss:xEnd)
                  200028f8    00000008     heap_2.obj (.bss:xStart)
                  20002900    00000004     screenDrawTask.obj (.bss:g_pusClassDSamples)
                  20002904    00000004     rit128x96x4.obj (.bss)
                  20002908    00000004     (.common:xADCQueue)

.stack     0    2000290c    00000200     UNINITIALIZED
                  2000290c    00000200     --HOLE--

.sysmem    0    20002b10    00000200     UNINITIALIZED
                  20002b10    00000008     rtsv7M3_T_le_eabi.lib : memory.obj (.sysmem)
                  20002b18    000001f8     --HOLE--

.data      0    20002d10    0000005c     UNINITIALIZED
                  20002d10    00000030     tasks.obj (.data)
                  20002d40    0000000c     rtsv7M3_T_le_eabi.lib : exit.obj (.data:$O1$$)
                  20002d4c    00000008                           : _lock.obj (.data:$O1$$)
                  20002d54    00000008     heap_2.obj (.data)
                  20002d5c    00000004     port.obj (.data)
                  20002d60    00000004     rtsv7M3_T_le_eabi.lib : errno.obj (.data)
                  20002d64    00000004                           : stkdepth_vars.obj (.data)
                  20002d68    00000004     screenDrawTask.obj (.data)

MODULE SUMMARY

       Module                     code    ro data   rw data
       ------                     ----    -------   -------
    .\
       screenDrawTask.obj         1844    48191     32     
       tasks.obj                  3188    20        256    
       rit128x96x4.obj            1296    571       12     
       queue.obj                  1556    0         0      
       list.obj                   302     0         0      
       startup_ccs.obj            12      240       0      
       main.obj                   136     0         4      
    +--+--------------------------+-------+---------+---------+
       Total:                     8334    49022     304    
                                                           
    .\portable\
       heap_2.obj                 444     2         10264  
       port.obj                   228     0         4      
       portasm.obj                156     0         0      
    +--+--------------------------+-------+---------+---------+
       Total:                     828     2         10268  
                                                           
    C:/StellarisWare/driverlib/ccs-cm3/Debug/driverlib-cm3.lib
       sysctl.obj                 794     120       0      
       gpio.obj                   306     0         0      
       adc.obj                    274     0         0      
       interrupt.obj              208     40        0      
       pwm.obj                    140     0         0      
       ssi.obj                    122     0         0      
    +--+--------------------------+-------+---------+---------+
       Total:                     1844    160       0      
                                                           
    C:\ti\ccsv6\tools\compiler\ti-cgt-arm_15.12.1.LTS\lib\rtsv7M3_T_le_eabi.lib
       _printfi.obj               4336    0         0      
       ull_div_t2.obj             500     0         0      
       fd_add_t2.obj              438     0         0      
       fd_div_t2.obj              310     0         0      
       fd_cmp_t2.obj              268     0         0      
       ctype.obj                  0       257       0      
       fd_mul_t2.obj              252     0         0      
       s_scalbn.obj               208     0         0      
       memcpy_t2.obj              156     0         0      
       memset_t2.obj              122     0         0      
       autoinit.obj               112     0         0      
       copy_decompress_rle.obj    112     0         0      
       exit.obj                   84      0         12     
       sprintf.obj                96      0         0      
       s_frexp.obj                92      0         0      
       ltoa.obj                   86      0         0      
       atoi.obj                   76      0         0      
       cpy_tbl.obj                76      0         0      
       fd_toi_t2.obj              72      0         0      
       boot.obj                   64      0         0      
       strncpy.obj                48      0         0      
       i_tofd_t2.obj              46      0         0      
       memcmp.obj                 34      0         0      
       _lock.obj                  20      0         8      
       memccpy.obj                26      0         0      
       args_main.obj              24      0         0      
       strchr.obj                 22      0         0      
       strlen.obj                 20      0         0      
       copy_decompress_none.obj   14      0         0      
       s_copysign.obj             8       0         0      
       errno.obj                  0       0         4      
       pre_init.obj               4       0         0      
       stkdepth_vars.obj          0       0         4      
       mpu_init.obj               2       0         0      
       startup.obj                2       0         0      
    +--+--------------------------+-------+---------+---------+
       Total:                     7730    257       28     
                                                           
       Heap:                      0       0         512    
       Stack:                     0       0         512    
       Linker Generated:          0       70        0      
    +--+--------------------------+-------+---------+---------+
       Grand Total:               18736   49511     11624  


LINKER GENERATED COPY TABLES

__TI_cinit_table @ 00010aa4 records: 2, size/record: 8, table size: 16
	.data: load addr=00010a68, load size=00000023 bytes, run addr=20002d10, run size=0000005c bytes, compression=rle
	.bss: load addr=00010a90, load size=0000000b bytes, run addr=20000000, run size=0000290c bytes, compression=rle


LINKER GENERATED HANDLER TABLE

__TI_handler_table @ 00010a9c records: 2, size/record: 4, table size: 8
	index: 0, handler: __TI_decompress_rle24
	index: 1, handler: __TI_decompress_none


GLOBAL SYMBOLS: SORTED ALPHABETICALLY BY Name 

address   name                           
-------   ----                           
000109fd  ADCIntClear                    
000107bb  ADCIntStatus                   
000108bb  ADCProcessorTrigger            
000107e7  ADCSequenceConfigure           
0001087f  ADCSequenceDataGet             
000109d5  ADCSequenceEnable              
0001028d  ADCSequenceStepConfigure       
000105a5  C$$EXIT                        
0000e301  ClassDBusy                     
0000e165  ClassDInit                     
0000de89  ClassDPWMHandler               
0000e281  ClassDPlayADPCM                
0000e1f9  ClassDPlayPCM                  
0000e315  ClassDStop                     
0000e3a9  ClassDVolumeDown               
0000e371  ClassDVolumeSet                
0000e381  ClassDVolumeUp                 
00010811  GPIODirModeSet                 
0000fe19  GPIOPadConfigSet               
00010949  GPIOPinTypeADC                 
0001095b  GPIOPinTypeGPIOOutput          
0001096d  GPIOPinTypePWM                 
0001097f  GPIOPinTypeSSI                 
00010a49  GPIOPinWrite                   
00010365  IntDisable                     
000103cd  IntEnable                      
000109b5  PWMDeadBandEnable              
0001083b  PWMGenConfigure                
00010a07  PWMGenEnable                   
00010a4f  PWMGenIntClear                 
00010a11  PWMGenIntTrigEnable            
000109c5  PWMGenPeriodSet                
00010991  PWMOutputState                 
0001089d  PWMPulseWidthSet               
0000ecd9  RIT128x96x4Clear               
0000ef57  RIT128x96x4Disable             
0000f0a9  RIT128x96x4DisplayOff          
0000f075  RIT128x96x4DisplayOn           
0000eefd  RIT128x96x4Enable              
0000ee75  RIT128x96x4ImageDraw           
0000efd1  RIT128x96x4Init                
0000ed35  RIT128x96x4StringDraw          
000109f1  ResetISR                       
UNDEFED   SHT$$INIT_ARRAY$$Base          
UNDEFED   SHT$$INIT_ARRAY$$Limit         
00010a39  SSIBusy                        
000106d9  SSIConfigSetExpClk             
000109a3  SSIDataGetNonBlocking          
00010a1b  SSIDataPut                     
00010a25  SSIDisable                     
00010a2f  SSIEnable                      
0000f649  SysCtlClockGet                 
0000f905  SysCtlClockSet                 
00010a55  SysCtlDelay                    
00010495  SysCtlPeripheralEnable         
20002b0c  __STACK_END                    
00000200  __STACK_SIZE                   
20002a0c  __STACK_TOP                    
00000200  __SYSMEM_SIZE                  
00010aa4  __TI_CINIT_Base                
00010ab4  __TI_CINIT_Limit               
00010a9c  __TI_Handler_Table_Base        
00010aa4  __TI_Handler_Table_Limit       
0001021d  __TI_auto_init                 
20002d40  __TI_cleanup_ptr               
000109e3  __TI_decompress_none           
00010a5b  __TI_decompress_rle24          
20002d44  __TI_dtors_ptr                 
20002d48  __TI_enable_exit_profile_output
ffffffff  __TI_pprof_out_hndl            
0000cf0f  __TI_printfi                   
ffffffff  __TI_prof_data_size            
ffffffff  __TI_prof_data_start           
00000000  __TI_static_base__             
00010095  __aeabi_cdcmpeq                
00010095  __aeabi_cdcmple                
0001011b  __aeabi_cdrcmple               
00010691  __aeabi_d2iz                   
0000f49b  __aeabi_dadd                   
0000f7cd  __aeabi_ddiv                   
0000fb67  __aeabi_dmul                   
0000f491  __aeabi_dsub                   
0001078d  __aeabi_i2d                    
000101a1  __aeabi_memclr                 
000101a1  __aeabi_memclr4                
000101a1  __aeabi_memclr8                
0000ff71  __aeabi_memcpy                 
0000ff71  __aeabi_memcpy4                
0000ff71  __aeabi_memcpy8                
000101a3  __aeabi_memset                 
000101a3  __aeabi_memset4                
000101a3  __aeabi_memset8                
0000f0e1  __aeabi_uldivmod               
ffffffff  __binit__                      
ffffffff  __c_args__                     
0000f647  __mpu_init                     
2000290c  __stack                        
000108f1  _args_main                     
0001071d  _c_int00                       
0000be55  _ctypes_                       
20002d4c  _lock                          
0001092f  _nop                           
00010927  _register_lock                 
00010921  _register_unlock               
20002b10  _sys_memory                    
0000f903  _system_post_cinit             
00010a61  _system_pre_init               
20002d50  _unlock                        
000105a9  abort                          
000105f9  atoi                           
ffffffff  binit                          
00010645  copy_in                        
00010a41  copysign                       
00010a41  copysignl                      
20002d60  errno                          
000105b1  exit                           
000104f1  frexp                          
000104f1  frexpl                         
00000000  g_pfnVectors                   
000000f0  g_pucPCMData                   
0000e491  initialiseADC                  
0000fd49  ldexp                          
0000fd49  ldexpl                         
0001054d  ltoa                           
0001000d  main                           
20002d64  main_func_sp                   
0000e421  makeNoiseTask                  
000108d5  memccpy                        
0001085d  memcmp                         
0000ff71  memcpy                         
000101a9  memset                         
0000e4f1  pollADCTask                    
0000f2d5  pvPortMalloc                   
20002d10  pxCurrentTCB                   
0000fc65  pxPortInitialiseStack          
0000e533  queueTestTask                  
0000fd49  scalbn                         
0000fd49  scalbnl                        
0000e3d5  screenDrawTask                 
00010435  sprintf                        
00010909  strchr                         
00010935  strlen                         
0001075d  strncpy                        
0000e9d7  uxQueueMessagesWaiting         
0000e9ed  uxQueueMessagesWaitingFromISR  
0000d89d  uxTaskGetNumberOfTasks         
0000d4a5  uxTaskPriorityGet              
00010071  vApplicationIdleHook           
00010065  vApplicationMallocFailedHook   
00010067  vApplicationStackOverflowHook  
00010073  vApplicationTickHook           
0000fa39  vListInitialise                
0000fa69  vListInitialiseItem            
0000fabd  vListInsert                    
0000fa79  vListInsertEnd                 
0000fb23  vListRemove                    
0000ff21  vPortClearInterruptMask        
0000ff5f  vPortEnableVFP                 
0000fcd5  vPortEndScheduler              
0000fce1  vPortEnterCritical             
0000fcf1  vPortExitCritical              
0000f407  vPortFree                      
0000f46f  vPortInitialiseBlocks          
0000ff2f  vPortSVCHandler                
0000ff13  vPortSetInterruptMask          
0000ff4d  vPortStartFirstTask            
0000fcd7  vPortYieldFromISR              
0000e9ff  vQueueDelete                   
0000d441  vTaskDelay                     
0000d391  vTaskDelayUntil                
0000d329  vTaskDelete                    
0000d79d  vTaskEndScheduler              
0000d8ad  vTaskIncrementTick             
0000dbb1  vTaskMissedYield               
0000da15  vTaskPlaceOnEventList          
0000ddf9  vTaskPriorityDisinherit        
0000dd6d  vTaskPriorityInherit           
0000d4e1  vTaskPrioritySet               
0000d671  vTaskResume                    
0000db13  vTaskSetTimeOutState           
0000d753  vTaskStartScheduler            
0000d5c9  vTaskSuspend                   
0000d7af  vTaskSuspendAll                
0000d955  vTaskSwitchContext             
20002908  xADCQueue                      
0000f469  xPortGetFreeHeapSize           
0000fed9  xPortPendSVHandler             
0000fcad  xPortStartScheduler            
0000fd07  xPortSysTickHandler            
0000e5bd  xQueueCreate                   
0000e6cb  xQueueCreateCountingSemaphore  
0000e663  xQueueCreateMutex              
0000e83b  xQueueGenericReceive           
0000e6e9  xQueueGenericSend              
0000e7d1  xQueueGenericSendFromISR       
0000eb79  xQueueIsQueueEmptyFromISR      
0000ebb3  xQueueIsQueueFullFromISR       
0000e96f  xQueueReceiveFromISR           
0000db39  xTaskCheckForTimeOut           
0000d215  xTaskGenericCreate             
0000dd59  xTaskGetCurrentTaskHandle      
0000d889  xTaskGetTickCount              
0000d621  xTaskIsTaskSuspended           
0000da95  xTaskRemoveFromEventList       
0000d7b9  xTaskResumeAll                 
0000d6e1  xTaskResumeFromISR             


GLOBAL SYMBOLS: SORTED BY Symbol Address 

address   name                           
-------   ----                           
00000000  __TI_static_base__             
00000000  g_pfnVectors                   
000000f0  g_pucPCMData                   
00000200  __STACK_SIZE                   
00000200  __SYSMEM_SIZE                  
0000be55  _ctypes_                       
0000cf0f  __TI_printfi                   
0000d215  xTaskGenericCreate             
0000d329  vTaskDelete                    
0000d391  vTaskDelayUntil                
0000d441  vTaskDelay                     
0000d4a5  uxTaskPriorityGet              
0000d4e1  vTaskPrioritySet               
0000d5c9  vTaskSuspend                   
0000d621  xTaskIsTaskSuspended           
0000d671  vTaskResume                    
0000d6e1  xTaskResumeFromISR             
0000d753  vTaskStartScheduler            
0000d79d  vTaskEndScheduler              
0000d7af  vTaskSuspendAll                
0000d7b9  xTaskResumeAll                 
0000d889  xTaskGetTickCount              
0000d89d  uxTaskGetNumberOfTasks         
0000d8ad  vTaskIncrementTick             
0000d955  vTaskSwitchContext             
0000da15  vTaskPlaceOnEventList          
0000da95  xTaskRemoveFromEventList       
0000db13  vTaskSetTimeOutState           
0000db39  xTaskCheckForTimeOut           
0000dbb1  vTaskMissedYield               
0000dd59  xTaskGetCurrentTaskHandle      
0000dd6d  vTaskPriorityInherit           
0000ddf9  vTaskPriorityDisinherit        
0000de89  ClassDPWMHandler               
0000e165  ClassDInit                     
0000e1f9  ClassDPlayPCM                  
0000e281  ClassDPlayADPCM                
0000e301  ClassDBusy                     
0000e315  ClassDStop                     
0000e371  ClassDVolumeSet                
0000e381  ClassDVolumeUp                 
0000e3a9  ClassDVolumeDown               
0000e3d5  screenDrawTask                 
0000e421  makeNoiseTask                  
0000e491  initialiseADC                  
0000e4f1  pollADCTask                    
0000e533  queueTestTask                  
0000e5bd  xQueueCreate                   
0000e663  xQueueCreateMutex              
0000e6cb  xQueueCreateCountingSemaphore  
0000e6e9  xQueueGenericSend              
0000e7d1  xQueueGenericSendFromISR       
0000e83b  xQueueGenericReceive           
0000e96f  xQueueReceiveFromISR           
0000e9d7  uxQueueMessagesWaiting         
0000e9ed  uxQueueMessagesWaitingFromISR  
0000e9ff  vQueueDelete                   
0000eb79  xQueueIsQueueEmptyFromISR      
0000ebb3  xQueueIsQueueFullFromISR       
0000ecd9  RIT128x96x4Clear               
0000ed35  RIT128x96x4StringDraw          
0000ee75  RIT128x96x4ImageDraw           
0000eefd  RIT128x96x4Enable              
0000ef57  RIT128x96x4Disable             
0000efd1  RIT128x96x4Init                
0000f075  RIT128x96x4DisplayOn           
0000f0a9  RIT128x96x4DisplayOff          
0000f0e1  __aeabi_uldivmod               
0000f2d5  pvPortMalloc                   
0000f407  vPortFree                      
0000f469  xPortGetFreeHeapSize           
0000f46f  vPortInitialiseBlocks          
0000f491  __aeabi_dsub                   
0000f49b  __aeabi_dadd                   
0000f647  __mpu_init                     
0000f649  SysCtlClockGet                 
0000f7cd  __aeabi_ddiv                   
0000f903  _system_post_cinit             
0000f905  SysCtlClockSet                 
0000fa39  vListInitialise                
0000fa69  vListInitialiseItem            
0000fa79  vListInsertEnd                 
0000fabd  vListInsert                    
0000fb23  vListRemove                    
0000fb67  __aeabi_dmul                   
0000fc65  pxPortInitialiseStack          
0000fcad  xPortStartScheduler            
0000fcd5  vPortEndScheduler              
0000fcd7  vPortYieldFromISR              
0000fce1  vPortEnterCritical             
0000fcf1  vPortExitCritical              
0000fd07  xPortSysTickHandler            
0000fd49  ldexp                          
0000fd49  ldexpl                         
0000fd49  scalbn                         
0000fd49  scalbnl                        
0000fe19  GPIOPadConfigSet               
0000fed9  xPortPendSVHandler             
0000ff13  vPortSetInterruptMask          
0000ff21  vPortClearInterruptMask        
0000ff2f  vPortSVCHandler                
0000ff4d  vPortStartFirstTask            
0000ff5f  vPortEnableVFP                 
0000ff71  __aeabi_memcpy                 
0000ff71  __aeabi_memcpy4                
0000ff71  __aeabi_memcpy8                
0000ff71  memcpy                         
0001000d  main                           
00010065  vApplicationMallocFailedHook   
00010067  vApplicationStackOverflowHook  
00010071  vApplicationIdleHook           
00010073  vApplicationTickHook           
00010095  __aeabi_cdcmpeq                
00010095  __aeabi_cdcmple                
0001011b  __aeabi_cdrcmple               
000101a1  __aeabi_memclr                 
000101a1  __aeabi_memclr4                
000101a1  __aeabi_memclr8                
000101a3  __aeabi_memset                 
000101a3  __aeabi_memset4                
000101a3  __aeabi_memset8                
000101a9  memset                         
0001021d  __TI_auto_init                 
0001028d  ADCSequenceStepConfigure       
00010365  IntDisable                     
000103cd  IntEnable                      
00010435  sprintf                        
00010495  SysCtlPeripheralEnable         
000104f1  frexp                          
000104f1  frexpl                         
0001054d  ltoa                           
000105a5  C$$EXIT                        
000105a9  abort                          
000105b1  exit                           
000105f9  atoi                           
00010645  copy_in                        
00010691  __aeabi_d2iz                   
000106d9  SSIConfigSetExpClk             
0001071d  _c_int00                       
0001075d  strncpy                        
0001078d  __aeabi_i2d                    
000107bb  ADCIntStatus                   
000107e7  ADCSequenceConfigure           
00010811  GPIODirModeSet                 
0001083b  PWMGenConfigure                
0001085d  memcmp                         
0001087f  ADCSequenceDataGet             
0001089d  PWMPulseWidthSet               
000108bb  ADCProcessorTrigger            
000108d5  memccpy                        
000108f1  _args_main                     
00010909  strchr                         
00010921  _register_unlock               
00010927  _register_lock                 
0001092f  _nop                           
00010935  strlen                         
00010949  GPIOPinTypeADC                 
0001095b  GPIOPinTypeGPIOOutput          
0001096d  GPIOPinTypePWM                 
0001097f  GPIOPinTypeSSI                 
00010991  PWMOutputState                 
000109a3  SSIDataGetNonBlocking          
000109b5  PWMDeadBandEnable              
000109c5  PWMGenPeriodSet                
000109d5  ADCSequenceEnable              
000109e3  __TI_decompress_none           
000109f1  ResetISR                       
000109fd  ADCIntClear                    
00010a07  PWMGenEnable                   
00010a11  PWMGenIntTrigEnable            
00010a1b  SSIDataPut                     
00010a25  SSIDisable                     
00010a2f  SSIEnable                      
00010a39  SSIBusy                        
00010a41  copysign                       
00010a41  copysignl                      
00010a49  GPIOPinWrite                   
00010a4f  PWMGenIntClear                 
00010a55  SysCtlDelay                    
00010a5b  __TI_decompress_rle24          
00010a61  _system_pre_init               
00010a9c  __TI_Handler_Table_Base        
00010aa4  __TI_CINIT_Base                
00010aa4  __TI_Handler_Table_Limit       
00010ab4  __TI_CINIT_Limit               
20002908  xADCQueue                      
2000290c  __stack                        
20002a0c  __STACK_TOP                    
20002b0c  __STACK_END                    
20002b10  _sys_memory                    
20002d10  pxCurrentTCB                   
20002d40  __TI_cleanup_ptr               
20002d44  __TI_dtors_ptr                 
20002d48  __TI_enable_exit_profile_output
20002d4c  _lock                          
20002d50  _unlock                        
20002d60  errno                          
20002d64  main_func_sp                   
ffffffff  __TI_pprof_out_hndl            
ffffffff  __TI_prof_data_size            
ffffffff  __TI_prof_data_start           
ffffffff  __binit__                      
ffffffff  __c_args__                     
ffffffff  binit                          
UNDEFED   SHT$$INIT_ARRAY$$Base          
UNDEFED   SHT$$INIT_ARRAY$$Limit         

[206 symbols]
