******************************************************************************
                  TI ARM Linker PC v15.12.1                    
******************************************************************************
>> Linked Sun Aug 07 15:31:34 2016

OUTPUT FILE NAME:   <FRT.out>
ENTRY POINT SYMBOL: "_c_int00"  address: 000106e9


MEMORY CONFIGURATION

         name            origin    length      used     unused   attr    fill
----------------------  --------  ---------  --------  --------  ----  --------
  FLASH                 00000000   00040000  00010a7a  0002f586  R  X
  SRAM                  20000000   00010000  00002d68  0000d298  RW X


SEGMENT ALLOCATION MAP

run origin  load origin   length   init length attrs members
----------  ----------- ---------- ----------- ----- -------
00000000    00000000    00010a7c   00010a7c    r-x
  00000000    00000000    000000f0   000000f0    r-- .intvecs
  000000f0    000000f0    0000c032   0000c032    r-- .const
  0000c124    0000c124    0000490c   0000490c    r-x .text
  00010a30    00010a30    0000004c   0000004c    r-- .cinit
20000000    20000000    00002d6c   00000000    rw-
  20000000    20000000    0000290c   00000000    rw- .bss
  2000290c    2000290c    00000200   00000000    rw- .stack
  20002b10    20002b10    00000200   00000000    rw- .sysmem
  20002d10    20002d10    0000005c   00000000    rw- .data


SECTION ALLOCATION MAP

 output                                  attributes/
section   page    origin      length       input sections
--------  ----  ----------  ----------   ----------------
.intvecs   0    00000000    000000f0     
                  00000000    000000f0     startup_ccs.obj (.intvecs)

.const     0    000000f0    0000c032     
                  000000f0    0000bb85     screenDrawTask.obj (.const:.string:g_pucPCMData)
                  0000bc75    000001e0     rit128x96x4.obj (.const:g_pucFont)
                  0000be55    00000101     rtsv7M3_T_le_eabi.lib : ctype.obj (.const:.string:_ctypes_)
                  0000bf56    000000b2     screenDrawTask.obj (.const:g_pusADPCMStep)
                  0000c008    0000006c     driverlib-cm3.lib : sysctl.obj (.const:g_pulXtals)
                  0000c074    0000004f     rit128x96x4.obj (.const:.string:g_pucRIT128x96x4Init)
                  0000c0c3    00000014     tasks.obj (.const:.string:ucExpectedStackBytes$1)
                  0000c0d7    00000001     --HOLE-- [fill = 0]
                  0000c0d8    00000014     driverlib-cm3.lib : interrupt.obj (.const:g_pulDisRegs)
                  0000c0ec    00000014                       : interrupt.obj (.const:g_pulEnRegs)
                  0000c100    0000000c                       : sysctl.obj (.const:g_pulRCGCRegs)
                  0000c10c    00000008     screenDrawTask.obj (.const:.string:g_pcADPCMIndex)
                  0000c114    00000003     rit128x96x4.obj (.const:.string:pucCommand1$1)
                  0000c117    00000003     rit128x96x4.obj (.const:.string:pucCommand2$2)
                  0000c11a    00000002     rit128x96x4.obj (.const:.string:g_pucRIT128x96x4HorizontalInc)
                  0000c11c    00000002     rit128x96x4.obj (.const:.string:g_pucRIT128x96x4VerticalInc)
                  0000c11e    00000002     rit128x96x4.obj (.const:.string:pucCommand1$3)
                  0000c120    00000002     heap_2.obj (.const)

.text      0    0000c124    0000490c     
                  0000c124    000010f0     rtsv7M3_T_le_eabi.lib : _printfi.obj (.text)
                  0000d214    00000c74     tasks.obj (.text)
                  0000de88    000006ac     screenDrawTask.obj (.text)
                  0000e534    00000614     queue.obj (.text)
                  0000eb48    00000510     rit128x96x4.obj (.text)
                  0000f058    000001f4     rtsv7M3_T_le_eabi.lib : ull_div_t2.obj (.text)
                  0000f24c    000001bc     heap_2.obj (.text)
                  0000f408    000001b6     rtsv7M3_T_le_eabi.lib : fd_add_t2.obj (.text)
                  0000f5be    00000002                           : mpu_init.obj (.text)
                  0000f5c0    00000184     driverlib-cm3.lib : sysctl.obj (.text:SysCtlClockGet)
                  0000f744    00000136     rtsv7M3_T_le_eabi.lib : fd_div_t2.obj (.text)
                  0000f87a    00000002                           : startup.obj (.text)
                  0000f87c    00000134     driverlib-cm3.lib : sysctl.obj (.text:SysCtlClockSet)
                  0000f9b0    0000012e     list.obj (.text)
                  0000fade    000000fc     rtsv7M3_T_le_eabi.lib : fd_mul_t2.obj (.text)
                  0000fbda    00000002     --HOLE-- [fill = 0]
                  0000fbdc    000000e4     port.obj (.text)
                  0000fcc0    000000dc     main.obj (.text)
                  0000fd9c    000000d0     rtsv7M3_T_le_eabi.lib : s_scalbn.obj (.text)
                  0000fe6c    000000ba     driverlib-cm3.lib : gpio.obj (.text:GPIOPadConfigSet)
                  0000ff26    00000002     --HOLE-- [fill = 0]
                  0000ff28    0000009c     portasm.obj (.text)
                  0000ffc4    0000009c     rtsv7M3_T_le_eabi.lib : memcpy_t2.obj (.text)
                  00010060    00000086                           : fd_cmp_t2.obj (.text:__aeabi_cdcmple)
                  000100e6    00000086                           : fd_cmp_t2.obj (.text:__aeabi_cdrcmple)
                  0001016c    0000007a                           : memset_t2.obj (.text)
                  000101e6    00000002     --HOLE-- [fill = 0]
                  000101e8    00000070                           : autoinit.obj (.text)
                  00010258    0000006c     driverlib-cm3.lib : adc.obj (.text:ADCSequenceStepConfigure)
                  000102c4    0000006a     rtsv7M3_T_le_eabi.lib : copy_decompress_rle.obj (.text)
                  0001032e    00000002     --HOLE-- [fill = 0]
                  00010330    00000068     driverlib-cm3.lib : interrupt.obj (.text:IntDisable)
                  00010398    00000068                       : interrupt.obj (.text:IntEnable)
                  00010400    00000060     rtsv7M3_T_le_eabi.lib : sprintf.obj (.text)
                  00010460    0000005c     driverlib-cm3.lib : sysctl.obj (.text:SysCtlPeripheralEnable)
                  000104bc    0000005c     rtsv7M3_T_le_eabi.lib : s_frexp.obj (.text)
                  00010518    00000056                           : ltoa.obj (.text)
                  0001056e    00000002     --HOLE-- [fill = 0]
                  00010570    00000054                           : exit.obj (.text)
                  000105c4    0000004c                           : atoi.obj (.text)
                  00010610    0000004c                           : cpy_tbl.obj (.text)
                  0001065c    00000048                           : fd_toi_t2.obj (.text)
                  000106a4    00000042     driverlib-cm3.lib : ssi.obj (.text:SSIConfigSetExpClk)
                  000106e6    00000002     --HOLE-- [fill = 0]
                  000106e8    00000040     rtsv7M3_T_le_eabi.lib : boot.obj (.text)
                  00010728    00000030                           : strncpy.obj (.text)
                  00010758    0000002e                           : i_tofd_t2.obj (.text)
                  00010786    0000002c     driverlib-cm3.lib : adc.obj (.text:ADCIntStatus)
                  000107b2    0000002a                       : adc.obj (.text:ADCSequenceConfigure)
                  000107dc    0000002a                       : gpio.obj (.text:GPIODirModeSet)
                  00010806    00000022                       : pwm.obj (.text:PWMGenConfigure)
                  00010828    00000022     rtsv7M3_T_le_eabi.lib : memcmp.obj (.text)
                  0001084a    0000001e     driverlib-cm3.lib : adc.obj (.text:ADCSequenceDataGet)
                  00010868    0000001e                       : pwm.obj (.text:PWMPulseWidthSet)
                  00010886    0000001a                       : adc.obj (.text:ADCProcessorTrigger)
                  000108a0    0000001a     rtsv7M3_T_le_eabi.lib : memccpy.obj (.text)
                  000108ba    00000002     --HOLE-- [fill = 0]
                  000108bc    00000018                           : args_main.obj (.text)
                  000108d4    00000016                           : strchr.obj (.text)
                  000108ea    00000002     --HOLE-- [fill = 0]
                  000108ec    00000014                           : _lock.obj (.text)
                  00010900    00000014                           : strlen.obj (.text)
                  00010914    00000012     driverlib-cm3.lib : gpio.obj (.text:GPIOPinTypeADC)
                  00010926    00000012                       : gpio.obj (.text:GPIOPinTypeGPIOOutput)
                  00010938    00000012                       : gpio.obj (.text:GPIOPinTypePWM)
                  0001094a    00000012                       : gpio.obj (.text:GPIOPinTypeSSI)
                  0001095c    00000012                       : pwm.obj (.text:PWMOutputState)
                  0001096e    00000012                       : ssi.obj (.text:SSIDataGetNonBlocking)
                  00010980    00000010                       : pwm.obj (.text:PWMDeadBandEnable)
                  00010990    00000010                       : pwm.obj (.text:PWMGenPeriodSet)
                  000109a0    0000000e                       : adc.obj (.text:ADCSequenceEnable)
                  000109ae    0000000e     rtsv7M3_T_le_eabi.lib : copy_decompress_none.obj (.text:decompress:none)
                  000109bc    0000000c     startup_ccs.obj (.text)
                  000109c8    0000000a     driverlib-cm3.lib : adc.obj (.text:ADCIntClear)
                  000109d2    0000000a                       : pwm.obj (.text:PWMGenEnable)
                  000109dc    0000000a                       : pwm.obj (.text:PWMGenIntTrigEnable)
                  000109e6    0000000a                       : ssi.obj (.text:SSIDataPut)
                  000109f0    0000000a                       : ssi.obj (.text:SSIDisable)
                  000109fa    0000000a                       : ssi.obj (.text:SSIEnable)
                  00010a04    00000008                       : ssi.obj (.text:SSIBusy)
                  00010a0c    00000008     rtsv7M3_T_le_eabi.lib : s_copysign.obj (.text)
                  00010a14    00000006     driverlib-cm3.lib : gpio.obj (.text:GPIOPinWrite)
                  00010a1a    00000006                       : pwm.obj (.text:PWMGenIntClear)
                  00010a20    00000006                       : sysctl.obj (.text:SysCtlDelay)
                  00010a26    00000006     rtsv7M3_T_le_eabi.lib : copy_decompress_rle.obj (.text:decompress:rle24)
                  00010a2c    00000004                           : pre_init.obj (.text)

.cinit     0    00010a30    0000004c     
                  00010a30    00000023     (.cinit..data.load) [load image, compression = rle]
                  00010a53    00000005     --HOLE-- [fill = 0]
                  00010a58    0000000b     (.cinit..bss.load) [load image, compression = rle]
                  00010a63    00000001     --HOLE-- [fill = 0]
                  00010a64    00000008     (__TI_handler_table)
                  00010a6c    00000010     (__TI_cinit_table)

.bss       0    20000000    0000290c     UNINITIALIZED
                  20000000    00002800     heap_2.obj (.bss:xHeap)
                  20002800    00000064     tasks.obj (.bss:pxReadyTasksLists)
                  20002864    00000018     screenDrawTask.obj (.bss)
                  2000287c    00000014     tasks.obj (.bss:xDelayedTaskList1)
                  20002890    00000014     tasks.obj (.bss:xDelayedTaskList2)
                  200028a4    00000014     tasks.obj (.bss:xPendingReadyList)
                  200028b8    00000014     tasks.obj (.bss:xSuspendedTaskList)
                  200028cc    00000014     tasks.obj (.bss:xTasksWaitingTermination)
                  200028e0    00000008     rit128x96x4.obj (.bss:g_pucBuffer)
                  200028e8    00000008     tasks.obj (.bss)
                  200028f0    00000008     heap_2.obj (.bss:xEnd)
                  200028f8    00000008     heap_2.obj (.bss:xStart)
                  20002900    00000004     screenDrawTask.obj (.bss:g_pusClassDSamples)
                  20002904    00000004     rit128x96x4.obj (.bss)
                  20002908    00000004     (.common:xADCQueue)

.stack     0    2000290c    00000200     UNINITIALIZED
                  2000290c    00000200     --HOLE--

.sysmem    0    20002b10    00000200     UNINITIALIZED
                  20002b10    00000008     rtsv7M3_T_le_eabi.lib : memory.obj (.sysmem)
                  20002b18    000001f8     --HOLE--

.data      0    20002d10    0000005c     UNINITIALIZED
                  20002d10    00000030     tasks.obj (.data)
                  20002d40    0000000c     rtsv7M3_T_le_eabi.lib : exit.obj (.data:$O1$$)
                  20002d4c    00000008                           : _lock.obj (.data:$O1$$)
                  20002d54    00000008     heap_2.obj (.data)
                  20002d5c    00000004     port.obj (.data)
                  20002d60    00000004     rtsv7M3_T_le_eabi.lib : errno.obj (.data)
                  20002d64    00000004                           : stkdepth_vars.obj (.data)
                  20002d68    00000004     screenDrawTask.obj (.data)

MODULE SUMMARY

       Module                     code    ro data   rw data
       ------                     ----    -------   -------
    .\
       screenDrawTask.obj         1708    48191     32     
       tasks.obj                  3188    20        256    
       rit128x96x4.obj            1296    571       12     
       queue.obj                  1556    0         0      
       list.obj                   302     0         0      
       startup_ccs.obj            12      240       0      
       main.obj                   220     0         4      
    +--+--------------------------+-------+---------+---------+
       Total:                     8282    49022     304    
                                                           
    .\portable\
       heap_2.obj                 444     2         10264  
       port.obj                   228     0         4      
       portasm.obj                156     0         0      
    +--+--------------------------+-------+---------+---------+
       Total:                     828     2         10268  
                                                           
    C:/StellarisWare/driverlib/ccs-cm3/Debug/driverlib-cm3.lib
       sysctl.obj                 794     120       0      
       gpio.obj                   306     0         0      
       adc.obj                    274     0         0      
       interrupt.obj              208     40        0      
       pwm.obj                    140     0         0      
       ssi.obj                    122     0         0      
    +--+--------------------------+-------+---------+---------+
       Total:                     1844    160       0      
                                                           
    C:\ti\ccsv6\tools\compiler\ti-cgt-arm_15.12.1.LTS\lib\rtsv7M3_T_le_eabi.lib
       _printfi.obj               4336    0         0      
       ull_div_t2.obj             500     0         0      
       fd_add_t2.obj              438     0         0      
       fd_div_t2.obj              310     0         0      
       fd_cmp_t2.obj              268     0         0      
       ctype.obj                  0       257       0      
       fd_mul_t2.obj              252     0         0      
       s_scalbn.obj               208     0         0      
       memcpy_t2.obj              156     0         0      
       memset_t2.obj              122     0         0      
       autoinit.obj               112     0         0      
       copy_decompress_rle.obj    112     0         0      
       exit.obj                   84      0         12     
       sprintf.obj                96      0         0      
       s_frexp.obj                92      0         0      
       ltoa.obj                   86      0         0      
       atoi.obj                   76      0         0      
       cpy_tbl.obj                76      0         0      
       fd_toi_t2.obj              72      0         0      
       boot.obj                   64      0         0      
       strncpy.obj                48      0         0      
       i_tofd_t2.obj              46      0         0      
       memcmp.obj                 34      0         0      
       _lock.obj                  20      0         8      
       memccpy.obj                26      0         0      
       args_main.obj              24      0         0      
       strchr.obj                 22      0         0      
       strlen.obj                 20      0         0      
       copy_decompress_none.obj   14      0         0      
       s_copysign.obj             8       0         0      
       errno.obj                  0       0         4      
       pre_init.obj               4       0         0      
       stkdepth_vars.obj          0       0         4      
       mpu_init.obj               2       0         0      
       startup.obj                2       0         0      
    +--+--------------------------+-------+---------+---------+
       Total:                     7730    257       28     
                                                           
       Heap:                      0       0         512    
       Stack:                     0       0         512    
       Linker Generated:          0       70        0      
    +--+--------------------------+-------+---------+---------+
       Grand Total:               18684   49511     11624  


LINKER GENERATED COPY TABLES

__TI_cinit_table @ 00010a6c records: 2, size/record: 8, table size: 16
	.data: load addr=00010a30, load size=00000023 bytes, run addr=20002d10, run size=0000005c bytes, compression=rle
	.bss: load addr=00010a58, load size=0000000b bytes, run addr=20000000, run size=0000290c bytes, compression=rle


LINKER GENERATED HANDLER TABLE

__TI_handler_table @ 00010a64 records: 2, size/record: 4, table size: 8
	index: 0, handler: __TI_decompress_rle24
	index: 1, handler: __TI_decompress_none


GLOBAL SYMBOLS: SORTED ALPHABETICALLY BY Name 

address   name                           
-------   ----                           
000109c9  ADCIntClear                    
00010787  ADCIntStatus                   
00010887  ADCProcessorTrigger            
000107b3  ADCSequenceConfigure           
0001084b  ADCSequenceDataGet             
000109a1  ADCSequenceEnable              
00010259  ADCSequenceStepConfigure       
00010571  C$$EXIT                        
0000e301  ClassDBusy                     
0000e165  ClassDInit                     
0000de89  ClassDPWMHandler               
0000e281  ClassDPlayADPCM                
0000e1f9  ClassDPlayPCM                  
0000e315  ClassDStop                     
0000e3a9  ClassDVolumeDown               
0000e371  ClassDVolumeSet                
0000e381  ClassDVolumeUp                 
000107dd  GPIODirModeSet                 
0000fe6d  GPIOPadConfigSet               
00010915  GPIOPinTypeADC                 
00010927  GPIOPinTypeGPIOOutput          
00010939  GPIOPinTypePWM                 
0001094b  GPIOPinTypeSSI                 
00010a15  GPIOPinWrite                   
00010331  IntDisable                     
00010399  IntEnable                      
00010981  PWMDeadBandEnable              
00010807  PWMGenConfigure                
000109d3  PWMGenEnable                   
00010a1b  PWMGenIntClear                 
000109dd  PWMGenIntTrigEnable            
00010991  PWMGenPeriodSet                
0001095d  PWMOutputState                 
00010869  PWMPulseWidthSet               
0000ec51  RIT128x96x4Clear               
0000eecf  RIT128x96x4Disable             
0000f021  RIT128x96x4DisplayOff          
0000efed  RIT128x96x4DisplayOn           
0000ee75  RIT128x96x4Enable              
0000eded  RIT128x96x4ImageDraw           
0000ef49  RIT128x96x4Init                
0000ecad  RIT128x96x4StringDraw          
000109bd  ResetISR                       
UNDEFED   SHT$$INIT_ARRAY$$Base          
UNDEFED   SHT$$INIT_ARRAY$$Limit         
00010a05  SSIBusy                        
000106a5  SSIConfigSetExpClk             
0001096f  SSIDataGetNonBlocking          
000109e7  SSIDataPut                     
000109f1  SSIDisable                     
000109fb  SSIEnable                      
0000f5c1  SysCtlClockGet                 
0000f87d  SysCtlClockSet                 
00010a21  SysCtlDelay                    
00010461  SysCtlPeripheralEnable         
20002b0c  __STACK_END                    
00000200  __STACK_SIZE                   
20002a0c  __STACK_TOP                    
00000200  __SYSMEM_SIZE                  
00010a6c  __TI_CINIT_Base                
00010a7c  __TI_CINIT_Limit               
00010a64  __TI_Handler_Table_Base        
00010a6c  __TI_Handler_Table_Limit       
000101e9  __TI_auto_init                 
20002d40  __TI_cleanup_ptr               
000109af  __TI_decompress_none           
00010a27  __TI_decompress_rle24          
20002d44  __TI_dtors_ptr                 
20002d48  __TI_enable_exit_profile_output
ffffffff  __TI_pprof_out_hndl            
0000cf0f  __TI_printfi                   
ffffffff  __TI_prof_data_size            
ffffffff  __TI_prof_data_start           
00000000  __TI_static_base__             
00010061  __aeabi_cdcmpeq                
00010061  __aeabi_cdcmple                
000100e7  __aeabi_cdrcmple               
0001065d  __aeabi_d2iz                   
0000f413  __aeabi_dadd                   
0000f745  __aeabi_ddiv                   
0000fadf  __aeabi_dmul                   
0000f409  __aeabi_dsub                   
00010759  __aeabi_i2d                    
0001016d  __aeabi_memclr                 
0001016d  __aeabi_memclr4                
0001016d  __aeabi_memclr8                
0000ffc5  __aeabi_memcpy                 
0000ffc5  __aeabi_memcpy4                
0000ffc5  __aeabi_memcpy8                
0001016f  __aeabi_memset                 
0001016f  __aeabi_memset4                
0001016f  __aeabi_memset8                
0000f059  __aeabi_uldivmod               
ffffffff  __binit__                      
ffffffff  __c_args__                     
0000f5bf  __mpu_init                     
2000290c  __stack                        
000108bd  _args_main                     
000106e9  _c_int00                       
0000be55  _ctypes_                       
20002d4c  _lock                          
000108fb  _nop                           
000108f3  _register_lock                 
000108ed  _register_unlock               
20002b10  _sys_memory                    
0000f87b  _system_post_cinit             
00010a2d  _system_pre_init               
20002d50  _unlock                        
00010575  abort                          
000105c5  atoi                           
ffffffff  binit                          
00010611  copy_in                        
00010a0d  copysign                       
00010a0d  copysignl                      
20002d60  errno                          
0001057d  exit                           
000104bd  frexp                          
000104bd  frexpl                         
00000000  g_pfnVectors                   
000000f0  g_pucPCMData                   
0000fd2d  initialiseADC                  
0000fd9d  ldexp                          
0000fd9d  ldexpl                         
00010519  ltoa                           
0000fcc1  main                           
20002d64  main_func_sp                   
0000e421  makeNoiseTask                  
000108a1  memccpy                        
00010829  memcmp                         
0000ffc5  memcpy                         
00010175  memset                         
0000e491  pollADCTask                    
0000f24d  pvPortMalloc                   
20002d10  pxCurrentTCB                   
0000fbdd  pxPortInitialiseStack          
0000e4b9  queueTestTask                  
0000fd9d  scalbn                         
0000fd9d  scalbnl                        
0000e3d5  screenDrawTask                 
00010401  sprintf                        
000108d5  strchr                         
00010901  strlen                         
00010729  strncpy                        
0000e94f  uxQueueMessagesWaiting         
0000e965  uxQueueMessagesWaitingFromISR  
0000d89d  uxTaskGetNumberOfTasks         
0000d4a5  uxTaskPriorityGet              
0000fd29  vApplicationIdleHook           
0000fd1d  vApplicationMallocFailedHook   
0000fd1f  vApplicationStackOverflowHook  
0000fd2b  vApplicationTickHook           
0000f9b1  vListInitialise                
0000f9e1  vListInitialiseItem            
0000fa35  vListInsert                    
0000f9f1  vListInsertEnd                 
0000fa9b  vListRemove                    
0000ff75  vPortClearInterruptMask        
0000ffb3  vPortEnableVFP                 
0000fc4d  vPortEndScheduler              
0000fc59  vPortEnterCritical             
0000fc69  vPortExitCritical              
0000f37f  vPortFree                      
0000f3e7  vPortInitialiseBlocks          
0000ff83  vPortSVCHandler                
0000ff67  vPortSetInterruptMask          
0000ffa1  vPortStartFirstTask            
0000fc4f  vPortYieldFromISR              
0000e977  vQueueDelete                   
0000d441  vTaskDelay                     
0000d391  vTaskDelayUntil                
0000d329  vTaskDelete                    
0000d79d  vTaskEndScheduler              
0000d8ad  vTaskIncrementTick             
0000dbb1  vTaskMissedYield               
0000da15  vTaskPlaceOnEventList          
0000ddf9  vTaskPriorityDisinherit        
0000dd6d  vTaskPriorityInherit           
0000d4e1  vTaskPrioritySet               
0000d671  vTaskResume                    
0000db13  vTaskSetTimeOutState           
0000d753  vTaskStartScheduler            
0000d5c9  vTaskSuspend                   
0000d7af  vTaskSuspendAll                
0000d955  vTaskSwitchContext             
20002908  xADCQueue                      
0000f3e1  xPortGetFreeHeapSize           
0000ff2d  xPortPendSVHandler             
0000fc25  xPortStartScheduler            
0000fc7f  xPortSysTickHandler            
0000e535  xQueueCreate                   
0000e643  xQueueCreateCountingSemaphore  
0000e5db  xQueueCreateMutex              
0000e7b3  xQueueGenericReceive           
0000e661  xQueueGenericSend              
0000e749  xQueueGenericSendFromISR       
0000eaf1  xQueueIsQueueEmptyFromISR      
0000eb2b  xQueueIsQueueFullFromISR       
0000e8e7  xQueueReceiveFromISR           
0000db39  xTaskCheckForTimeOut           
0000d215  xTaskGenericCreate             
0000dd59  xTaskGetCurrentTaskHandle      
0000d889  xTaskGetTickCount              
0000d621  xTaskIsTaskSuspended           
0000da95  xTaskRemoveFromEventList       
0000d7b9  xTaskResumeAll                 
0000d6e1  xTaskResumeFromISR             


GLOBAL SYMBOLS: SORTED BY Symbol Address 

address   name                           
-------   ----                           
00000000  __TI_static_base__             
00000000  g_pfnVectors                   
000000f0  g_pucPCMData                   
00000200  __STACK_SIZE                   
00000200  __SYSMEM_SIZE                  
0000be55  _ctypes_                       
0000cf0f  __TI_printfi                   
0000d215  xTaskGenericCreate             
0000d329  vTaskDelete                    
0000d391  vTaskDelayUntil                
0000d441  vTaskDelay                     
0000d4a5  uxTaskPriorityGet              
0000d4e1  vTaskPrioritySet               
0000d5c9  vTaskSuspend                   
0000d621  xTaskIsTaskSuspended           
0000d671  vTaskResume                    
0000d6e1  xTaskResumeFromISR             
0000d753  vTaskStartScheduler            
0000d79d  vTaskEndScheduler              
0000d7af  vTaskSuspendAll                
0000d7b9  xTaskResumeAll                 
0000d889  xTaskGetTickCount              
0000d89d  uxTaskGetNumberOfTasks         
0000d8ad  vTaskIncrementTick             
0000d955  vTaskSwitchContext             
0000da15  vTaskPlaceOnEventList          
0000da95  xTaskRemoveFromEventList       
0000db13  vTaskSetTimeOutState           
0000db39  xTaskCheckForTimeOut           
0000dbb1  vTaskMissedYield               
0000dd59  xTaskGetCurrentTaskHandle      
0000dd6d  vTaskPriorityInherit           
0000ddf9  vTaskPriorityDisinherit        
0000de89  ClassDPWMHandler               
0000e165  ClassDInit                     
0000e1f9  ClassDPlayPCM                  
0000e281  ClassDPlayADPCM                
0000e301  ClassDBusy                     
0000e315  ClassDStop                     
0000e371  ClassDVolumeSet                
0000e381  ClassDVolumeUp                 
0000e3a9  ClassDVolumeDown               
0000e3d5  screenDrawTask                 
0000e421  makeNoiseTask                  
0000e491  pollADCTask                    
0000e4b9  queueTestTask                  
0000e535  xQueueCreate                   
0000e5db  xQueueCreateMutex              
0000e643  xQueueCreateCountingSemaphore  
0000e661  xQueueGenericSend              
0000e749  xQueueGenericSendFromISR       
0000e7b3  xQueueGenericReceive           
0000e8e7  xQueueReceiveFromISR           
0000e94f  uxQueueMessagesWaiting         
0000e965  uxQueueMessagesWaitingFromISR  
0000e977  vQueueDelete                   
0000eaf1  xQueueIsQueueEmptyFromISR      
0000eb2b  xQueueIsQueueFullFromISR       
0000ec51  RIT128x96x4Clear               
0000ecad  RIT128x96x4StringDraw          
0000eded  RIT128x96x4ImageDraw           
0000ee75  RIT128x96x4Enable              
0000eecf  RIT128x96x4Disable             
0000ef49  RIT128x96x4Init                
0000efed  RIT128x96x4DisplayOn           
0000f021  RIT128x96x4DisplayOff          
0000f059  __aeabi_uldivmod               
0000f24d  pvPortMalloc                   
0000f37f  vPortFree                      
0000f3e1  xPortGetFreeHeapSize           
0000f3e7  vPortInitialiseBlocks          
0000f409  __aeabi_dsub                   
0000f413  __aeabi_dadd                   
0000f5bf  __mpu_init                     
0000f5c1  SysCtlClockGet                 
0000f745  __aeabi_ddiv                   
0000f87b  _system_post_cinit             
0000f87d  SysCtlClockSet                 
0000f9b1  vListInitialise                
0000f9e1  vListInitialiseItem            
0000f9f1  vListInsertEnd                 
0000fa35  vListInsert                    
0000fa9b  vListRemove                    
0000fadf  __aeabi_dmul                   
0000fbdd  pxPortInitialiseStack          
0000fc25  xPortStartScheduler            
0000fc4d  vPortEndScheduler              
0000fc4f  vPortYieldFromISR              
0000fc59  vPortEnterCritical             
0000fc69  vPortExitCritical              
0000fc7f  xPortSysTickHandler            
0000fcc1  main                           
0000fd1d  vApplicationMallocFailedHook   
0000fd1f  vApplicationStackOverflowHook  
0000fd29  vApplicationIdleHook           
0000fd2b  vApplicationTickHook           
0000fd2d  initialiseADC                  
0000fd9d  ldexp                          
0000fd9d  ldexpl                         
0000fd9d  scalbn                         
0000fd9d  scalbnl                        
0000fe6d  GPIOPadConfigSet               
0000ff2d  xPortPendSVHandler             
0000ff67  vPortSetInterruptMask          
0000ff75  vPortClearInterruptMask        
0000ff83  vPortSVCHandler                
0000ffa1  vPortStartFirstTask            
0000ffb3  vPortEnableVFP                 
0000ffc5  __aeabi_memcpy                 
0000ffc5  __aeabi_memcpy4                
0000ffc5  __aeabi_memcpy8                
0000ffc5  memcpy                         
00010061  __aeabi_cdcmpeq                
00010061  __aeabi_cdcmple                
000100e7  __aeabi_cdrcmple               
0001016d  __aeabi_memclr                 
0001016d  __aeabi_memclr4                
0001016d  __aeabi_memclr8                
0001016f  __aeabi_memset                 
0001016f  __aeabi_memset4                
0001016f  __aeabi_memset8                
00010175  memset                         
000101e9  __TI_auto_init                 
00010259  ADCSequenceStepConfigure       
00010331  IntDisable                     
00010399  IntEnable                      
00010401  sprintf                        
00010461  SysCtlPeripheralEnable         
000104bd  frexp                          
000104bd  frexpl                         
00010519  ltoa                           
00010571  C$$EXIT                        
00010575  abort                          
0001057d  exit                           
000105c5  atoi                           
00010611  copy_in                        
0001065d  __aeabi_d2iz                   
000106a5  SSIConfigSetExpClk             
000106e9  _c_int00                       
00010729  strncpy                        
00010759  __aeabi_i2d                    
00010787  ADCIntStatus                   
000107b3  ADCSequenceConfigure           
000107dd  GPIODirModeSet                 
00010807  PWMGenConfigure                
00010829  memcmp                         
0001084b  ADCSequenceDataGet             
00010869  PWMPulseWidthSet               
00010887  ADCProcessorTrigger            
000108a1  memccpy                        
000108bd  _args_main                     
000108d5  strchr                         
000108ed  _register_unlock               
000108f3  _register_lock                 
000108fb  _nop                           
00010901  strlen                         
00010915  GPIOPinTypeADC                 
00010927  GPIOPinTypeGPIOOutput          
00010939  GPIOPinTypePWM                 
0001094b  GPIOPinTypeSSI                 
0001095d  PWMOutputState                 
0001096f  SSIDataGetNonBlocking          
00010981  PWMDeadBandEnable              
00010991  PWMGenPeriodSet                
000109a1  ADCSequenceEnable              
000109af  __TI_decompress_none           
000109bd  ResetISR                       
000109c9  ADCIntClear                    
000109d3  PWMGenEnable                   
000109dd  PWMGenIntTrigEnable            
000109e7  SSIDataPut                     
000109f1  SSIDisable                     
000109fb  SSIEnable                      
00010a05  SSIBusy                        
00010a0d  copysign                       
00010a0d  copysignl                      
00010a15  GPIOPinWrite                   
00010a1b  PWMGenIntClear                 
00010a21  SysCtlDelay                    
00010a27  __TI_decompress_rle24          
00010a2d  _system_pre_init               
00010a64  __TI_Handler_Table_Base        
00010a6c  __TI_CINIT_Base                
00010a6c  __TI_Handler_Table_Limit       
00010a7c  __TI_CINIT_Limit               
20002908  xADCQueue                      
2000290c  __stack                        
20002a0c  __STACK_TOP                    
20002b0c  __STACK_END                    
20002b10  _sys_memory                    
20002d10  pxCurrentTCB                   
20002d40  __TI_cleanup_ptr               
20002d44  __TI_dtors_ptr                 
20002d48  __TI_enable_exit_profile_output
20002d4c  _lock                          
20002d50  _unlock                        
20002d60  errno                          
20002d64  main_func_sp                   
ffffffff  __TI_pprof_out_hndl            
ffffffff  __TI_prof_data_size            
ffffffff  __TI_prof_data_start           
ffffffff  __binit__                      
ffffffff  __c_args__                     
ffffffff  binit                          
UNDEFED   SHT$$INIT_ARRAY$$Base          
UNDEFED   SHT$$INIT_ARRAY$$Limit         

[206 symbols]
