******************************************************************************
                  TI ARM Linker PC v15.12.1                    
******************************************************************************
>> Linked Sun Aug 07 15:14:29 2016

OUTPUT FILE NAME:   <FRT.out>
ENTRY POINT SYMBOL: "_c_int00"  address: 000106b9


MEMORY CONFIGURATION

         name            origin    length      used     unused   attr    fill
----------------------  --------  ---------  --------  --------  ----  --------
  FLASH                 00000000   00040000  00010a2e  0002f5d2  R  X
  SRAM                  20000000   00010000  00002d68  0000d298  RW X


SEGMENT ALLOCATION MAP

run origin  load origin   length   init length attrs members
----------  ----------- ---------- ----------- ----- -------
00000000    00000000    00010a34   00010a34    r-x
  00000000    00000000    000000f0   000000f0    r-- .intvecs
  000000f0    000000f0    0000c032   0000c032    r-- .const
  0000c124    0000c124    000048c0   000048c0    r-x .text
  000109e8    000109e8    0000004c   0000004c    r-- .cinit
20000000    20000000    00002d6c   00000000    rw-
  20000000    20000000    0000290c   00000000    rw- .bss
  2000290c    2000290c    00000200   00000000    rw- .stack
  20002b10    20002b10    00000200   00000000    rw- .sysmem
  20002d10    20002d10    0000005c   00000000    rw- .data


SECTION ALLOCATION MAP

 output                                  attributes/
section   page    origin      length       input sections
--------  ----  ----------  ----------   ----------------
.intvecs   0    00000000    000000f0     
                  00000000    000000f0     startup_ccs.obj (.intvecs)

.const     0    000000f0    0000c032     
                  000000f0    0000bb85     screenDrawTask.obj (.const:.string:g_pucPCMData)
                  0000bc75    000001e0     rit128x96x4.obj (.const:g_pucFont)
                  0000be55    00000101     rtsv7M3_T_le_eabi.lib : ctype.obj (.const:.string:_ctypes_)
                  0000bf56    000000b2     screenDrawTask.obj (.const:g_pusADPCMStep)
                  0000c008    0000006c     driverlib-cm3.lib : sysctl.obj (.const:g_pulXtals)
                  0000c074    0000004f     rit128x96x4.obj (.const:.string:g_pucRIT128x96x4Init)
                  0000c0c3    00000014     tasks.obj (.const:.string:ucExpectedStackBytes$1)
                  0000c0d7    00000001     --HOLE-- [fill = 0]
                  0000c0d8    00000014     driverlib-cm3.lib : interrupt.obj (.const:g_pulDisRegs)
                  0000c0ec    00000014                       : interrupt.obj (.const:g_pulEnRegs)
                  0000c100    0000000c                       : sysctl.obj (.const:g_pulRCGCRegs)
                  0000c10c    00000008     screenDrawTask.obj (.const:.string:g_pcADPCMIndex)
                  0000c114    00000003     rit128x96x4.obj (.const:.string:pucCommand1$1)
                  0000c117    00000003     rit128x96x4.obj (.const:.string:pucCommand2$2)
                  0000c11a    00000002     rit128x96x4.obj (.const:.string:g_pucRIT128x96x4HorizontalInc)
                  0000c11c    00000002     rit128x96x4.obj (.const:.string:g_pucRIT128x96x4VerticalInc)
                  0000c11e    00000002     rit128x96x4.obj (.const:.string:pucCommand1$3)
                  0000c120    00000002     heap_2.obj (.const)

.text      0    0000c124    000048c0     
                  0000c124    000010f0     rtsv7M3_T_le_eabi.lib : _printfi.obj (.text)
                  0000d214    00000c74     tasks.obj (.text)
                  0000de88    000006d0     screenDrawTask.obj (.text)
                  0000e558    00000614     queue.obj (.text)
                  0000eb6c    00000510     rit128x96x4.obj (.text)
                  0000f07c    000001f4     rtsv7M3_T_le_eabi.lib : ull_div_t2.obj (.text)
                  0000f270    000001bc     heap_2.obj (.text)
                  0000f42c    000001b6     rtsv7M3_T_le_eabi.lib : fd_add_t2.obj (.text)
                  0000f5e2    00000002                           : mpu_init.obj (.text)
                  0000f5e4    00000184     driverlib-cm3.lib : sysctl.obj (.text:SysCtlClockGet)
                  0000f768    00000136     rtsv7M3_T_le_eabi.lib : fd_div_t2.obj (.text)
                  0000f89e    00000002                           : startup.obj (.text)
                  0000f8a0    00000134     driverlib-cm3.lib : sysctl.obj (.text:SysCtlClockSet)
                  0000f9d4    0000012e     list.obj (.text)
                  0000fb02    000000fc     rtsv7M3_T_le_eabi.lib : fd_mul_t2.obj (.text)
                  0000fbfe    00000002     --HOLE-- [fill = 0]
                  0000fc00    000000e4     port.obj (.text)
                  0000fce4    000000d0     rtsv7M3_T_le_eabi.lib : s_scalbn.obj (.text)
                  0000fdb4    000000ba     driverlib-cm3.lib : gpio.obj (.text:GPIOPadConfigSet)
                  0000fe6e    00000002     --HOLE-- [fill = 0]
                  0000fe70    0000009c     portasm.obj (.text)
                  0000ff0c    0000009c     rtsv7M3_T_le_eabi.lib : memcpy_t2.obj (.text)
                  0000ffa8    00000088     main.obj (.text)
                  00010030    00000086     rtsv7M3_T_le_eabi.lib : fd_cmp_t2.obj (.text:__aeabi_cdcmple)
                  000100b6    00000086                           : fd_cmp_t2.obj (.text:__aeabi_cdrcmple)
                  0001013c    0000007a                           : memset_t2.obj (.text)
                  000101b6    00000002     --HOLE-- [fill = 0]
                  000101b8    00000070                           : autoinit.obj (.text)
                  00010228    0000006c     driverlib-cm3.lib : adc.obj (.text:ADCSequenceStepConfigure)
                  00010294    0000006a     rtsv7M3_T_le_eabi.lib : copy_decompress_rle.obj (.text)
                  000102fe    00000002     --HOLE-- [fill = 0]
                  00010300    00000068     driverlib-cm3.lib : interrupt.obj (.text:IntDisable)
                  00010368    00000068                       : interrupt.obj (.text:IntEnable)
                  000103d0    00000060     rtsv7M3_T_le_eabi.lib : sprintf.obj (.text)
                  00010430    0000005c     driverlib-cm3.lib : sysctl.obj (.text:SysCtlPeripheralEnable)
                  0001048c    0000005c     rtsv7M3_T_le_eabi.lib : s_frexp.obj (.text)
                  000104e8    00000056                           : ltoa.obj (.text)
                  0001053e    00000002     --HOLE-- [fill = 0]
                  00010540    00000054                           : exit.obj (.text)
                  00010594    0000004c                           : atoi.obj (.text)
                  000105e0    0000004c                           : cpy_tbl.obj (.text)
                  0001062c    00000048                           : fd_toi_t2.obj (.text)
                  00010674    00000042     driverlib-cm3.lib : ssi.obj (.text:SSIConfigSetExpClk)
                  000106b6    00000002     --HOLE-- [fill = 0]
                  000106b8    00000040     rtsv7M3_T_le_eabi.lib : boot.obj (.text)
                  000106f8    00000030                           : strncpy.obj (.text)
                  00010728    0000002e                           : i_tofd_t2.obj (.text)
                  00010756    0000002c     driverlib-cm3.lib : adc.obj (.text:ADCIntStatus)
                  00010782    0000002a                       : adc.obj (.text:ADCSequenceConfigure)
                  000107ac    0000002a                       : gpio.obj (.text:GPIODirModeSet)
                  000107d6    00000022                       : pwm.obj (.text:PWMGenConfigure)
                  000107f8    00000022     rtsv7M3_T_le_eabi.lib : memcmp.obj (.text)
                  0001081a    0000001e     driverlib-cm3.lib : adc.obj (.text:ADCSequenceDataGet)
                  00010838    0000001e                       : pwm.obj (.text:PWMPulseWidthSet)
                  00010856    0000001a                       : adc.obj (.text:ADCProcessorTrigger)
                  00010870    0000001a     rtsv7M3_T_le_eabi.lib : memccpy.obj (.text)
                  0001088a    00000002     --HOLE-- [fill = 0]
                  0001088c    00000018                           : args_main.obj (.text)
                  000108a4    00000016                           : strchr.obj (.text)
                  000108ba    00000002     --HOLE-- [fill = 0]
                  000108bc    00000014                           : _lock.obj (.text)
                  000108d0    00000014                           : strlen.obj (.text)
                  000108e4    00000012     driverlib-cm3.lib : gpio.obj (.text:GPIOPinTypeGPIOOutput)
                  000108f6    00000012                       : gpio.obj (.text:GPIOPinTypePWM)
                  00010908    00000012                       : gpio.obj (.text:GPIOPinTypeSSI)
                  0001091a    00000012                       : pwm.obj (.text:PWMOutputState)
                  0001092c    00000012                       : ssi.obj (.text:SSIDataGetNonBlocking)
                  0001093e    00000010                       : pwm.obj (.text:PWMDeadBandEnable)
                  0001094e    00000010                       : pwm.obj (.text:PWMGenPeriodSet)
                  0001095e    0000000e                       : adc.obj (.text:ADCSequenceEnable)
                  0001096c    0000000e     rtsv7M3_T_le_eabi.lib : copy_decompress_none.obj (.text:decompress:none)
                  0001097a    0000000c     startup_ccs.obj (.text)
                  00010986    0000000a     driverlib-cm3.lib : pwm.obj (.text:PWMGenEnable)
                  00010990    0000000a                       : pwm.obj (.text:PWMGenIntTrigEnable)
                  0001099a    0000000a                       : ssi.obj (.text:SSIDataPut)
                  000109a4    0000000a                       : ssi.obj (.text:SSIDisable)
                  000109ae    0000000a                       : ssi.obj (.text:SSIEnable)
                  000109b8    00000008                       : ssi.obj (.text:SSIBusy)
                  000109c0    00000008     rtsv7M3_T_le_eabi.lib : s_copysign.obj (.text)
                  000109c8    00000006     driverlib-cm3.lib : gpio.obj (.text:GPIOPinWrite)
                  000109ce    00000006                       : pwm.obj (.text:PWMGenIntClear)
                  000109d4    00000006                       : sysctl.obj (.text:SysCtlDelay)
                  000109da    00000006     rtsv7M3_T_le_eabi.lib : copy_decompress_rle.obj (.text:decompress:rle24)
                  000109e0    00000004                           : pre_init.obj (.text)

.cinit     0    000109e8    0000004c     
                  000109e8    00000023     (.cinit..data.load) [load image, compression = rle]
                  00010a0b    00000005     --HOLE-- [fill = 0]
                  00010a10    0000000b     (.cinit..bss.load) [load image, compression = rle]
                  00010a1b    00000001     --HOLE-- [fill = 0]
                  00010a1c    00000008     (__TI_handler_table)
                  00010a24    00000010     (__TI_cinit_table)

.bss       0    20000000    0000290c     UNINITIALIZED
                  20000000    00002800     heap_2.obj (.bss:xHeap)
                  20002800    00000064     tasks.obj (.bss:pxReadyTasksLists)
                  20002864    00000018     screenDrawTask.obj (.bss)
                  2000287c    00000014     tasks.obj (.bss:xDelayedTaskList1)
                  20002890    00000014     tasks.obj (.bss:xDelayedTaskList2)
                  200028a4    00000014     tasks.obj (.bss:xPendingReadyList)
                  200028b8    00000014     tasks.obj (.bss:xSuspendedTaskList)
                  200028cc    00000014     tasks.obj (.bss:xTasksWaitingTermination)
                  200028e0    00000008     rit128x96x4.obj (.bss:g_pucBuffer)
                  200028e8    00000008     tasks.obj (.bss)
                  200028f0    00000008     heap_2.obj (.bss:xEnd)
                  200028f8    00000008     heap_2.obj (.bss:xStart)
                  20002900    00000004     screenDrawTask.obj (.bss:g_pusClassDSamples)
                  20002904    00000004     rit128x96x4.obj (.bss)
                  20002908    00000004     (.common:xADCQueue)

.stack     0    2000290c    00000200     UNINITIALIZED
                  2000290c    00000200     --HOLE--

.sysmem    0    20002b10    00000200     UNINITIALIZED
                  20002b10    00000008     rtsv7M3_T_le_eabi.lib : memory.obj (.sysmem)
                  20002b18    000001f8     --HOLE--

.data      0    20002d10    0000005c     UNINITIALIZED
                  20002d10    00000030     tasks.obj (.data)
                  20002d40    0000000c     rtsv7M3_T_le_eabi.lib : exit.obj (.data:$O1$$)
                  20002d4c    00000008                           : _lock.obj (.data:$O1$$)
                  20002d54    00000008     heap_2.obj (.data)
                  20002d5c    00000004     port.obj (.data)
                  20002d60    00000004     rtsv7M3_T_le_eabi.lib : errno.obj (.data)
                  20002d64    00000004                           : stkdepth_vars.obj (.data)
                  20002d68    00000004     screenDrawTask.obj (.data)

MODULE SUMMARY

       Module                     code    ro data   rw data
       ------                     ----    -------   -------
    .\
       screenDrawTask.obj         1744    48191     32     
       tasks.obj                  3188    20        256    
       rit128x96x4.obj            1296    571       12     
       queue.obj                  1556    0         0      
       list.obj                   302     0         0      
       startup_ccs.obj            12      240       0      
       main.obj                   136     0         4      
    +--+--------------------------+-------+---------+---------+
       Total:                     8234    49022     304    
                                                           
    .\portable\
       heap_2.obj                 444     2         10264  
       port.obj                   228     0         4      
       portasm.obj                156     0         0      
    +--+--------------------------+-------+---------+---------+
       Total:                     828     2         10268  
                                                           
    C:/StellarisWare/driverlib/ccs-cm3/Debug/driverlib-cm3.lib
       sysctl.obj                 794     120       0      
       gpio.obj                   288     0         0      
       adc.obj                    264     0         0      
       interrupt.obj              208     40        0      
       pwm.obj                    140     0         0      
       ssi.obj                    122     0         0      
    +--+--------------------------+-------+---------+---------+
       Total:                     1816    160       0      
                                                           
    C:\ti\ccsv6\tools\compiler\ti-cgt-arm_15.12.1.LTS\lib\rtsv7M3_T_le_eabi.lib
       _printfi.obj               4336    0         0      
       ull_div_t2.obj             500     0         0      
       fd_add_t2.obj              438     0         0      
       fd_div_t2.obj              310     0         0      
       fd_cmp_t2.obj              268     0         0      
       ctype.obj                  0       257       0      
       fd_mul_t2.obj              252     0         0      
       s_scalbn.obj               208     0         0      
       memcpy_t2.obj              156     0         0      
       memset_t2.obj              122     0         0      
       autoinit.obj               112     0         0      
       copy_decompress_rle.obj    112     0         0      
       exit.obj                   84      0         12     
       sprintf.obj                96      0         0      
       s_frexp.obj                92      0         0      
       ltoa.obj                   86      0         0      
       atoi.obj                   76      0         0      
       cpy_tbl.obj                76      0         0      
       fd_toi_t2.obj              72      0         0      
       boot.obj                   64      0         0      
       strncpy.obj                48      0         0      
       i_tofd_t2.obj              46      0         0      
       memcmp.obj                 34      0         0      
       _lock.obj                  20      0         8      
       memccpy.obj                26      0         0      
       args_main.obj              24      0         0      
       strchr.obj                 22      0         0      
       strlen.obj                 20      0         0      
       copy_decompress_none.obj   14      0         0      
       s_copysign.obj             8       0         0      
       errno.obj                  0       0         4      
       pre_init.obj               4       0         0      
       stkdepth_vars.obj          0       0         4      
       mpu_init.obj               2       0         0      
       startup.obj                2       0         0      
    +--+--------------------------+-------+---------+---------+
       Total:                     7730    257       28     
                                                           
       Heap:                      0       0         512    
       Stack:                     0       0         512    
       Linker Generated:          0       70        0      
    +--+--------------------------+-------+---------+---------+
       Grand Total:               18608   49511     11624  


LINKER GENERATED COPY TABLES

__TI_cinit_table @ 00010a24 records: 2, size/record: 8, table size: 16
	.data: load addr=000109e8, load size=00000023 bytes, run addr=20002d10, run size=0000005c bytes, compression=rle
	.bss: load addr=00010a10, load size=0000000b bytes, run addr=20000000, run size=0000290c bytes, compression=rle


LINKER GENERATED HANDLER TABLE

__TI_handler_table @ 00010a1c records: 2, size/record: 4, table size: 8
	index: 0, handler: __TI_decompress_rle24
	index: 1, handler: __TI_decompress_none


GLOBAL SYMBOLS: SORTED ALPHABETICALLY BY Name 

address   name                           
-------   ----                           
00010757  ADCIntStatus                   
00010857  ADCProcessorTrigger            
00010783  ADCSequenceConfigure           
0001081b  ADCSequenceDataGet             
0001095f  ADCSequenceEnable              
00010229  ADCSequenceStepConfigure       
00010541  C$$EXIT                        
0000e301  ClassDBusy                     
0000e165  ClassDInit                     
0000de89  ClassDPWMHandler               
0000e281  ClassDPlayADPCM                
0000e1f9  ClassDPlayPCM                  
0000e315  ClassDStop                     
0000e3a9  ClassDVolumeDown               
0000e371  ClassDVolumeSet                
0000e381  ClassDVolumeUp                 
000107ad  GPIODirModeSet                 
0000fdb5  GPIOPadConfigSet               
000108e5  GPIOPinTypeGPIOOutput          
000108f7  GPIOPinTypePWM                 
00010909  GPIOPinTypeSSI                 
000109c9  GPIOPinWrite                   
00010301  IntDisable                     
00010369  IntEnable                      
0001093f  PWMDeadBandEnable              
000107d7  PWMGenConfigure                
00010987  PWMGenEnable                   
000109cf  PWMGenIntClear                 
00010991  PWMGenIntTrigEnable            
0001094f  PWMGenPeriodSet                
0001091b  PWMOutputState                 
00010839  PWMPulseWidthSet               
0000ec75  RIT128x96x4Clear               
0000eef3  RIT128x96x4Disable             
0000f045  RIT128x96x4DisplayOff          
0000f011  RIT128x96x4DisplayOn           
0000ee99  RIT128x96x4Enable              
0000ee11  RIT128x96x4ImageDraw           
0000ef6d  RIT128x96x4Init                
0000ecd1  RIT128x96x4StringDraw          
0001097b  ResetISR                       
UNDEFED   SHT$$INIT_ARRAY$$Base          
UNDEFED   SHT$$INIT_ARRAY$$Limit         
000109b9  SSIBusy                        
00010675  SSIConfigSetExpClk             
0001092d  SSIDataGetNonBlocking          
0001099b  SSIDataPut                     
000109a5  SSIDisable                     
000109af  SSIEnable                      
0000f5e5  SysCtlClockGet                 
0000f8a1  SysCtlClockSet                 
000109d5  SysCtlDelay                    
00010431  SysCtlPeripheralEnable         
20002b0c  __STACK_END                    
00000200  __STACK_SIZE                   
20002a0c  __STACK_TOP                    
00000200  __SYSMEM_SIZE                  
00010a24  __TI_CINIT_Base                
00010a34  __TI_CINIT_Limit               
00010a1c  __TI_Handler_Table_Base        
00010a24  __TI_Handler_Table_Limit       
000101b9  __TI_auto_init                 
20002d40  __TI_cleanup_ptr               
0001096d  __TI_decompress_none           
000109db  __TI_decompress_rle24          
20002d44  __TI_dtors_ptr                 
20002d48  __TI_enable_exit_profile_output
ffffffff  __TI_pprof_out_hndl            
0000cf0f  __TI_printfi                   
ffffffff  __TI_prof_data_size            
ffffffff  __TI_prof_data_start           
00000000  __TI_static_base__             
00010031  __aeabi_cdcmpeq                
00010031  __aeabi_cdcmple                
000100b7  __aeabi_cdrcmple               
0001062d  __aeabi_d2iz                   
0000f437  __aeabi_dadd                   
0000f769  __aeabi_ddiv                   
0000fb03  __aeabi_dmul                   
0000f42d  __aeabi_dsub                   
00010729  __aeabi_i2d                    
0001013d  __aeabi_memclr                 
0001013d  __aeabi_memclr4                
0001013d  __aeabi_memclr8                
0000ff0d  __aeabi_memcpy                 
0000ff0d  __aeabi_memcpy4                
0000ff0d  __aeabi_memcpy8                
0001013f  __aeabi_memset                 
0001013f  __aeabi_memset4                
0001013f  __aeabi_memset8                
0000f07d  __aeabi_uldivmod               
ffffffff  __binit__                      
ffffffff  __c_args__                     
0000f5e3  __mpu_init                     
2000290c  __stack                        
0001088d  _args_main                     
000106b9  _c_int00                       
0000be55  _ctypes_                       
20002d4c  _lock                          
000108cb  _nop                           
000108c3  _register_lock                 
000108bd  _register_unlock               
20002b10  _sys_memory                    
0000f89f  _system_post_cinit             
000109e1  _system_pre_init               
20002d50  _unlock                        
00010545  abort                          
00010595  atoi                           
ffffffff  binit                          
000105e1  copy_in                        
000109c1  copysign                       
000109c1  copysignl                      
20002d60  errno                          
0001054d  exit                           
0001048d  frexp                          
0001048d  frexpl                         
00000000  g_pfnVectors                   
000000f0  g_pucPCMData                   
0000fce5  ldexp                          
0000fce5  ldexpl                         
000104e9  ltoa                           
0000ffa9  main                           
20002d64  main_func_sp                   
0000e421  makeNoiseTask                  
00010871  memccpy                        
000107f9  memcmp                         
0000ff0d  memcpy                         
00010145  memset                         
0000e491  pollADCTask                    
0000f271  pvPortMalloc                   
20002d10  pxCurrentTCB                   
0000fc01  pxPortInitialiseStack          
0000e4dd  queueTestTask                  
0000fce5  scalbn                         
0000fce5  scalbnl                        
0000e3d5  screenDrawTask                 
000103d1  sprintf                        
000108a5  strchr                         
000108d1  strlen                         
000106f9  strncpy                        
0000e973  uxQueueMessagesWaiting         
0000e989  uxQueueMessagesWaitingFromISR  
0000d89d  uxTaskGetNumberOfTasks         
0000d4a5  uxTaskPriorityGet              
0001000d  vApplicationIdleHook           
00010001  vApplicationMallocFailedHook   
00010003  vApplicationStackOverflowHook  
0001000f  vApplicationTickHook           
0000f9d5  vListInitialise                
0000fa05  vListInitialiseItem            
0000fa59  vListInsert                    
0000fa15  vListInsertEnd                 
0000fabf  vListRemove                    
0000febd  vPortClearInterruptMask        
0000fefb  vPortEnableVFP                 
0000fc71  vPortEndScheduler              
0000fc7d  vPortEnterCritical             
0000fc8d  vPortExitCritical              
0000f3a3  vPortFree                      
0000f40b  vPortInitialiseBlocks          
0000fecb  vPortSVCHandler                
0000feaf  vPortSetInterruptMask          
0000fee9  vPortStartFirstTask            
0000fc73  vPortYieldFromISR              
0000e99b  vQueueDelete                   
0000d441  vTaskDelay                     
0000d391  vTaskDelayUntil                
0000d329  vTaskDelete                    
0000d79d  vTaskEndScheduler              
0000d8ad  vTaskIncrementTick             
0000dbb1  vTaskMissedYield               
0000da15  vTaskPlaceOnEventList          
0000ddf9  vTaskPriorityDisinherit        
0000dd6d  vTaskPriorityInherit           
0000d4e1  vTaskPrioritySet               
0000d671  vTaskResume                    
0000db13  vTaskSetTimeOutState           
0000d753  vTaskStartScheduler            
0000d5c9  vTaskSuspend                   
0000d7af  vTaskSuspendAll                
0000d955  vTaskSwitchContext             
20002908  xADCQueue                      
0000f405  xPortGetFreeHeapSize           
0000fe75  xPortPendSVHandler             
0000fc49  xPortStartScheduler            
0000fca3  xPortSysTickHandler            
0000e559  xQueueCreate                   
0000e667  xQueueCreateCountingSemaphore  
0000e5ff  xQueueCreateMutex              
0000e7d7  xQueueGenericReceive           
0000e685  xQueueGenericSend              
0000e76d  xQueueGenericSendFromISR       
0000eb15  xQueueIsQueueEmptyFromISR      
0000eb4f  xQueueIsQueueFullFromISR       
0000e90b  xQueueReceiveFromISR           
0000db39  xTaskCheckForTimeOut           
0000d215  xTaskGenericCreate             
0000dd59  xTaskGetCurrentTaskHandle      
0000d889  xTaskGetTickCount              
0000d621  xTaskIsTaskSuspended           
0000da95  xTaskRemoveFromEventList       
0000d7b9  xTaskResumeAll                 
0000d6e1  xTaskResumeFromISR             


GLOBAL SYMBOLS: SORTED BY Symbol Address 

address   name                           
-------   ----                           
00000000  __TI_static_base__             
00000000  g_pfnVectors                   
000000f0  g_pucPCMData                   
00000200  __STACK_SIZE                   
00000200  __SYSMEM_SIZE                  
0000be55  _ctypes_                       
0000cf0f  __TI_printfi                   
0000d215  xTaskGenericCreate             
0000d329  vTaskDelete                    
0000d391  vTaskDelayUntil                
0000d441  vTaskDelay                     
0000d4a5  uxTaskPriorityGet              
0000d4e1  vTaskPrioritySet               
0000d5c9  vTaskSuspend                   
0000d621  xTaskIsTaskSuspended           
0000d671  vTaskResume                    
0000d6e1  xTaskResumeFromISR             
0000d753  vTaskStartScheduler            
0000d79d  vTaskEndScheduler              
0000d7af  vTaskSuspendAll                
0000d7b9  xTaskResumeAll                 
0000d889  xTaskGetTickCount              
0000d89d  uxTaskGetNumberOfTasks         
0000d8ad  vTaskIncrementTick             
0000d955  vTaskSwitchContext             
0000da15  vTaskPlaceOnEventList          
0000da95  xTaskRemoveFromEventList       
0000db13  vTaskSetTimeOutState           
0000db39  xTaskCheckForTimeOut           
0000dbb1  vTaskMissedYield               
0000dd59  xTaskGetCurrentTaskHandle      
0000dd6d  vTaskPriorityInherit           
0000ddf9  vTaskPriorityDisinherit        
0000de89  ClassDPWMHandler               
0000e165  ClassDInit                     
0000e1f9  ClassDPlayPCM                  
0000e281  ClassDPlayADPCM                
0000e301  ClassDBusy                     
0000e315  ClassDStop                     
0000e371  ClassDVolumeSet                
0000e381  ClassDVolumeUp                 
0000e3a9  ClassDVolumeDown               
0000e3d5  screenDrawTask                 
0000e421  makeNoiseTask                  
0000e491  pollADCTask                    
0000e4dd  queueTestTask                  
0000e559  xQueueCreate                   
0000e5ff  xQueueCreateMutex              
0000e667  xQueueCreateCountingSemaphore  
0000e685  xQueueGenericSend              
0000e76d  xQueueGenericSendFromISR       
0000e7d7  xQueueGenericReceive           
0000e90b  xQueueReceiveFromISR           
0000e973  uxQueueMessagesWaiting         
0000e989  uxQueueMessagesWaitingFromISR  
0000e99b  vQueueDelete                   
0000eb15  xQueueIsQueueEmptyFromISR      
0000eb4f  xQueueIsQueueFullFromISR       
0000ec75  RIT128x96x4Clear               
0000ecd1  RIT128x96x4StringDraw          
0000ee11  RIT128x96x4ImageDraw           
0000ee99  RIT128x96x4Enable              
0000eef3  RIT128x96x4Disable             
0000ef6d  RIT128x96x4Init                
0000f011  RIT128x96x4DisplayOn           
0000f045  RIT128x96x4DisplayOff          
0000f07d  __aeabi_uldivmod               
0000f271  pvPortMalloc                   
0000f3a3  vPortFree                      
0000f405  xPortGetFreeHeapSize           
0000f40b  vPortInitialiseBlocks          
0000f42d  __aeabi_dsub                   
0000f437  __aeabi_dadd                   
0000f5e3  __mpu_init                     
0000f5e5  SysCtlClockGet                 
0000f769  __aeabi_ddiv                   
0000f89f  _system_post_cinit             
0000f8a1  SysCtlClockSet                 
0000f9d5  vListInitialise                
0000fa05  vListInitialiseItem            
0000fa15  vListInsertEnd                 
0000fa59  vListInsert                    
0000fabf  vListRemove                    
0000fb03  __aeabi_dmul                   
0000fc01  pxPortInitialiseStack          
0000fc49  xPortStartScheduler            
0000fc71  vPortEndScheduler              
0000fc73  vPortYieldFromISR              
0000fc7d  vPortEnterCritical             
0000fc8d  vPortExitCritical              
0000fca3  xPortSysTickHandler            
0000fce5  ldexp                          
0000fce5  ldexpl                         
0000fce5  scalbn                         
0000fce5  scalbnl                        
0000fdb5  GPIOPadConfigSet               
0000fe75  xPortPendSVHandler             
0000feaf  vPortSetInterruptMask          
0000febd  vPortClearInterruptMask        
0000fecb  vPortSVCHandler                
0000fee9  vPortStartFirstTask            
0000fefb  vPortEnableVFP                 
0000ff0d  __aeabi_memcpy                 
0000ff0d  __aeabi_memcpy4                
0000ff0d  __aeabi_memcpy8                
0000ff0d  memcpy                         
0000ffa9  main                           
00010001  vApplicationMallocFailedHook   
00010003  vApplicationStackOverflowHook  
0001000d  vApplicationIdleHook           
0001000f  vApplicationTickHook           
00010031  __aeabi_cdcmpeq                
00010031  __aeabi_cdcmple                
000100b7  __aeabi_cdrcmple               
0001013d  __aeabi_memclr                 
0001013d  __aeabi_memclr4                
0001013d  __aeabi_memclr8                
0001013f  __aeabi_memset                 
0001013f  __aeabi_memset4                
0001013f  __aeabi_memset8                
00010145  memset                         
000101b9  __TI_auto_init                 
00010229  ADCSequenceStepConfigure       
00010301  IntDisable                     
00010369  IntEnable                      
000103d1  sprintf                        
00010431  SysCtlPeripheralEnable         
0001048d  frexp                          
0001048d  frexpl                         
000104e9  ltoa                           
00010541  C$$EXIT                        
00010545  abort                          
0001054d  exit                           
00010595  atoi                           
000105e1  copy_in                        
0001062d  __aeabi_d2iz                   
00010675  SSIConfigSetExpClk             
000106b9  _c_int00                       
000106f9  strncpy                        
00010729  __aeabi_i2d                    
00010757  ADCIntStatus                   
00010783  ADCSequenceConfigure           
000107ad  GPIODirModeSet                 
000107d7  PWMGenConfigure                
000107f9  memcmp                         
0001081b  ADCSequenceDataGet             
00010839  PWMPulseWidthSet               
00010857  ADCProcessorTrigger            
00010871  memccpy                        
0001088d  _args_main                     
000108a5  strchr                         
000108bd  _register_unlock               
000108c3  _register_lock                 
000108cb  _nop                           
000108d1  strlen                         
000108e5  GPIOPinTypeGPIOOutput          
000108f7  GPIOPinTypePWM                 
00010909  GPIOPinTypeSSI                 
0001091b  PWMOutputState                 
0001092d  SSIDataGetNonBlocking          
0001093f  PWMDeadBandEnable              
0001094f  PWMGenPeriodSet                
0001095f  ADCSequenceEnable              
0001096d  __TI_decompress_none           
0001097b  ResetISR                       
00010987  PWMGenEnable                   
00010991  PWMGenIntTrigEnable            
0001099b  SSIDataPut                     
000109a5  SSIDisable                     
000109af  SSIEnable                      
000109b9  SSIBusy                        
000109c1  copysign                       
000109c1  copysignl                      
000109c9  GPIOPinWrite                   
000109cf  PWMGenIntClear                 
000109d5  SysCtlDelay                    
000109db  __TI_decompress_rle24          
000109e1  _system_pre_init               
00010a1c  __TI_Handler_Table_Base        
00010a24  __TI_CINIT_Base                
00010a24  __TI_Handler_Table_Limit       
00010a34  __TI_CINIT_Limit               
20002908  xADCQueue                      
2000290c  __stack                        
20002a0c  __STACK_TOP                    
20002b0c  __STACK_END                    
20002b10  _sys_memory                    
20002d10  pxCurrentTCB                   
20002d40  __TI_cleanup_ptr               
20002d44  __TI_dtors_ptr                 
20002d48  __TI_enable_exit_profile_output
20002d4c  _lock                          
20002d50  _unlock                        
20002d60  errno                          
20002d64  main_func_sp                   
ffffffff  __TI_pprof_out_hndl            
ffffffff  __TI_prof_data_size            
ffffffff  __TI_prof_data_start           
ffffffff  __binit__                      
ffffffff  __c_args__                     
ffffffff  binit                          
UNDEFED   SHT$$INIT_ARRAY$$Base          
UNDEFED   SHT$$INIT_ARRAY$$Limit         

[203 symbols]
