<?xml version="1.0"?>
<link_info>
   <banner>TI ARM Linker PC v5.1.6</banner>
   <copyright>Copyright (c) 1996-2014 Texas Instruments Incorporated</copyright>
   <link_time>0x57b12d3c</link_time>
   <link_errors>0x0</link_errors>
   <output_file>FRT.out</output_file>
   <entry_point>
      <name>_c_int00</name>
      <address>0x4299</address>
   </entry_point>
   <input_file_list>
      <input_file id="fl-2">
         <path>.\</path>
         <kind>object</kind>
         <file>main.obj</file>
         <name>main.obj</name>
      </input_file>
      <input_file id="fl-3">
         <path>.\</path>
         <kind>object</kind>
         <file>rit128x96x4.obj</file>
         <name>rit128x96x4.obj</name>
      </input_file>
      <input_file id="fl-4">
         <path>.\</path>
         <kind>object</kind>
         <file>startup_ccs.obj</file>
         <name>startup_ccs.obj</name>
      </input_file>
      <input_file id="fl-5">
         <path>.\</path>
         <kind>object</kind>
         <file>state.obj</file>
         <name>state.obj</name>
      </input_file>
      <input_file id="fl-6">
         <path>.\tasks\</path>
         <kind>object</kind>
         <file>pollADC.obj</file>
         <name>pollADC.obj</name>
      </input_file>
      <input_file id="fl-7">
         <path>.\tasks\</path>
         <kind>object</kind>
         <file>screenDraw.obj</file>
         <name>screenDraw.obj</name>
      </input_file>
      <input_file id="fl-8">
         <path>.\portable\</path>
         <kind>object</kind>
         <file>heap_2.obj</file>
         <name>heap_2.obj</name>
      </input_file>
      <input_file id="fl-9">
         <path>.\portable\</path>
         <kind>object</kind>
         <file>port.obj</file>
         <name>port.obj</name>
      </input_file>
      <input_file id="fl-a">
         <path>.\portable\</path>
         <kind>object</kind>
         <file>portasm.obj</file>
         <name>portasm.obj</name>
      </input_file>
      <input_file id="fl-b">
         <path>.\include\</path>
         <kind>object</kind>
         <file>list.obj</file>
         <name>list.obj</name>
      </input_file>
      <input_file id="fl-c">
         <path>.\include\</path>
         <kind>object</kind>
         <file>queue.obj</file>
         <name>queue.obj</name>
      </input_file>
      <input_file id="fl-d">
         <path>.\include\</path>
         <kind>object</kind>
         <file>tasks.obj</file>
         <name>tasks.obj</name>
      </input_file>
      <input_file id="fl-e">
         <path>.\demo_code\</path>
         <kind>object</kind>
         <file>basic_io.obj</file>
         <name>basic_io.obj</name>
      </input_file>
      <input_file id="fl-13c">
         <path>c:\ti\ccsv6\tools\compiler\arm_5.1.6\lib\</path>
         <kind>archive</kind>
         <file>rtsv7M3_T_le_eabi.lib</file>
         <name>boot.obj</name>
      </input_file>
      <input_file id="fl-13d">
         <path>c:\ti\ccsv6\tools\compiler\arm_5.1.6\lib\</path>
         <kind>archive</kind>
         <file>rtsv7M3_T_le_eabi.lib</file>
         <name>copy_decompress_none.obj</name>
      </input_file>
      <input_file id="fl-13e">
         <path>c:\ti\ccsv6\tools\compiler\arm_5.1.6\lib\</path>
         <kind>archive</kind>
         <file>rtsv7M3_T_le_eabi.lib</file>
         <name>copy_decompress_rle.obj</name>
      </input_file>
      <input_file id="fl-13f">
         <path>c:\ti\ccsv6\tools\compiler\arm_5.1.6\lib\</path>
         <kind>archive</kind>
         <file>rtsv7M3_T_le_eabi.lib</file>
         <name>copy_zero_init.obj</name>
      </input_file>
      <input_file id="fl-140">
         <path>c:\ti\ccsv6\tools\compiler\arm_5.1.6\lib\</path>
         <kind>archive</kind>
         <file>rtsv7M3_T_le_eabi.lib</file>
         <name>defs.obj</name>
      </input_file>
      <input_file id="fl-141">
         <path>c:\ti\ccsv6\tools\compiler\arm_5.1.6\lib\</path>
         <kind>archive</kind>
         <file>rtsv7M3_T_le_eabi.lib</file>
         <name>exit.obj</name>
      </input_file>
      <input_file id="fl-142">
         <path>c:\ti\ccsv6\tools\compiler\arm_5.1.6\lib\</path>
         <kind>archive</kind>
         <file>rtsv7M3_T_le_eabi.lib</file>
         <name>fflush.obj</name>
      </input_file>
      <input_file id="fl-143">
         <path>c:\ti\ccsv6\tools\compiler\arm_5.1.6\lib\</path>
         <kind>archive</kind>
         <file>rtsv7M3_T_le_eabi.lib</file>
         <name>fs_tod_t2.obj</name>
      </input_file>
      <input_file id="fl-144">
         <path>c:\ti\ccsv6\tools\compiler\arm_5.1.6\lib\</path>
         <kind>archive</kind>
         <file>rtsv7M3_T_le_eabi.lib</file>
         <name>lowlev.obj</name>
      </input_file>
      <input_file id="fl-145">
         <path>c:\ti\ccsv6\tools\compiler\arm_5.1.6\lib\</path>
         <kind>archive</kind>
         <file>rtsv7M3_T_le_eabi.lib</file>
         <name>memcmp.obj</name>
      </input_file>
      <input_file id="fl-146">
         <path>c:\ti\ccsv6\tools\compiler\arm_5.1.6\lib\</path>
         <kind>archive</kind>
         <file>rtsv7M3_T_le_eabi.lib</file>
         <name>memcpy_t2.obj</name>
      </input_file>
      <input_file id="fl-147">
         <path>c:\ti\ccsv6\tools\compiler\arm_5.1.6\lib\</path>
         <kind>archive</kind>
         <file>rtsv7M3_T_le_eabi.lib</file>
         <name>memset_t2.obj</name>
      </input_file>
      <input_file id="fl-148">
         <path>c:\ti\ccsv6\tools\compiler\arm_5.1.6\lib\</path>
         <kind>archive</kind>
         <file>rtsv7M3_T_le_eabi.lib</file>
         <name>printf.obj</name>
      </input_file>
      <input_file id="fl-149">
         <path>c:\ti\ccsv6\tools\compiler\arm_5.1.6\lib\</path>
         <kind>archive</kind>
         <file>rtsv7M3_T_le_eabi.lib</file>
         <name>snprintf.obj</name>
      </input_file>
      <input_file id="fl-14a">
         <path>c:\ti\ccsv6\tools\compiler\arm_5.1.6\lib\</path>
         <kind>archive</kind>
         <file>rtsv7M3_T_le_eabi.lib</file>
         <name>sprintf.obj</name>
      </input_file>
      <input_file id="fl-14b">
         <path>c:\ti\ccsv6\tools\compiler\arm_5.1.6\lib\</path>
         <kind>archive</kind>
         <file>rtsv7M3_T_le_eabi.lib</file>
         <name>stkdepth_vars.obj</name>
      </input_file>
      <input_file id="fl-14c">
         <path>c:\ti\ccsv6\tools\compiler\arm_5.1.6\lib\</path>
         <kind>archive</kind>
         <file>rtsv7M3_T_le_eabi.lib</file>
         <name>strchr.obj</name>
      </input_file>
      <input_file id="fl-14d">
         <path>c:\ti\ccsv6\tools\compiler\arm_5.1.6\lib\</path>
         <kind>archive</kind>
         <file>rtsv7M3_T_le_eabi.lib</file>
         <name>strcmp.obj</name>
      </input_file>
      <input_file id="fl-14e">
         <path>c:\ti\ccsv6\tools\compiler\arm_5.1.6\lib\</path>
         <kind>archive</kind>
         <file>rtsv7M3_T_le_eabi.lib</file>
         <name>strncpy.obj</name>
      </input_file>
      <input_file id="fl-14f">
         <path>c:\ti\ccsv6\tools\compiler\arm_5.1.6\lib\</path>
         <kind>archive</kind>
         <file>rtsv7M3_T_le_eabi.lib</file>
         <name>trgdrv.obj</name>
      </input_file>
      <input_file id="fl-150">
         <path>c:\ti\ccsv6\tools\compiler\arm_5.1.6\lib\</path>
         <kind>archive</kind>
         <file>rtsv7M3_T_le_eabi.lib</file>
         <name>trgmsg.obj</name>
      </input_file>
      <input_file id="fl-151">
         <path>c:\ti\ccsv6\tools\compiler\arm_5.1.6\lib\</path>
         <kind>archive</kind>
         <file>rtsv7M3_T_le_eabi.lib</file>
         <name>_lock.obj</name>
      </input_file>
      <input_file id="fl-152">
         <path>c:\ti\ccsv6\tools\compiler\arm_5.1.6\lib\</path>
         <kind>archive</kind>
         <file>rtsv7M3_T_le_eabi.lib</file>
         <name>_printfi.obj</name>
      </input_file>
      <input_file id="fl-153">
         <path>c:\ti\ccsv6\tools\compiler\arm_5.1.6\lib\</path>
         <kind>archive</kind>
         <file>rtsv7M3_T_le_eabi.lib</file>
         <name>args_main.obj</name>
      </input_file>
      <input_file id="fl-154">
         <path>c:\ti\ccsv6\tools\compiler\arm_5.1.6\lib\</path>
         <kind>archive</kind>
         <file>rtsv7M3_T_le_eabi.lib</file>
         <name>atoi.obj</name>
      </input_file>
      <input_file id="fl-155">
         <path>c:\ti\ccsv6\tools\compiler\arm_5.1.6\lib\</path>
         <kind>archive</kind>
         <file>rtsv7M3_T_le_eabi.lib</file>
         <name>auto_init.obj</name>
      </input_file>
      <input_file id="fl-156">
         <path>c:\ti\ccsv6\tools\compiler\arm_5.1.6\lib\</path>
         <kind>archive</kind>
         <file>rtsv7M3_T_le_eabi.lib</file>
         <name>cpy_tbl.obj</name>
      </input_file>
      <input_file id="fl-157">
         <path>c:\ti\ccsv6\tools\compiler\arm_5.1.6\lib\</path>
         <kind>archive</kind>
         <file>rtsv7M3_T_le_eabi.lib</file>
         <name>ctype.obj</name>
      </input_file>
      <input_file id="fl-158">
         <path>c:\ti\ccsv6\tools\compiler\arm_5.1.6\lib\</path>
         <kind>archive</kind>
         <file>rtsv7M3_T_le_eabi.lib</file>
         <name>fd_add_t2.obj</name>
      </input_file>
      <input_file id="fl-159">
         <path>c:\ti\ccsv6\tools\compiler\arm_5.1.6\lib\</path>
         <kind>archive</kind>
         <file>rtsv7M3_T_le_eabi.lib</file>
         <name>fd_cmp_t2.obj</name>
      </input_file>
      <input_file id="fl-15a">
         <path>c:\ti\ccsv6\tools\compiler\arm_5.1.6\lib\</path>
         <kind>archive</kind>
         <file>rtsv7M3_T_le_eabi.lib</file>
         <name>fd_div_t2.obj</name>
      </input_file>
      <input_file id="fl-15b">
         <path>c:\ti\ccsv6\tools\compiler\arm_5.1.6\lib\</path>
         <kind>archive</kind>
         <file>rtsv7M3_T_le_eabi.lib</file>
         <name>fd_mul_t2.obj</name>
      </input_file>
      <input_file id="fl-15c">
         <path>c:\ti\ccsv6\tools\compiler\arm_5.1.6\lib\</path>
         <kind>archive</kind>
         <file>rtsv7M3_T_le_eabi.lib</file>
         <name>fd_toi_t2.obj</name>
      </input_file>
      <input_file id="fl-15d">
         <path>c:\ti\ccsv6\tools\compiler\arm_5.1.6\lib\</path>
         <kind>archive</kind>
         <file>rtsv7M3_T_le_eabi.lib</file>
         <name>fputc.obj</name>
      </input_file>
      <input_file id="fl-15e">
         <path>c:\ti\ccsv6\tools\compiler\arm_5.1.6\lib\</path>
         <kind>archive</kind>
         <file>rtsv7M3_T_le_eabi.lib</file>
         <name>fputs.obj</name>
      </input_file>
      <input_file id="fl-15f">
         <path>c:\ti\ccsv6\tools\compiler\arm_5.1.6\lib\</path>
         <kind>archive</kind>
         <file>rtsv7M3_T_le_eabi.lib</file>
         <name>i_tofd_t2.obj</name>
      </input_file>
      <input_file id="fl-160">
         <path>c:\ti\ccsv6\tools\compiler\arm_5.1.6\lib\</path>
         <kind>archive</kind>
         <file>rtsv7M3_T_le_eabi.lib</file>
         <name>ll_mul_t2.obj</name>
      </input_file>
      <input_file id="fl-161">
         <path>c:\ti\ccsv6\tools\compiler\arm_5.1.6\lib\</path>
         <kind>archive</kind>
         <file>rtsv7M3_T_le_eabi.lib</file>
         <name>ltoa.obj</name>
      </input_file>
      <input_file id="fl-162">
         <path>c:\ti\ccsv6\tools\compiler\arm_5.1.6\lib\</path>
         <kind>archive</kind>
         <file>rtsv7M3_T_le_eabi.lib</file>
         <name>memccpy.obj</name>
      </input_file>
      <input_file id="fl-163">
         <path>c:\ti\ccsv6\tools\compiler\arm_5.1.6\lib\</path>
         <kind>archive</kind>
         <file>rtsv7M3_T_le_eabi.lib</file>
         <name>memchr.obj</name>
      </input_file>
      <input_file id="fl-164">
         <path>c:\ti\ccsv6\tools\compiler\arm_5.1.6\lib\</path>
         <kind>archive</kind>
         <file>rtsv7M3_T_le_eabi.lib</file>
         <name>strcpy.obj</name>
      </input_file>
      <input_file id="fl-165">
         <path>c:\ti\ccsv6\tools\compiler\arm_5.1.6\lib\</path>
         <kind>archive</kind>
         <file>rtsv7M3_T_le_eabi.lib</file>
         <name>strlen.obj</name>
      </input_file>
      <input_file id="fl-166">
         <path>c:\ti\ccsv6\tools\compiler\arm_5.1.6\lib\</path>
         <kind>archive</kind>
         <file>rtsv7M3_T_le_eabi.lib</file>
         <name>ull_div_t2.obj</name>
      </input_file>
      <input_file id="fl-167">
         <path>c:\ti\ccsv6\tools\compiler\arm_5.1.6\lib\</path>
         <kind>archive</kind>
         <file>rtsv7M3_T_le_eabi.lib</file>
         <name>xdclass.obj</name>
      </input_file>
      <input_file id="fl-168">
         <path>c:\ti\ccsv6\tools\compiler\arm_5.1.6\lib\</path>
         <kind>archive</kind>
         <file>rtsv7M3_T_le_eabi.lib</file>
         <name>xdtest.obj</name>
      </input_file>
      <input_file id="fl-169">
         <path>c:\ti\ccsv6\tools\compiler\arm_5.1.6\lib\</path>
         <kind>archive</kind>
         <file>rtsv7M3_T_le_eabi.lib</file>
         <name>_io_perm.obj</name>
      </input_file>
      <input_file id="fl-16a">
         <path>c:\ti\ccsv6\tools\compiler\arm_5.1.6\lib\</path>
         <kind>archive</kind>
         <file>rtsv7M3_T_le_eabi.lib</file>
         <name>fseek.obj</name>
      </input_file>
      <input_file id="fl-16b">
         <path>c:\ti\ccsv6\tools\compiler\arm_5.1.6\lib\</path>
         <kind>archive</kind>
         <file>rtsv7M3_T_le_eabi.lib</file>
         <name>setvbuf.obj</name>
      </input_file>
      <input_file id="fl-16c">
         <path>c:\ti\ccsv6\tools\compiler\arm_5.1.6\lib\</path>
         <kind>archive</kind>
         <file>rtsv7M3_T_le_eabi.lib</file>
         <name>fopen.obj</name>
      </input_file>
      <input_file id="fl-16d">
         <path>c:\ti\ccsv6\tools\compiler\arm_5.1.6\lib\</path>
         <kind>archive</kind>
         <file>rtsv7M3_T_le_eabi.lib</file>
         <name>memory.obj</name>
      </input_file>
      <input_file id="fl-16e">
         <path>c:\ti\ccsv6\tools\compiler\arm_5.1.6\lib\</path>
         <kind>archive</kind>
         <file>rtsv7M3_T_le_eabi.lib</file>
         <name>fclose.obj</name>
      </input_file>
      <input_file id="fl-16f">
         <path>c:\ti\ccsv6\tools\compiler\arm_5.1.6\lib\</path>
         <kind>archive</kind>
         <file>rtsv7M3_T_le_eabi.lib</file>
         <name>remove.obj</name>
      </input_file>
      <input_file id="fl-170">
         <path>P:\StellarisWare\driverlib\ccs-cm3\Debug\</path>
         <kind>archive</kind>
         <file>driverlib-cm3.lib</file>
         <name>timer.obj</name>
      </input_file>
      <input_file id="fl-171">
         <path>P:\StellarisWare\driverlib\ccs-cm3\Debug\</path>
         <kind>archive</kind>
         <file>driverlib-cm3.lib</file>
         <name>sysctl.obj</name>
      </input_file>
      <input_file id="fl-172">
         <path>P:\StellarisWare\driverlib\ccs-cm3\Debug\</path>
         <kind>archive</kind>
         <file>driverlib-cm3.lib</file>
         <name>ssi.obj</name>
      </input_file>
      <input_file id="fl-173">
         <path>P:\StellarisWare\driverlib\ccs-cm3\Debug\</path>
         <kind>archive</kind>
         <file>driverlib-cm3.lib</file>
         <name>interrupt.obj</name>
      </input_file>
      <input_file id="fl-174">
         <path>P:\StellarisWare\driverlib\ccs-cm3\Debug\</path>
         <kind>archive</kind>
         <file>driverlib-cm3.lib</file>
         <name>gpio.obj</name>
      </input_file>
      <input_file id="fl-175">
         <path>P:\StellarisWare\driverlib\ccs-cm3\Debug\</path>
         <kind>archive</kind>
         <file>driverlib-cm3.lib</file>
         <name>cpu.obj</name>
      </input_file>
      <input_file id="fl-176">
         <path>P:\StellarisWare\driverlib\ccs-cm3\Debug\</path>
         <kind>archive</kind>
         <file>driverlib-cm3.lib</file>
         <name>adc.obj</name>
      </input_file>
   </input_file_list>
   <object_component_list>
      <object_component id="oc-d">
         <name>.intvecs</name>
         <load_address>0x0</load_address>
         <run_address>0x0</run_address>
         <size>0xf0</size>
         <input_file_ref idref="fl-4"/>
      </object_component>
      <object_component id="oc-2b5">
         <name>.text</name>
         <load_address>0xf0</load_address>
         <run_address>0xf0</run_address>
         <size>0xebc</size>
         <input_file_ref idref="fl-152"/>
      </object_component>
      <object_component id="oc-bc">
         <name>.text</name>
         <load_address>0xfac</load_address>
         <run_address>0xfac</run_address>
         <size>0xc74</size>
         <input_file_ref idref="fl-d"/>
      </object_component>
      <object_component id="oc-a0">
         <name>.text</name>
         <load_address>0x1c20</load_address>
         <run_address>0x1c20</run_address>
         <size>0x614</size>
         <input_file_ref idref="fl-c"/>
      </object_component>
      <object_component id="oc-248">
         <name>.text</name>
         <load_address>0x2234</load_address>
         <run_address>0x2234</run_address>
         <size>0x510</size>
         <input_file_ref idref="fl-3"/>
      </object_component>
      <object_component id="oc-1c6">
         <name>.text</name>
         <load_address>0x2744</load_address>
         <run_address>0x2744</run_address>
         <size>0x270</size>
         <input_file_ref idref="fl-7"/>
      </object_component>
      <object_component id="oc-db">
         <name>.text</name>
         <load_address>0x29b4</load_address>
         <run_address>0x29b4</run_address>
         <size>0x208</size>
         <input_file_ref idref="fl-2"/>
      </object_component>
      <object_component id="oc-2de">
         <name>.text</name>
         <load_address>0x2bbc</load_address>
         <run_address>0x2bbc</run_address>
         <size>0x1f4</size>
         <input_file_ref idref="fl-166"/>
      </object_component>
      <object_component id="oc-a6">
         <name>.text:SysCtlClockGet</name>
         <load_address>0x2db0</load_address>
         <run_address>0x2db0</run_address>
         <size>0x1d8</size>
         <input_file_ref idref="fl-171"/>
      </object_component>
      <object_component id="oc-123">
         <name>.text</name>
         <load_address>0x2f88</load_address>
         <run_address>0x2f88</run_address>
         <size>0x1bc</size>
         <input_file_ref idref="fl-8"/>
      </object_component>
      <object_component id="oc-312">
         <name>.text</name>
         <load_address>0x3144</load_address>
         <run_address>0x3144</run_address>
         <size>0x1b6</size>
         <input_file_ref idref="fl-158"/>
      </object_component>
      <object_component id="oc-2b">
         <name>.text</name>
         <load_address>0x32fc</load_address>
         <run_address>0x32fc</run_address>
         <size>0x164</size>
         <input_file_ref idref="fl-4"/>
      </object_component>
      <object_component id="oc-1c0">
         <name>.text:SysCtlClockSet</name>
         <load_address>0x3460</load_address>
         <run_address>0x3460</run_address>
         <size>0x144</size>
         <input_file_ref idref="fl-171"/>
      </object_component>
      <object_component id="oc-2f8">
         <name>.text</name>
         <load_address>0x35a4</load_address>
         <run_address>0x35a4</run_address>
         <size>0x136</size>
         <input_file_ref idref="fl-15a"/>
      </object_component>
      <object_component id="oc-129">
         <name>.text</name>
         <load_address>0x36da</load_address>
         <run_address>0x36da</run_address>
         <size>0x12e</size>
         <input_file_ref idref="fl-b"/>
      </object_component>
      <object_component id="oc-2f3">
         <name>.text</name>
         <load_address>0x3808</load_address>
         <run_address>0x3808</run_address>
         <size>0xfc</size>
         <input_file_ref idref="fl-15b"/>
      </object_component>
      <object_component id="oc-36">
         <name>.text</name>
         <load_address>0x3904</load_address>
         <run_address>0x3904</run_address>
         <size>0xe4</size>
         <input_file_ref idref="fl-9"/>
      </object_component>
      <object_component id="oc-194">
         <name>.text:GPIOPadConfigSet</name>
         <load_address>0x39e8</load_address>
         <run_address>0x39e8</run_address>
         <size>0xc8</size>
         <input_file_ref idref="fl-174"/>
      </object_component>
      <object_component id="oc-31">
         <name>.text</name>
         <load_address>0x3ab0</load_address>
         <run_address>0x3ab0</run_address>
         <size>0x9c</size>
         <input_file_ref idref="fl-a"/>
      </object_component>
      <object_component id="oc-55">
         <name>.text</name>
         <load_address>0x3b4c</load_address>
         <run_address>0x3b4c</run_address>
         <size>0x9c</size>
         <input_file_ref idref="fl-146"/>
      </object_component>
      <object_component id="oc-253">
         <name>.text</name>
         <load_address>0x3be8</load_address>
         <run_address>0x3be8</run_address>
         <size>0x98</size>
         <input_file_ref idref="fl-149"/>
      </object_component>
      <object_component id="oc-40">
         <name>.text</name>
         <load_address>0x3c80</load_address>
         <run_address>0x3c80</run_address>
         <size>0x94</size>
         <input_file_ref idref="fl-155"/>
      </object_component>
      <object_component id="oc-2ee">
         <name>.text:__aeabi_cdcmple</name>
         <load_address>0x3d14</load_address>
         <run_address>0x3d14</run_address>
         <size>0x86</size>
         <input_file_ref idref="fl-159"/>
      </object_component>
      <object_component id="oc-2fd">
         <name>.text:__aeabi_cdrcmple</name>
         <load_address>0x3d9a</load_address>
         <run_address>0x3d9a</run_address>
         <size>0x86</size>
         <input_file_ref idref="fl-159"/>
      </object_component>
      <object_component id="oc-8f">
         <name>.text</name>
         <load_address>0x3e20</load_address>
         <run_address>0x3e20</run_address>
         <size>0x78</size>
         <input_file_ref idref="fl-147"/>
      </object_component>
      <object_component id="oc-188">
         <name>.text:ADCSequenceStepConfigure</name>
         <load_address>0x3e98</load_address>
         <run_address>0x3e98</run_address>
         <size>0x6c</size>
         <input_file_ref idref="fl-176"/>
      </object_component>
      <object_component id="oc-1a4">
         <name>.text:IntEnable</name>
         <load_address>0x3f04</load_address>
         <run_address>0x3f04</run_address>
         <size>0x64</size>
         <input_file_ref idref="fl-173"/>
      </object_component>
      <object_component id="oc-68">
         <name>.text</name>
         <load_address>0x3f68</load_address>
         <run_address>0x3f68</run_address>
         <size>0x5e</size>
         <input_file_ref idref="fl-13e"/>
      </object_component>
      <object_component id="oc-307">
         <name>.text</name>
         <load_address>0x3fc6</load_address>
         <run_address>0x3fc6</run_address>
         <size>0x5a</size>
         <input_file_ref idref="fl-161"/>
      </object_component>
      <object_component id="oc-17c">
         <name>.text:SysCtlPeripheralEnable</name>
         <load_address>0x4020</load_address>
         <run_address>0x4020</run_address>
         <size>0x58</size>
         <input_file_ref idref="fl-171"/>
      </object_component>
      <object_component id="oc-323">
         <name>.text</name>
         <load_address>0x4078</load_address>
         <run_address>0x4078</run_address>
         <size>0x4c</size>
         <input_file_ref idref="fl-154"/>
      </object_component>
      <object_component id="oc-302">
         <name>.text</name>
         <load_address>0x40c4</load_address>
         <run_address>0x40c4</run_address>
         <size>0x48</size>
         <input_file_ref idref="fl-15c"/>
      </object_component>
      <object_component id="oc-198">
         <name>.text:GPIOIntTypeSet</name>
         <load_address>0x410c</load_address>
         <run_address>0x410c</run_address>
         <size>0x44</size>
         <input_file_ref idref="fl-174"/>
      </object_component>
      <object_component id="oc-291">
         <name>.text:SSIConfigSetExpClk</name>
         <load_address>0x4150</load_address>
         <run_address>0x4150</run_address>
         <size>0x44</size>
         <input_file_ref idref="fl-172"/>
      </object_component>
      <object_component id="oc-d4">
         <name>.text</name>
         <load_address>0x4194</load_address>
         <run_address>0x4194</run_address>
         <size>0x44</size>
         <input_file_ref idref="fl-156"/>
      </object_component>
      <object_component id="oc-4b">
         <name>.text</name>
         <load_address>0x41d8</load_address>
         <run_address>0x41d8</run_address>
         <size>0x44</size>
         <input_file_ref idref="fl-141"/>
      </object_component>
      <object_component id="oc-346">
         <name>.text</name>
         <load_address>0x421c</load_address>
         <run_address>0x421c</run_address>
         <size>0x44</size>
         <input_file_ref idref="fl-168"/>
      </object_component>
      <object_component id="oc-24e">
         <name>.text</name>
         <load_address>0x4260</load_address>
         <run_address>0x4260</run_address>
         <size>0x38</size>
         <input_file_ref idref="fl-143"/>
      </object_component>
      <object_component id="oc-10">
         <name>.text</name>
         <load_address>0x4298</load_address>
         <run_address>0x4298</run_address>
         <size>0x34</size>
         <input_file_ref idref="fl-13c"/>
      </object_component>
      <object_component id="oc-160">
         <name>.text</name>
         <load_address>0x42cc</load_address>
         <run_address>0x42cc</run_address>
         <size>0x30</size>
         <input_file_ref idref="fl-14e"/>
      </object_component>
      <object_component id="oc-98">
         <name>.text:ADCIntStatus</name>
         <load_address>0x42fc</load_address>
         <run_address>0x42fc</run_address>
         <size>0x2e</size>
         <input_file_ref idref="fl-176"/>
      </object_component>
      <object_component id="oc-229">
         <name>.text:GPIODirModeSet</name>
         <load_address>0x432a</load_address>
         <run_address>0x432a</run_address>
         <size>0x2e</size>
         <input_file_ref idref="fl-174"/>
      </object_component>
      <object_component id="oc-30d">
         <name>.text</name>
         <load_address>0x4358</load_address>
         <run_address>0x4358</run_address>
         <size>0x2e</size>
         <input_file_ref idref="fl-15f"/>
      </object_component>
      <object_component id="oc-184">
         <name>.text:ADCSequenceConfigure</name>
         <load_address>0x4386</load_address>
         <run_address>0x4386</run_address>
         <size>0x2a</size>
         <input_file_ref idref="fl-176"/>
      </object_component>
      <object_component id="oc-85">
         <name>.text</name>
         <load_address>0x43b0</load_address>
         <run_address>0x43b0</run_address>
         <size>0x28</size>
         <input_file_ref idref="fl-5"/>
      </object_component>
      <object_component id="oc-19c">
         <name>.text:IntPrioritySet</name>
         <load_address>0x43d8</load_address>
         <run_address>0x43d8</run_address>
         <size>0x24</size>
         <input_file_ref idref="fl-173"/>
      </object_component>
      <object_component id="oc-1ac">
         <name>.text:TimerConfigure</name>
         <load_address>0x43fc</load_address>
         <run_address>0x43fc</run_address>
         <size>0x24</size>
         <input_file_ref idref="fl-170"/>
      </object_component>
      <object_component id="oc-157">
         <name>.text</name>
         <load_address>0x4420</load_address>
         <run_address>0x4420</run_address>
         <size>0x22</size>
         <input_file_ref idref="fl-145"/>
      </object_component>
      <object_component id="oc-9c">
         <name>.text:ADCSequenceDataGet</name>
         <load_address>0x4442</load_address>
         <run_address>0x4442</run_address>
         <size>0x20</size>
         <input_file_ref idref="fl-176"/>
      </object_component>
      <object_component id="oc-31d">
         <name>.text</name>
         <load_address>0x4462</load_address>
         <run_address>0x4462</run_address>
         <size>0x1a</size>
         <input_file_ref idref="fl-162"/>
      </object_component>
      <object_component id="oc-45">
         <name>.text</name>
         <load_address>0x447c</load_address>
         <run_address>0x447c</run_address>
         <size>0x18</size>
         <input_file_ref idref="fl-153"/>
      </object_component>
      <object_component id="oc-2e3">
         <name>.text</name>
         <load_address>0x4494</load_address>
         <run_address>0x4494</run_address>
         <size>0x18</size>
         <input_file_ref idref="fl-160"/>
      </object_component>
      <object_component id="oc-94">
         <name>.text:ADCProcessorTrigger</name>
         <load_address>0x44ac</load_address>
         <run_address>0x44ac</run_address>
         <size>0x16</size>
         <input_file_ref idref="fl-176"/>
      </object_component>
      <object_component id="oc-1d4">
         <name>.text</name>
         <load_address>0x44c4</load_address>
         <run_address>0x44c4</run_address>
         <size>0x14</size>
         <input_file_ref idref="fl-151"/>
      </object_component>
      <object_component id="oc-2e8">
         <name>.text</name>
         <load_address>0x44d8</load_address>
         <run_address>0x44d8</run_address>
         <size>0x14</size>
         <input_file_ref idref="fl-165"/>
      </object_component>
      <object_component id="oc-180">
         <name>.text:GPIOPinTypeADC</name>
         <load_address>0x44ec</load_address>
         <run_address>0x44ec</run_address>
         <size>0x12</size>
         <input_file_ref idref="fl-174"/>
      </object_component>
      <object_component id="oc-2a1">
         <name>.text:GPIOPinTypeGPIOOutput</name>
         <load_address>0x44fe</load_address>
         <run_address>0x44fe</run_address>
         <size>0x12</size>
         <input_file_ref idref="fl-174"/>
      </object_component>
      <object_component id="oc-295">
         <name>.text:GPIOPinTypeSSI</name>
         <load_address>0x4510</load_address>
         <run_address>0x4510</run_address>
         <size>0x12</size>
         <input_file_ref idref="fl-174"/>
      </object_component>
      <object_component id="oc-1bc">
         <name>.text:GPIOPinTypeTimer</name>
         <load_address>0x4522</load_address>
         <run_address>0x4522</run_address>
         <size>0x12</size>
         <input_file_ref idref="fl-174"/>
      </object_component>
      <object_component id="oc-29d">
         <name>.text:SSIDataGetNonBlocking</name>
         <load_address>0x4534</load_address>
         <run_address>0x4534</run_address>
         <size>0x12</size>
         <input_file_ref idref="fl-172"/>
      </object_component>
      <object_component id="oc-1b0">
         <name>.text:TimerControlEvent</name>
         <load_address>0x4546</load_address>
         <run_address>0x4546</run_address>
         <size>0x12</size>
         <input_file_ref idref="fl-170"/>
      </object_component>
      <object_component id="oc-aa">
         <name>.text:TimerLoadSet</name>
         <load_address>0x4558</load_address>
         <run_address>0x4558</run_address>
         <size>0x12</size>
         <input_file_ref idref="fl-170"/>
      </object_component>
      <object_component id="oc-1b">
         <name>.text:decompress:ZI</name>
         <load_address>0x456a</load_address>
         <run_address>0x456a</run_address>
         <size>0x12</size>
         <input_file_ref idref="fl-13f"/>
      </object_component>
      <object_component id="oc-18c">
         <name>.text:ADCSequenceEnable</name>
         <load_address>0x457c</load_address>
         <run_address>0x457c</run_address>
         <size>0xe</size>
         <input_file_ref idref="fl-176"/>
      </object_component>
      <object_component id="oc-1b8">
         <name>.text:TimerEnable</name>
         <load_address>0x458a</load_address>
         <run_address>0x458a</run_address>
         <size>0xe</size>
         <input_file_ref idref="fl-170"/>
      </object_component>
      <object_component id="oc-15">
         <name>.text:decompress:none</name>
         <load_address>0x4598</load_address>
         <run_address>0x4598</run_address>
         <size>0xe</size>
         <input_file_ref idref="fl-13d"/>
      </object_component>
      <object_component id="oc-317">
         <name>.text</name>
         <load_address>0x45a6</load_address>
         <run_address>0x45a6</run_address>
         <size>0xe</size>
         <input_file_ref idref="fl-167"/>
      </object_component>
      <object_component id="oc-23c">
         <name>.text:CPUcpsie</name>
         <load_address>0x45b4</load_address>
         <run_address>0x45b4</run_address>
         <size>0xc</size>
         <input_file_ref idref="fl-175"/>
      </object_component>
      <object_component id="oc-1a0">
         <name>.text:GPIOPinIntEnable</name>
         <load_address>0x45c0</load_address>
         <run_address>0x45c0</run_address>
         <size>0xc</size>
         <input_file_ref idref="fl-174"/>
      </object_component>
      <object_component id="oc-79">
         <name>.text:TimerValueGet</name>
         <load_address>0x45cc</load_address>
         <run_address>0x45cc</run_address>
         <size>0xc</size>
         <input_file_ref idref="fl-170"/>
      </object_component>
      <object_component id="oc-190">
         <name>.text:ADCIntClear</name>
         <load_address>0x45d8</load_address>
         <run_address>0x45d8</run_address>
         <size>0xa</size>
         <input_file_ref idref="fl-176"/>
      </object_component>
      <object_component id="oc-1a8">
         <name>.text:IntMasterEnable</name>
         <load_address>0x45e2</load_address>
         <run_address>0x45e2</run_address>
         <size>0xa</size>
         <input_file_ref idref="fl-173"/>
      </object_component>
      <object_component id="oc-286">
         <name>.text:SSIDataPut</name>
         <load_address>0x45ec</load_address>
         <run_address>0x45ec</run_address>
         <size>0xa</size>
         <input_file_ref idref="fl-172"/>
      </object_component>
      <object_component id="oc-28d">
         <name>.text:SSIDisable</name>
         <load_address>0x45f6</load_address>
         <run_address>0x45f6</run_address>
         <size>0xa</size>
         <input_file_ref idref="fl-172"/>
      </object_component>
      <object_component id="oc-299">
         <name>.text:SSIEnable</name>
         <load_address>0x4600</load_address>
         <run_address>0x4600</run_address>
         <size>0xa</size>
         <input_file_ref idref="fl-172"/>
      </object_component>
      <object_component id="oc-27e">
         <name>.text:SSIBusy</name>
         <load_address>0x460a</load_address>
         <run_address>0x460a</run_address>
         <size>0x8</size>
         <input_file_ref idref="fl-172"/>
      </object_component>
      <object_component id="oc-1b4">
         <name>.text:TimerIntEnable</name>
         <load_address>0x4612</load_address>
         <run_address>0x4612</run_address>
         <size>0x8</size>
         <input_file_ref idref="fl-170"/>
      </object_component>
      <object_component id="oc-7d">
         <name>.text:GPIOPinIntClear</name>
         <load_address>0x461a</load_address>
         <run_address>0x461a</run_address>
         <size>0x6</size>
         <input_file_ref idref="fl-174"/>
      </object_component>
      <object_component id="oc-81">
         <name>.text:GPIOPinRead</name>
         <load_address>0x4620</load_address>
         <run_address>0x4620</run_address>
         <size>0x6</size>
         <input_file_ref idref="fl-174"/>
      </object_component>
      <object_component id="oc-282">
         <name>.text:GPIOPinWrite</name>
         <load_address>0x4626</load_address>
         <run_address>0x4626</run_address>
         <size>0x6</size>
         <input_file_ref idref="fl-174"/>
      </object_component>
      <object_component id="oc-246">
         <name>.text:SysCtlDelay</name>
         <load_address>0x462c</load_address>
         <run_address>0x462c</run_address>
         <size>0x6</size>
         <input_file_ref idref="fl-171"/>
      </object_component>
      <object_component id="oc-21">
         <name>.text:decompress:rle24</name>
         <load_address>0x4632</load_address>
         <run_address>0x4632</run_address>
         <size>0x6</size>
         <input_file_ref idref="fl-13e"/>
      </object_component>
      <object_component id="oc-8b">
         <name>.text:TimerIntClear</name>
         <load_address>0x4638</load_address>
         <run_address>0x4638</run_address>
         <size>0x4</size>
         <input_file_ref idref="fl-170"/>
      </object_component>
      <object_component id="oc-2ac">
         <name>.const:g_pucFont</name>
         <load_address>0x463c</load_address>
         <run_address>0x463c</run_address>
         <size>0x1e0</size>
         <input_file_ref idref="fl-3"/>
      </object_component>
      <object_component id="oc-34f">
         <name>.const:.string:_ctypes_</name>
         <load_address>0x481c</load_address>
         <run_address>0x481c</run_address>
         <size>0x102</size>
         <input_file_ref idref="fl-157"/>
      </object_component>
      <object_component id="oc-1f6">
         <name>.const</name>
         <load_address>0x491e</load_address>
         <run_address>0x491e</run_address>
         <size>0x2</size>
         <input_file_ref idref="fl-8"/>
      </object_component>
      <object_component id="oc-234">
         <name>.const:g_pulRegs</name>
         <load_address>0x4920</load_address>
         <run_address>0x4920</run_address>
         <size>0x9c</size>
         <input_file_ref idref="fl-173"/>
      </object_component>
      <object_component id="oc-239">
         <name>.const</name>
         <load_address>0x49bc</load_address>
         <run_address>0x49bc</run_address>
         <size>0x70</size>
         <input_file_ref idref="fl-173"/>
      </object_component>
      <object_component id="oc-145">
         <name>.const:g_pulXtals</name>
         <load_address>0x4a2c</load_address>
         <run_address>0x4a2c</run_address>
         <size>0x6c</size>
         <input_file_ref idref="fl-171"/>
      </object_component>
      <object_component id="oc-2b0">
         <name>.const:.string:g_pucRIT128x96x4Init</name>
         <load_address>0x4a98</load_address>
         <run_address>0x4a98</run_address>
         <size>0x4f</size>
         <input_file_ref idref="fl-3"/>
      </object_component>
      <object_component id="oc-226">
         <name>.const</name>
         <load_address>0x4ae8</load_address>
         <run_address>0x4ae8</run_address>
         <size>0x40</size>
         <input_file_ref idref="fl-171"/>
      </object_component>
      <object_component id="oc-166">
         <name>.const:.string</name>
         <load_address>0x4b28</load_address>
         <run_address>0x4b28</run_address>
         <size>0x14</size>
         <input_file_ref idref="fl-d"/>
      </object_component>
      <object_component id="oc-2a7">
         <name>.const:.string</name>
         <load_address>0x4b3c</load_address>
         <run_address>0x4b3c</run_address>
         <size>0xc</size>
         <input_file_ref idref="fl-3"/>
      </object_component>
      <object_component id="oc-389">
         <name>.cinit..data.load</name>
         <load_address>0x4b48</load_address>
         <run_address>0x4b48</run_address>
         <size>0x1c</size>
      </object_component>
      <object_component id="oc-387">
         <name>__TI_handler_table</name>
         <load_address>0x4b64</load_address>
         <run_address>0x4b64</run_address>
         <size>0xc</size>
      </object_component>
      <object_component id="oc-38a">
         <name>.cinit..bss.load</name>
         <load_address>0x4b70</load_address>
         <run_address>0x4b70</run_address>
         <size>0x8</size>
      </object_component>
      <object_component id="oc-388">
         <name>__TI_cinit_table</name>
         <load_address>0x4b78</load_address>
         <run_address>0x4b78</run_address>
         <size>0x10</size>
      </object_component>
      <object_component id="oc-51">
         <name>.data</name>
         <load_address>0x2000494c</load_address>
         <run_address>0x2000494c</run_address>
         <size>0x4</size>
         <input_file_ref idref="fl-14b"/>
      </object_component>
      <object_component id="oc-b9">
         <name>.data</name>
         <load_address>0x20004900</load_address>
         <run_address>0x20004900</run_address>
         <size>0x30</size>
         <input_file_ref idref="fl-d"/>
      </object_component>
      <object_component id="oc-c3">
         <name>.data</name>
         <load_address>0x20004948</load_address>
         <run_address>0x20004948</run_address>
         <size>0x4</size>
         <input_file_ref idref="fl-9"/>
      </object_component>
      <object_component id="oc-e3">
         <name>.data</name>
         <load_address>0x20004938</load_address>
         <run_address>0x20004938</run_address>
         <size>0x8</size>
         <input_file_ref idref="fl-151"/>
      </object_component>
      <object_component id="oc-e6">
         <name>.data</name>
         <load_address>0x20004940</load_address>
         <run_address>0x20004940</run_address>
         <size>0x8</size>
         <input_file_ref idref="fl-141"/>
      </object_component>
      <object_component id="oc-1ea">
         <name>.data</name>
         <load_address>0x20004930</load_address>
         <run_address>0x20004930</run_address>
         <size>0x8</size>
         <input_file_ref idref="fl-8"/>
      </object_component>
      <object_component id="oc-14f">
         <name>.bss:pxReadyTasksLists</name>
         <uninitialized>true</uninitialized>
         <run_address>0x20002800</run_address>
         <size>0x64</size>
         <input_file_ref idref="fl-d"/>
      </object_component>
      <object_component id="oc-1f0">
         <name>.bss:xHeap</name>
         <uninitialized>true</uninitialized>
         <run_address>0x20000000</run_address>
         <size>0x2800</size>
         <input_file_ref idref="fl-8"/>
      </object_component>
      <object_component id="oc-2af">
         <name>.common:g_ulSSIFlags</name>
         <uninitialized>true</uninitialized>
         <run_address>0x200028e0</run_address>
         <size>0x4</size>
      </object_component>
      <object_component id="oc-2ab">
         <name>.common:g_pucBuffer</name>
         <uninitialized>true</uninitialized>
         <run_address>0x200028c8</run_address>
         <size>0x8</size>
      </object_component>
      <object_component id="oc-ae">
         <name>.common:lastTime</name>
         <uninitialized>true</uninitialized>
         <run_address>0x200028e4</run_address>
         <size>0x4</size>
      </object_component>
      <object_component id="oc-115">
         <name>.common:state</name>
         <uninitialized>true</uninitialized>
         <run_address>0x200028f0</run_address>
         <size>0x4</size>
      </object_component>
      <object_component id="oc-259">
         <name>.common:xADCQueue</name>
         <uninitialized>true</uninitialized>
         <run_address>0x200028f4</run_address>
         <size>0x4</size>
      </object_component>
      <object_component id="oc-25a">
         <name>.common:xFrequencyQueue</name>
         <uninitialized>true</uninitialized>
         <run_address>0x200028f8</run_address>
         <size>0x4</size>
      </object_component>
      <object_component id="oc-1f3">
         <name>.common:xStart</name>
         <uninitialized>true</uninitialized>
         <run_address>0x200028d8</run_address>
         <size>0x8</size>
      </object_component>
      <object_component id="oc-1f5">
         <name>.common:xEnd</name>
         <uninitialized>true</uninitialized>
         <run_address>0x200028d0</run_address>
         <size>0x8</size>
      </object_component>
      <object_component id="oc-169">
         <name>.common:xDelayedTaskList1</name>
         <uninitialized>true</uninitialized>
         <run_address>0x20002864</run_address>
         <size>0x14</size>
      </object_component>
      <object_component id="oc-16a">
         <name>.common:xDelayedTaskList2</name>
         <uninitialized>true</uninitialized>
         <run_address>0x20002878</run_address>
         <size>0x14</size>
      </object_component>
      <object_component id="oc-16c">
         <name>.common:pxDelayedTaskList</name>
         <uninitialized>true</uninitialized>
         <run_address>0x200028e8</run_address>
         <size>0x4</size>
      </object_component>
      <object_component id="oc-16d">
         <name>.common:pxOverflowDelayedTaskList</name>
         <uninitialized>true</uninitialized>
         <run_address>0x200028ec</run_address>
         <size>0x4</size>
      </object_component>
      <object_component id="oc-168">
         <name>.common:xPendingReadyList</name>
         <uninitialized>true</uninitialized>
         <run_address>0x2000288c</run_address>
         <size>0x14</size>
      </object_component>
      <object_component id="oc-16e">
         <name>.common:xTasksWaitingTermination</name>
         <uninitialized>true</uninitialized>
         <run_address>0x200028b4</run_address>
         <size>0x14</size>
      </object_component>
      <object_component id="oc-167">
         <name>.common:xSuspendedTaskList</name>
         <uninitialized>true</uninitialized>
         <run_address>0x200028a0</run_address>
         <size>0x14</size>
      </object_component>
      <object_component id="oc-28">
         <name>.sysmem</name>
         <uninitialized>true</uninitialized>
         <run_address>0x20003900</run_address>
         <size>0x8</size>
         <input_file_ref idref="fl-16d"/>
      </object_component>
      <object_component id="oc-38c">
         <name>.sysmem</name>
         <uninitialized>true</uninitialized>
         <run_address>0x20003900</run_address>
         <size>0x0</size>
      </object_component>
      <object_component id="oc-27">
         <name>.stack</name>
         <uninitialized>true</uninitialized>
         <run_address>0x200028fc</run_address>
         <size>0x0</size>
         <input_file_ref idref="fl-13c"/>
      </object_component>
      <object_component id="oc-38b">
         <name>.stack</name>
         <uninitialized>true</uninitialized>
         <run_address>0x200028fc</run_address>
         <size>0x0</size>
      </object_component>
      <object_component id="oc-e">
         <name>.debug_info</name>
         <load_address>0x0</load_address>
         <run_address>0x0</run_address>
         <size>0xb7</size>
         <input_file_ref idref="fl-4"/>
      </object_component>
      <object_component id="oc-13">
         <name>.debug_info</name>
         <load_address>0xb7</load_address>
         <run_address>0xb7</run_address>
         <size>0xf3</size>
         <input_file_ref idref="fl-13c"/>
      </object_component>
      <object_component id="oc-16">
         <name>.debug_info</name>
         <load_address>0x1aa</load_address>
         <run_address>0x1aa</run_address>
         <size>0x194</size>
         <input_file_ref idref="fl-13d"/>
      </object_component>
      <object_component id="oc-1f">
         <name>.debug_info</name>
         <load_address>0x33e</load_address>
         <run_address>0x33e</run_address>
         <size>0x16a</size>
         <input_file_ref idref="fl-13f"/>
      </object_component>
      <object_component id="oc-25">
         <name>.debug_info</name>
         <load_address>0x4a8</load_address>
         <run_address>0x4a8</run_address>
         <size>0x18e</size>
         <input_file_ref idref="fl-13e"/>
      </object_component>
      <object_component id="oc-29">
         <name>.debug_info</name>
         <load_address>0x636</load_address>
         <run_address>0x636</run_address>
         <size>0xb6</size>
         <input_file_ref idref="fl-16d"/>
      </object_component>
      <object_component id="oc-2c">
         <name>.debug_info</name>
         <load_address>0x6ec</load_address>
         <run_address>0x6ec</run_address>
         <size>0x56a</size>
         <input_file_ref idref="fl-4"/>
      </object_component>
      <object_component id="oc-32">
         <name>.debug_info</name>
         <load_address>0xc56</load_address>
         <run_address>0xc56</run_address>
         <size>0x115</size>
         <input_file_ref idref="fl-a"/>
      </object_component>
      <object_component id="oc-37">
         <name>.debug_info</name>
         <load_address>0xd6b</load_address>
         <run_address>0xd6b</run_address>
         <size>0x580</size>
         <input_file_ref idref="fl-9"/>
      </object_component>
      <object_component id="oc-3e">
         <name>.debug_info</name>
         <load_address>0x12eb</load_address>
         <run_address>0x12eb</run_address>
         <size>0x482</size>
         <input_file_ref idref="fl-4"/>
      </object_component>
      <object_component id="oc-42">
         <name>.debug_info</name>
         <load_address>0x176d</load_address>
         <run_address>0x176d</run_address>
         <size>0x13d</size>
         <input_file_ref idref="fl-155"/>
      </object_component>
      <object_component id="oc-46">
         <name>.debug_info</name>
         <load_address>0x18aa</load_address>
         <run_address>0x18aa</run_address>
         <size>0x11c</size>
         <input_file_ref idref="fl-153"/>
      </object_component>
      <object_component id="oc-4c">
         <name>.debug_info</name>
         <load_address>0x19c6</load_address>
         <run_address>0x19c6</run_address>
         <size>0x1c2</size>
         <input_file_ref idref="fl-141"/>
      </object_component>
      <object_component id="oc-52">
         <name>.debug_info</name>
         <load_address>0x1b88</load_address>
         <run_address>0x1b88</run_address>
         <size>0xbe</size>
         <input_file_ref idref="fl-14b"/>
      </object_component>
      <object_component id="oc-58">
         <name>.debug_info</name>
         <load_address>0x1c46</load_address>
         <run_address>0x1c46</run_address>
         <size>0xcc</size>
         <input_file_ref idref="fl-146"/>
      </object_component>
      <object_component id="oc-5b">
         <name>.debug_info</name>
         <load_address>0x1d12</load_address>
         <run_address>0x1d12</run_address>
         <size>0x46</size>
         <input_file_ref idref="fl-13d"/>
      </object_component>
      <object_component id="oc-60">
         <name>.debug_info</name>
         <load_address>0x1d58</load_address>
         <run_address>0x1d58</run_address>
         <size>0xf2</size>
         <input_file_ref idref="fl-13d"/>
      </object_component>
      <object_component id="oc-62">
         <name>.debug_info</name>
         <load_address>0x1e4a</load_address>
         <run_address>0x1e4a</run_address>
         <size>0x46</size>
         <input_file_ref idref="fl-13f"/>
      </object_component>
      <object_component id="oc-67">
         <name>.debug_info</name>
         <load_address>0x1e90</load_address>
         <run_address>0x1e90</run_address>
         <size>0xad</size>
         <input_file_ref idref="fl-13f"/>
      </object_component>
      <object_component id="oc-6b">
         <name>.debug_info</name>
         <load_address>0x1f3d</load_address>
         <run_address>0x1f3d</run_address>
         <size>0x1ef</size>
         <input_file_ref idref="fl-13e"/>
      </object_component>
      <object_component id="oc-6f">
         <name>.debug_info</name>
         <load_address>0x212c</load_address>
         <run_address>0x212c</run_address>
         <size>0xb7</size>
         <input_file_ref idref="fl-13e"/>
      </object_component>
      <object_component id="oc-70">
         <name>.debug_info</name>
         <load_address>0x21e3</load_address>
         <run_address>0x21e3</run_address>
         <size>0x39</size>
         <input_file_ref idref="fl-13e"/>
      </object_component>
      <object_component id="oc-77">
         <name>.debug_info</name>
         <load_address>0x221c</load_address>
         <run_address>0x221c</run_address>
         <size>0x1d7</size>
         <input_file_ref idref="fl-16d"/>
      </object_component>
      <object_component id="oc-7a">
         <name>.debug_info</name>
         <load_address>0x23f3</load_address>
         <run_address>0x23f3</run_address>
         <size>0x1db</size>
         <input_file_ref idref="fl-170"/>
      </object_component>
      <object_component id="oc-7e">
         <name>.debug_info</name>
         <load_address>0x25ce</load_address>
         <run_address>0x25ce</run_address>
         <size>0x1d4</size>
         <input_file_ref idref="fl-174"/>
      </object_component>
      <object_component id="oc-82">
         <name>.debug_info</name>
         <load_address>0x27a2</load_address>
         <run_address>0x27a2</run_address>
         <size>0x1d0</size>
         <input_file_ref idref="fl-174"/>
      </object_component>
      <object_component id="oc-86">
         <name>.debug_info</name>
         <load_address>0x2972</load_address>
         <run_address>0x2972</run_address>
         <size>0x177</size>
         <input_file_ref idref="fl-5"/>
      </object_component>
      <object_component id="oc-8c">
         <name>.debug_info</name>
         <load_address>0x2ae9</load_address>
         <run_address>0x2ae9</run_address>
         <size>0x1e3</size>
         <input_file_ref idref="fl-170"/>
      </object_component>
      <object_component id="oc-92">
         <name>.debug_info</name>
         <load_address>0x2ccc</load_address>
         <run_address>0x2ccc</run_address>
         <size>0xfc</size>
         <input_file_ref idref="fl-147"/>
      </object_component>
      <object_component id="oc-95">
         <name>.debug_info</name>
         <load_address>0x2dc8</load_address>
         <run_address>0x2dc8</run_address>
         <size>0x1f5</size>
         <input_file_ref idref="fl-176"/>
      </object_component>
      <object_component id="oc-99">
         <name>.debug_info</name>
         <load_address>0x2fbd</load_address>
         <run_address>0x2fbd</run_address>
         <size>0x22c</size>
         <input_file_ref idref="fl-176"/>
      </object_component>
      <object_component id="oc-9d">
         <name>.debug_info</name>
         <load_address>0x31e9</load_address>
         <run_address>0x31e9</run_address>
         <size>0x2d8</size>
         <input_file_ref idref="fl-176"/>
      </object_component>
      <object_component id="oc-a1">
         <name>.debug_info</name>
         <load_address>0x34c1</load_address>
         <run_address>0x34c1</run_address>
         <size>0x19e5</size>
         <input_file_ref idref="fl-c"/>
      </object_component>
      <object_component id="oc-a7">
         <name>.debug_info</name>
         <load_address>0x4ea6</load_address>
         <run_address>0x4ea6</run_address>
         <size>0x1fe</size>
         <input_file_ref idref="fl-171"/>
      </object_component>
      <object_component id="oc-ab">
         <name>.debug_info</name>
         <load_address>0x50a4</load_address>
         <run_address>0x50a4</run_address>
         <size>0x203</size>
         <input_file_ref idref="fl-170"/>
      </object_component>
      <object_component id="oc-b0">
         <name>.debug_info</name>
         <load_address>0x52a7</load_address>
         <run_address>0x52a7</run_address>
         <size>0x323</size>
         <input_file_ref idref="fl-7"/>
      </object_component>
      <object_component id="oc-b4">
         <name>.debug_info</name>
         <load_address>0x55ca</load_address>
         <run_address>0x55ca</run_address>
         <size>0x84</size>
         <input_file_ref idref="fl-2"/>
      </object_component>
      <object_component id="oc-ba">
         <name>.debug_info</name>
         <load_address>0x564e</load_address>
         <run_address>0x564e</run_address>
         <size>0x2bd</size>
         <input_file_ref idref="fl-d"/>
      </object_component>
      <object_component id="oc-bd">
         <name>.debug_info</name>
         <load_address>0x590b</load_address>
         <run_address>0x590b</run_address>
         <size>0x24dc</size>
         <input_file_ref idref="fl-d"/>
      </object_component>
      <object_component id="oc-c4">
         <name>.debug_info</name>
         <load_address>0x7de7</load_address>
         <run_address>0x7de7</run_address>
         <size>0xc2</size>
         <input_file_ref idref="fl-9"/>
      </object_component>
      <object_component id="oc-c7">
         <name>.debug_info</name>
         <load_address>0x7ea9</load_address>
         <run_address>0x7ea9</run_address>
         <size>0x1cb</size>
         <input_file_ref idref="fl-9"/>
      </object_component>
      <object_component id="oc-c8">
         <name>.debug_info</name>
         <load_address>0x8074</load_address>
         <run_address>0x8074</run_address>
         <size>0x2c</size>
         <input_file_ref idref="fl-2"/>
      </object_component>
      <object_component id="oc-cf">
         <name>.debug_info</name>
         <load_address>0x80a0</load_address>
         <run_address>0x80a0</run_address>
         <size>0x2c</size>
         <input_file_ref idref="fl-2"/>
      </object_component>
      <object_component id="oc-d5">
         <name>.debug_info</name>
         <load_address>0x80cc</load_address>
         <run_address>0x80cc</run_address>
         <size>0x14b</size>
         <input_file_ref idref="fl-156"/>
      </object_component>
      <object_component id="oc-dc">
         <name>.debug_info</name>
         <load_address>0x8217</load_address>
         <run_address>0x8217</run_address>
         <size>0x829</size>
         <input_file_ref idref="fl-2"/>
      </object_component>
      <object_component id="oc-e2">
         <name>.debug_info</name>
         <load_address>0x8a40</load_address>
         <run_address>0x8a40</run_address>
         <size>0x11b</size>
         <input_file_ref idref="fl-153"/>
      </object_component>
      <object_component id="oc-e4">
         <name>.debug_info</name>
         <load_address>0x8b5b</load_address>
         <run_address>0x8b5b</run_address>
         <size>0xc8</size>
         <input_file_ref idref="fl-151"/>
      </object_component>
      <object_component id="oc-e7">
         <name>.debug_info</name>
         <load_address>0x8c23</load_address>
         <run_address>0x8c23</run_address>
         <size>0xeb</size>
         <input_file_ref idref="fl-141"/>
      </object_component>
      <object_component id="oc-ea">
         <name>.debug_info</name>
         <load_address>0x8d0e</load_address>
         <run_address>0x8d0e</run_address>
         <size>0x146</size>
         <input_file_ref idref="fl-141"/>
      </object_component>
      <object_component id="oc-ef">
         <name>.debug_info</name>
         <load_address>0x8e54</load_address>
         <run_address>0x8e54</run_address>
         <size>0x2c</size>
         <input_file_ref idref="fl-13d"/>
      </object_component>
      <object_component id="oc-f6">
         <name>.debug_info</name>
         <load_address>0x8e80</load_address>
         <run_address>0x8e80</run_address>
         <size>0x2c</size>
         <input_file_ref idref="fl-13f"/>
      </object_component>
      <object_component id="oc-102">
         <name>.debug_info</name>
         <load_address>0x8eac</load_address>
         <run_address>0x8eac</run_address>
         <size>0x2c</size>
         <input_file_ref idref="fl-16c"/>
      </object_component>
      <object_component id="oc-107">
         <name>.debug_info</name>
         <load_address>0x8ed8</load_address>
         <run_address>0x8ed8</run_address>
         <size>0x62</size>
         <input_file_ref idref="fl-16d"/>
      </object_component>
      <object_component id="oc-10d">
         <name>.debug_info</name>
         <load_address>0x8f3a</load_address>
         <run_address>0x8f3a</run_address>
         <size>0x84</size>
         <input_file_ref idref="fl-170"/>
      </object_component>
      <object_component id="oc-111">
         <name>.debug_info</name>
         <load_address>0x8fbe</load_address>
         <run_address>0x8fbe</run_address>
         <size>0x469</size>
         <input_file_ref idref="fl-170"/>
      </object_component>
      <object_component id="oc-113">
         <name>.debug_info</name>
         <load_address>0x9427</load_address>
         <run_address>0x9427</run_address>
         <size>0x467</size>
         <input_file_ref idref="fl-174"/>
      </object_component>
      <object_component id="oc-116">
         <name>.debug_info</name>
         <load_address>0x988e</load_address>
         <run_address>0x988e</run_address>
         <size>0xd7</size>
         <input_file_ref idref="fl-5"/>
      </object_component>
      <object_component id="oc-11c">
         <name>.debug_info</name>
         <load_address>0x9965</load_address>
         <run_address>0x9965</run_address>
         <size>0x45c</size>
         <input_file_ref idref="fl-176"/>
      </object_component>
      <object_component id="oc-11e">
         <name>.debug_info</name>
         <load_address>0x9dc1</load_address>
         <run_address>0x9dc1</run_address>
         <size>0x2c</size>
         <input_file_ref idref="fl-170"/>
      </object_component>
      <object_component id="oc-124">
         <name>.debug_info</name>
         <load_address>0x9ded</load_address>
         <run_address>0x9ded</run_address>
         <size>0x4c5</size>
         <input_file_ref idref="fl-8"/>
      </object_component>
      <object_component id="oc-12a">
         <name>.debug_info</name>
         <load_address>0xa2b2</load_address>
         <run_address>0xa2b2</run_address>
         <size>0x46f</size>
         <input_file_ref idref="fl-b"/>
      </object_component>
      <object_component id="oc-130">
         <name>.debug_info</name>
         <load_address>0xa721</load_address>
         <run_address>0xa721</run_address>
         <size>0x131</size>
         <input_file_ref idref="fl-c"/>
      </object_component>
      <object_component id="oc-135">
         <name>.debug_info</name>
         <load_address>0xa852</load_address>
         <run_address>0xa852</run_address>
         <size>0x57e</size>
         <input_file_ref idref="fl-c"/>
      </object_component>
      <object_component id="oc-136">
         <name>.debug_info</name>
         <load_address>0xadd0</load_address>
         <run_address>0xadd0</run_address>
         <size>0x110</size>
         <input_file_ref idref="fl-5"/>
      </object_component>
      <object_component id="oc-13b">
         <name>.debug_info</name>
         <load_address>0xaee0</load_address>
         <run_address>0xaee0</run_address>
         <size>0x2c</size>
         <input_file_ref idref="fl-2"/>
      </object_component>
      <object_component id="oc-140">
         <name>.debug_info</name>
         <load_address>0xaf0c</load_address>
         <run_address>0xaf0c</run_address>
         <size>0x16d</size>
         <input_file_ref idref="fl-2"/>
      </object_component>
      <object_component id="oc-146">
         <name>.debug_info</name>
         <load_address>0xb079</load_address>
         <run_address>0xb079</run_address>
         <size>0x104</size>
         <input_file_ref idref="fl-171"/>
      </object_component>
      <object_component id="oc-14d">
         <name>.debug_info</name>
         <load_address>0xb17d</load_address>
         <run_address>0xb17d</run_address>
         <size>0x761</size>
         <input_file_ref idref="fl-d"/>
      </object_component>
      <object_component id="oc-150">
         <name>.debug_info</name>
         <load_address>0xb8de</load_address>
         <run_address>0xb8de</run_address>
         <size>0xc2</size>
         <input_file_ref idref="fl-d"/>
      </object_component>
      <object_component id="oc-15b">
         <name>.debug_info</name>
         <load_address>0xb9a0</load_address>
         <run_address>0xb9a0</run_address>
         <size>0x1a0</size>
         <input_file_ref idref="fl-145"/>
      </object_component>
      <object_component id="oc-161">
         <name>.debug_info</name>
         <load_address>0xbb40</load_address>
         <run_address>0xbb40</run_address>
         <size>0x182</size>
         <input_file_ref idref="fl-14e"/>
      </object_component>
      <object_component id="oc-174">
         <name>.debug_info</name>
         <load_address>0xbcc2</load_address>
         <run_address>0xbcc2</run_address>
         <size>0x14c</size>
         <input_file_ref idref="fl-2"/>
      </object_component>
      <object_component id="oc-179">
         <name>.debug_info</name>
         <load_address>0xbe0e</load_address>
         <run_address>0xbe0e</run_address>
         <size>0x6af</size>
         <input_file_ref idref="fl-2"/>
      </object_component>
      <object_component id="oc-17b">
         <name>.debug_info</name>
         <load_address>0xc4bd</load_address>
         <run_address>0xc4bd</run_address>
         <size>0x148</size>
         <input_file_ref idref="fl-156"/>
      </object_component>
      <object_component id="oc-17d">
         <name>.debug_info</name>
         <load_address>0xc605</load_address>
         <run_address>0xc605</run_address>
         <size>0x1d6</size>
         <input_file_ref idref="fl-171"/>
      </object_component>
      <object_component id="oc-181">
         <name>.debug_info</name>
         <load_address>0xc7db</load_address>
         <run_address>0xc7db</run_address>
         <size>0x1d4</size>
         <input_file_ref idref="fl-174"/>
      </object_component>
      <object_component id="oc-185">
         <name>.debug_info</name>
         <load_address>0xc9af</load_address>
         <run_address>0xc9af</run_address>
         <size>0x267</size>
         <input_file_ref idref="fl-176"/>
      </object_component>
      <object_component id="oc-189">
         <name>.debug_info</name>
         <load_address>0xcc16</load_address>
         <run_address>0xcc16</run_address>
         <size>0x29a</size>
         <input_file_ref idref="fl-176"/>
      </object_component>
      <object_component id="oc-18d">
         <name>.debug_info</name>
         <load_address>0xceb0</load_address>
         <run_address>0xceb0</run_address>
         <size>0x1f1</size>
         <input_file_ref idref="fl-176"/>
      </object_component>
      <object_component id="oc-191">
         <name>.debug_info</name>
         <load_address>0xd0a1</load_address>
         <run_address>0xd0a1</run_address>
         <size>0x1e5</size>
         <input_file_ref idref="fl-176"/>
      </object_component>
      <object_component id="oc-195">
         <name>.debug_info</name>
         <load_address>0xd286</load_address>
         <run_address>0xd286</run_address>
         <size>0x246</size>
         <input_file_ref idref="fl-174"/>
      </object_component>
      <object_component id="oc-199">
         <name>.debug_info</name>
         <load_address>0xd4cc</load_address>
         <run_address>0xd4cc</run_address>
         <size>0x208</size>
         <input_file_ref idref="fl-174"/>
      </object_component>
      <object_component id="oc-19d">
         <name>.debug_info</name>
         <load_address>0xd6d4</load_address>
         <run_address>0xd6d4</run_address>
         <size>0x21a</size>
         <input_file_ref idref="fl-173"/>
      </object_component>
      <object_component id="oc-1a1">
         <name>.debug_info</name>
         <load_address>0xd8ee</load_address>
         <run_address>0xd8ee</run_address>
         <size>0x1d6</size>
         <input_file_ref idref="fl-174"/>
      </object_component>
      <object_component id="oc-1a5">
         <name>.debug_info</name>
         <load_address>0xdac4</load_address>
         <run_address>0xdac4</run_address>
         <size>0x1c1</size>
         <input_file_ref idref="fl-173"/>
      </object_component>
      <object_component id="oc-1a9">
         <name>.debug_info</name>
         <load_address>0xdc85</load_address>
         <run_address>0xdc85</run_address>
         <size>0x19f</size>
         <input_file_ref idref="fl-173"/>
      </object_component>
      <object_component id="oc-1ad">
         <name>.debug_info</name>
         <load_address>0xde24</load_address>
         <run_address>0xde24</run_address>
         <size>0x1dd</size>
         <input_file_ref idref="fl-170"/>
      </object_component>
      <object_component id="oc-1b1">
         <name>.debug_info</name>
         <load_address>0xe001</load_address>
         <run_address>0xe001</run_address>
         <size>0x20d</size>
         <input_file_ref idref="fl-170"/>
      </object_component>
      <object_component id="oc-1b5">
         <name>.debug_info</name>
         <load_address>0xe20e</load_address>
         <run_address>0xe20e</run_address>
         <size>0x1e5</size>
         <input_file_ref idref="fl-170"/>
      </object_component>
      <object_component id="oc-1b9">
         <name>.debug_info</name>
         <load_address>0xe3f3</load_address>
         <run_address>0xe3f3</run_address>
         <size>0x1d0</size>
         <input_file_ref idref="fl-170"/>
      </object_component>
      <object_component id="oc-1bd">
         <name>.debug_info</name>
         <load_address>0xe5c3</load_address>
         <run_address>0xe5c3</run_address>
         <size>0x1d8</size>
         <input_file_ref idref="fl-174"/>
      </object_component>
      <object_component id="oc-1c1">
         <name>.debug_info</name>
         <load_address>0xe79b</load_address>
         <run_address>0xe79b</run_address>
         <size>0x2cb</size>
         <input_file_ref idref="fl-171"/>
      </object_component>
      <object_component id="oc-1c7">
         <name>.debug_info</name>
         <load_address>0xea66</load_address>
         <run_address>0xea66</run_address>
         <size>0x944</size>
         <input_file_ref idref="fl-7"/>
      </object_component>
      <object_component id="oc-1cf">
         <name>.debug_info</name>
         <load_address>0xf3aa</load_address>
         <run_address>0xf3aa</run_address>
         <size>0x5e</size>
         <input_file_ref idref="fl-153"/>
      </object_component>
      <object_component id="oc-1d5">
         <name>.debug_info</name>
         <load_address>0xf408</load_address>
         <run_address>0xf408</run_address>
         <size>0x1d4</size>
         <input_file_ref idref="fl-151"/>
      </object_component>
      <object_component id="oc-1dc">
         <name>.debug_info</name>
         <load_address>0xf5dc</load_address>
         <run_address>0xf5dc</run_address>
         <size>0xd9</size>
         <input_file_ref idref="fl-151"/>
      </object_component>
      <object_component id="oc-1eb">
         <name>.debug_info</name>
         <load_address>0xf6b5</load_address>
         <run_address>0xf6b5</run_address>
         <size>0xc8</size>
         <input_file_ref idref="fl-8"/>
      </object_component>
      <object_component id="oc-1ee">
         <name>.debug_info</name>
         <load_address>0xf77d</load_address>
         <run_address>0xf77d</run_address>
         <size>0x228</size>
         <input_file_ref idref="fl-8"/>
      </object_component>
      <object_component id="oc-1f1">
         <name>.debug_info</name>
         <load_address>0xf9a5</load_address>
         <run_address>0xf9a5</run_address>
         <size>0xac</size>
         <input_file_ref idref="fl-8"/>
      </object_component>
      <object_component id="oc-1f7">
         <name>.debug_info</name>
         <load_address>0xfa51</load_address>
         <run_address>0xfa51</run_address>
         <size>0xc0</size>
         <input_file_ref idref="fl-8"/>
      </object_component>
      <object_component id="oc-1fb">
         <name>.debug_info</name>
         <load_address>0xfb11</load_address>
         <run_address>0xfb11</run_address>
         <size>0x11d</size>
         <input_file_ref idref="fl-b"/>
      </object_component>
      <object_component id="oc-1fe">
         <name>.debug_info</name>
         <load_address>0xfc2e</load_address>
         <run_address>0xfc2e</run_address>
         <size>0xcc</size>
         <input_file_ref idref="fl-c"/>
      </object_component>
      <object_component id="oc-205">
         <name>.debug_info</name>
         <load_address>0xfcfa</load_address>
         <run_address>0xfcfa</run_address>
         <size>0x4c2</size>
         <input_file_ref idref="fl-171"/>
      </object_component>
      <object_component id="oc-208">
         <name>.debug_info</name>
         <load_address>0x101bc</load_address>
         <run_address>0x101bc</run_address>
         <size>0xd4</size>
         <input_file_ref idref="fl-d"/>
      </object_component>
      <object_component id="oc-20d">
         <name>.debug_info</name>
         <load_address>0x10290</load_address>
         <run_address>0x10290</run_address>
         <size>0xc8</size>
         <input_file_ref idref="fl-d"/>
      </object_component>
      <object_component id="oc-215">
         <name>.debug_info</name>
         <load_address>0x10358</load_address>
         <run_address>0x10358</run_address>
         <size>0xaa</size>
         <input_file_ref idref="fl-145"/>
      </object_component>
      <object_component id="oc-217">
         <name>.debug_info</name>
         <load_address>0x10402</load_address>
         <run_address>0x10402</run_address>
         <size>0xab</size>
         <input_file_ref idref="fl-14e"/>
      </object_component>
      <object_component id="oc-21a">
         <name>.debug_info</name>
         <load_address>0x104ad</load_address>
         <run_address>0x104ad</run_address>
         <size>0x2c</size>
         <input_file_ref idref="fl-2"/>
      </object_component>
      <object_component id="oc-221">
         <name>.debug_info</name>
         <load_address>0x104d9</load_address>
         <run_address>0x104d9</run_address>
         <size>0xcd</size>
         <input_file_ref idref="fl-156"/>
      </object_component>
      <object_component id="oc-227">
         <name>.debug_info</name>
         <load_address>0x105a6</load_address>
         <run_address>0x105a6</run_address>
         <size>0x1ae</size>
         <input_file_ref idref="fl-171"/>
      </object_component>
      <object_component id="oc-22a">
         <name>.debug_info</name>
         <load_address>0x10754</load_address>
         <run_address>0x10754</run_address>
         <size>0x200</size>
         <input_file_ref idref="fl-174"/>
      </object_component>
      <object_component id="oc-235">
         <name>.debug_info</name>
         <load_address>0x10954</load_address>
         <run_address>0x10954</run_address>
         <size>0x105</size>
         <input_file_ref idref="fl-173"/>
      </object_component>
      <object_component id="oc-237">
         <name>.debug_info</name>
         <load_address>0x10a59</load_address>
         <run_address>0x10a59</run_address>
         <size>0x46e</size>
         <input_file_ref idref="fl-173"/>
      </object_component>
      <object_component id="oc-23a">
         <name>.debug_info</name>
         <load_address>0x10ec7</load_address>
         <run_address>0x10ec7</run_address>
         <size>0x1b3</size>
         <input_file_ref idref="fl-173"/>
      </object_component>
      <object_component id="oc-23d">
         <name>.debug_info</name>
         <load_address>0x1107a</load_address>
         <run_address>0x1107a</run_address>
         <size>0x173</size>
         <input_file_ref idref="fl-175"/>
      </object_component>
      <object_component id="oc-249">
         <name>.debug_info</name>
         <load_address>0x111ed</load_address>
         <run_address>0x111ed</run_address>
         <size>0xbe8</size>
         <input_file_ref idref="fl-3"/>
      </object_component>
      <object_component id="oc-250">
         <name>.debug_info</name>
         <load_address>0x11dd5</load_address>
         <run_address>0x11dd5</run_address>
         <size>0xdf</size>
         <input_file_ref idref="fl-143"/>
      </object_component>
      <object_component id="oc-255">
         <name>.debug_info</name>
         <load_address>0x11eb4</load_address>
         <run_address>0x11eb4</run_address>
         <size>0x322</size>
         <input_file_ref idref="fl-149"/>
      </object_component>
      <object_component id="oc-263">
         <name>.debug_info</name>
         <load_address>0x121d6</load_address>
         <run_address>0x121d6</run_address>
         <size>0xa7</size>
         <input_file_ref idref="fl-8"/>
      </object_component>
      <object_component id="oc-27f">
         <name>.debug_info</name>
         <load_address>0x1227d</load_address>
         <run_address>0x1227d</run_address>
         <size>0x19b</size>
         <input_file_ref idref="fl-172"/>
      </object_component>
      <object_component id="oc-283">
         <name>.debug_info</name>
         <load_address>0x12418</load_address>
         <run_address>0x12418</run_address>
         <size>0x1f4</size>
         <input_file_ref idref="fl-174"/>
      </object_component>
      <object_component id="oc-287">
         <name>.debug_info</name>
         <load_address>0x1260c</load_address>
         <run_address>0x1260c</run_address>
         <size>0x248</size>
         <input_file_ref idref="fl-172"/>
      </object_component>
      <object_component id="oc-28b">
         <name>.debug_info</name>
         <load_address>0x12854</load_address>
         <run_address>0x12854</run_address>
         <size>0x3d8</size>
         <input_file_ref idref="fl-3"/>
      </object_component>
      <object_component id="oc-28e">
         <name>.debug_info</name>
         <load_address>0x12c2c</load_address>
         <run_address>0x12c2c</run_address>
         <size>0x19d</size>
         <input_file_ref idref="fl-172"/>
      </object_component>
      <object_component id="oc-292">
         <name>.debug_info</name>
         <load_address>0x12dc9</load_address>
         <run_address>0x12dc9</run_address>
         <size>0x37d</size>
         <input_file_ref idref="fl-172"/>
      </object_component>
      <object_component id="oc-296">
         <name>.debug_info</name>
         <load_address>0x13146</load_address>
         <run_address>0x13146</run_address>
         <size>0x1d4</size>
         <input_file_ref idref="fl-174"/>
      </object_component>
      <object_component id="oc-29a">
         <name>.debug_info</name>
         <load_address>0x1331a</load_address>
         <run_address>0x1331a</run_address>
         <size>0x19b</size>
         <input_file_ref idref="fl-172"/>
      </object_component>
      <object_component id="oc-29e">
         <name>.debug_info</name>
         <load_address>0x134b5</load_address>
         <run_address>0x134b5</run_address>
         <size>0x1e5</size>
         <input_file_ref idref="fl-172"/>
      </object_component>
      <object_component id="oc-2a2">
         <name>.debug_info</name>
         <load_address>0x1369a</load_address>
         <run_address>0x1369a</run_address>
         <size>0x1e2</size>
         <input_file_ref idref="fl-174"/>
      </object_component>
      <object_component id="oc-2a8">
         <name>.debug_info</name>
         <load_address>0x1387c</load_address>
         <run_address>0x1387c</run_address>
         <size>0x11e</size>
         <input_file_ref idref="fl-3"/>
      </object_component>
      <object_component id="oc-2ad">
         <name>.debug_info</name>
         <load_address>0x1399a</load_address>
[...]
      <symbol id="sm-28b">
         <name>xQueueCreateCountingSemaphore</name>
         <value>0x1d2f</value>
         <object_component_ref idref="oc-a0"/>
      </symbol>
      <symbol id="sm-28c">
         <name>vQueueDelete</name>
         <value>0x2063</value>
         <object_component_ref idref="oc-a0"/>
      </symbol>
      <symbol id="sm-28d">
         <name>xQueueCreate</name>
         <value>0x1c21</value>
         <object_component_ref idref="oc-a0"/>
      </symbol>
      <symbol id="sm-3b3">
         <name>vTaskDelay</name>
         <value>0x11d9</value>
         <object_component_ref idref="oc-bc"/>
      </symbol>
      <symbol id="sm-3b4">
         <name>vTaskSuspendAll</name>
         <value>0x1547</value>
         <object_component_ref idref="oc-bc"/>
      </symbol>
      <symbol id="sm-3b5">
         <name>vTaskPriorityInherit</name>
         <value>0x1b05</value>
         <object_component_ref idref="oc-bc"/>
      </symbol>
      <symbol id="sm-3b6">
         <name>vTaskPlaceOnEventList</name>
         <value>0x17ad</value>
         <object_component_ref idref="oc-bc"/>
      </symbol>
      <symbol id="sm-3b7">
         <name>xTaskCheckForTimeOut</name>
         <value>0x18d1</value>
         <object_component_ref idref="oc-bc"/>
      </symbol>
      <symbol id="sm-3b8">
         <name>vTaskPrioritySet</name>
         <value>0x1279</value>
         <object_component_ref idref="oc-bc"/>
      </symbol>
      <symbol id="sm-3b9">
         <name>vTaskStartScheduler</name>
         <value>0x14eb</value>
         <object_component_ref idref="oc-bc"/>
      </symbol>
      <symbol id="sm-3ba">
         <name>vTaskPriorityDisinherit</name>
         <value>0x1b8f</value>
         <object_component_ref idref="oc-bc"/>
      </symbol>
      <symbol id="sm-3bb">
         <name>vTaskDelayUntil</name>
         <value>0x1129</value>
         <object_component_ref idref="oc-bc"/>
      </symbol>
      <symbol id="sm-3bc">
         <name>vTaskEndScheduler</name>
         <value>0x1535</value>
         <object_component_ref idref="oc-bc"/>
      </symbol>
      <symbol id="sm-3bd">
         <name>vTaskMissedYield</name>
         <value>0x1949</value>
         <object_component_ref idref="oc-bc"/>
      </symbol>
      <symbol id="sm-3be">
         <name>uxTaskGetNumberOfTasks</name>
         <value>0x1635</value>
         <object_component_ref idref="oc-bc"/>
      </symbol>
      <symbol id="sm-3bf">
         <name>uxTaskPriorityGet</name>
         <value>0x123d</value>
         <object_component_ref idref="oc-bc"/>
      </symbol>
      <symbol id="sm-3c0">
         <name>xTaskResumeAll</name>
         <value>0x1551</value>
         <object_component_ref idref="oc-bc"/>
      </symbol>
      <symbol id="sm-3c1">
         <name>xTaskGetTickCount</name>
         <value>0x1621</value>
         <object_component_ref idref="oc-bc"/>
      </symbol>
      <symbol id="sm-3c2">
         <name>xTaskGenericCreate</name>
         <value>0xfad</value>
         <object_component_ref idref="oc-bc"/>
      </symbol>
      <symbol id="sm-3c3">
         <name>vTaskDelete</name>
         <value>0x10c1</value>
         <object_component_ref idref="oc-bc"/>
      </symbol>
      <symbol id="sm-3c4">
         <name>pxCurrentTCB</name>
         <value>0x20004900</value>
         <object_component_ref idref="oc-b9"/>
      </symbol>
      <symbol id="sm-3c5">
         <name>vTaskSuspend</name>
         <value>0x1361</value>
         <object_component_ref idref="oc-bc"/>
      </symbol>
      <symbol id="sm-3c6">
         <name>vTaskResume</name>
         <value>0x1409</value>
         <object_component_ref idref="oc-bc"/>
      </symbol>
      <symbol id="sm-3c7">
         <name>vTaskSetTimeOutState</name>
         <value>0x18ab</value>
         <object_component_ref idref="oc-bc"/>
      </symbol>
      <symbol id="sm-3c8">
         <name>vTaskIncrementTick</name>
         <value>0x1645</value>
         <object_component_ref idref="oc-bc"/>
      </symbol>
      <symbol id="sm-3c9">
         <name>vTaskSwitchContext</name>
         <value>0x16ed</value>
         <object_component_ref idref="oc-bc"/>
      </symbol>
      <symbol id="sm-3ca">
         <name>xTaskResumeFromISR</name>
         <value>0x1479</value>
         <object_component_ref idref="oc-bc"/>
      </symbol>
      <symbol id="sm-3cb">
         <name>xTaskGetCurrentTaskHandle</name>
         <value>0x1af1</value>
         <object_component_ref idref="oc-bc"/>
      </symbol>
      <symbol id="sm-3cc">
         <name>xTaskRemoveFromEventList</name>
         <value>0x182d</value>
         <object_component_ref idref="oc-bc"/>
      </symbol>
      <symbol id="sm-3cd">
         <name>xTaskIsTaskSuspended</name>
         <value>0x13b9</value>
         <object_component_ref idref="oc-bc"/>
      </symbol>
      <symbol id="sm-3dd">
         <name>_c_int00</name>
         <value>0x4299</value>
         <object_component_ref idref="oc-10"/>
      </symbol>
      <symbol id="sm-3de">
         <name>__stack</name>
         <value>0x200028fc</value>
         <object_component_ref idref="oc-27"/>
      </symbol>
      <symbol id="sm-3f5">
         <name>__TI_decompress_none</name>
         <value>0x4599</value>
         <object_component_ref idref="oc-15"/>
      </symbol>
      <symbol id="sm-419">
         <name>__TI_decompress_rle24</name>
         <value>0x4633</value>
         <object_component_ref idref="oc-21"/>
      </symbol>
      <symbol id="sm-432">
         <name>__TI_zero_init</name>
         <value>0x456b</value>
         <object_component_ref idref="oc-1b"/>
      </symbol>
      <symbol id="sm-452">
         <name>C$$EXIT</name>
         <value>0x41d9</value>
         <object_component_ref idref="oc-4b"/>
      </symbol>
      <symbol id="sm-453">
         <name>abort</name>
         <value>0x41dd</value>
         <object_component_ref idref="oc-4b"/>
      </symbol>
      <symbol id="sm-454">
         <name>exit</name>
         <value>0x41e5</value>
         <object_component_ref idref="oc-4b"/>
      </symbol>
      <symbol id="sm-455">
         <name>__TI_dtors_ptr</name>
         <value>0x20004944</value>
         <object_component_ref idref="oc-e6"/>
      </symbol>
      <symbol id="sm-456">
         <name>__TI_cleanup_ptr</name>
         <value>0x20004940</value>
         <object_component_ref idref="oc-e6"/>
      </symbol>
      <symbol id="sm-462">
         <name>__aeabi_f2d</name>
         <value>0x4261</value>
         <object_component_ref idref="oc-24e"/>
      </symbol>
      <symbol id="sm-478">
         <name>memcmp</name>
         <value>0x4421</value>
         <object_component_ref idref="oc-157"/>
      </symbol>
      <symbol id="sm-493">
         <name>memcpy</name>
         <value>0x3b4d</value>
         <object_component_ref idref="oc-55"/>
      </symbol>
      <symbol id="sm-494">
         <name>__aeabi_memcpy</name>
         <value>0x3b4d</value>
         <object_component_ref idref="oc-55"/>
      </symbol>
      <symbol id="sm-495">
         <name>__aeabi_memcpy8</name>
         <value>0x3b4d</value>
         <object_component_ref idref="oc-55"/>
      </symbol>
      <symbol id="sm-496">
         <name>__aeabi_memcpy4</name>
         <value>0x3b4d</value>
         <object_component_ref idref="oc-55"/>
      </symbol>
      <symbol id="sm-4a5">
         <name>__aeabi_memset</name>
         <value>0x3e23</value>
         <object_component_ref idref="oc-8f"/>
      </symbol>
      <symbol id="sm-4a6">
         <name>memset</name>
         <value>0x3e29</value>
         <object_component_ref idref="oc-8f"/>
      </symbol>
      <symbol id="sm-4a7">
         <name>__aeabi_memset8</name>
         <value>0x3e23</value>
         <object_component_ref idref="oc-8f"/>
      </symbol>
      <symbol id="sm-4a8">
         <name>__aeabi_memset4</name>
         <value>0x3e23</value>
         <object_component_ref idref="oc-8f"/>
      </symbol>
      <symbol id="sm-4a9">
         <name>__aeabi_memclr8</name>
         <value>0x3e21</value>
         <object_component_ref idref="oc-8f"/>
      </symbol>
      <symbol id="sm-4aa">
         <name>__aeabi_memclr4</name>
         <value>0x3e21</value>
         <object_component_ref idref="oc-8f"/>
      </symbol>
      <symbol id="sm-4ab">
         <name>__aeabi_memclr</name>
         <value>0x3e21</value>
         <object_component_ref idref="oc-8f"/>
      </symbol>
      <symbol id="sm-4c8">
         <name>snprintf</name>
         <value>0x3be9</value>
         <object_component_ref idref="oc-253"/>
      </symbol>
      <symbol id="sm-4d1">
         <name>main_func_sp</name>
         <value>0x2000494c</value>
         <object_component_ref idref="oc-51"/>
      </symbol>
      <symbol id="sm-4e3">
         <name>strncpy</name>
         <value>0x42cd</value>
         <object_component_ref idref="oc-160"/>
      </symbol>
      <symbol id="sm-4fe">
         <name>_nop</name>
         <value>0x44d3</value>
         <object_component_ref idref="oc-1d4"/>
      </symbol>
      <symbol id="sm-4ff">
         <name>_lock</name>
         <value>0x20004938</value>
         <object_component_ref idref="oc-e3"/>
      </symbol>
      <symbol id="sm-500">
         <name>_unlock</name>
         <value>0x2000493c</value>
         <object_component_ref idref="oc-e3"/>
      </symbol>
      <symbol id="sm-501">
         <name>_register_lock</name>
         <value>0x44cb</value>
         <object_component_ref idref="oc-1d4"/>
      </symbol>
      <symbol id="sm-502">
         <name>_register_unlock</name>
         <value>0x44c5</value>
         <object_component_ref idref="oc-1d4"/>
      </symbol>
      <symbol id="sm-5ee">
         <name>__TI_printfi</name>
         <value>0xca3</value>
         <object_component_ref idref="oc-2b5"/>
      </symbol>
      <symbol id="sm-602">
         <name>_args_main</name>
         <value>0x447d</value>
         <object_component_ref idref="oc-45"/>
      </symbol>
      <symbol id="sm-618">
         <name>atoi</name>
         <value>0x4079</value>
         <object_component_ref idref="oc-323"/>
      </symbol>
      <symbol id="sm-635">
         <name>__TI_auto_init</name>
         <value>0x3c81</value>
         <object_component_ref idref="oc-40"/>
      </symbol>
      <symbol id="sm-64e">
         <name>copy_in</name>
         <value>0x4195</value>
         <object_component_ref idref="oc-d4"/>
      </symbol>
      <symbol id="sm-659">
         <name>_ctypes_</name>
         <value>0x481c</value>
         <object_component_ref idref="oc-34f"/>
      </symbol>
      <symbol id="sm-670">
         <name>__aeabi_dsub</name>
         <value>0x3145</value>
         <object_component_ref idref="oc-312"/>
      </symbol>
      <symbol id="sm-671">
         <name>__aeabi_dadd</name>
         <value>0x314f</value>
         <object_component_ref idref="oc-312"/>
      </symbol>
      <symbol id="sm-693">
         <name>__aeabi_cdcmpeq</name>
         <value>0x3d15</value>
         <object_component_ref idref="oc-2ee"/>
      </symbol>
      <symbol id="sm-694">
         <name>__aeabi_cdcmple</name>
         <value>0x3d15</value>
         <object_component_ref idref="oc-2ee"/>
      </symbol>
      <symbol id="sm-695">
         <name>__aeabi_cdrcmple</name>
         <value>0x3d9b</value>
         <object_component_ref idref="oc-2fd"/>
      </symbol>
      <symbol id="sm-6a9">
         <name>__aeabi_ddiv</name>
         <value>0x35a5</value>
         <object_component_ref idref="oc-2f8"/>
      </symbol>
      <symbol id="sm-6b4">
         <name>__aeabi_dmul</name>
         <value>0x3809</value>
         <object_component_ref idref="oc-2f3"/>
      </symbol>
      <symbol id="sm-6be">
         <name>__aeabi_d2iz</name>
         <value>0x40c5</value>
         <object_component_ref idref="oc-302"/>
      </symbol>
      <symbol id="sm-6ca">
         <name>__aeabi_i2d</name>
         <value>0x4359</value>
         <object_component_ref idref="oc-30d"/>
      </symbol>
      <symbol id="sm-6d3">
         <name>__aeabi_lmul</name>
         <value>0x4495</value>
         <object_component_ref idref="oc-2e3"/>
      </symbol>
      <symbol id="sm-6e2">
         <name>ltoa</name>
         <value>0x3fc7</value>
         <object_component_ref idref="oc-307"/>
      </symbol>
      <symbol id="sm-6f2">
         <name>memccpy</name>
         <value>0x4463</value>
         <object_component_ref idref="oc-31d"/>
      </symbol>
      <symbol id="sm-702">
         <name>strlen</name>
         <value>0x44d9</value>
         <object_component_ref idref="oc-2e8"/>
      </symbol>
      <symbol id="sm-71e">
         <name>__aeabi_uldivmod</name>
         <value>0x2bbd</value>
         <object_component_ref idref="oc-2de"/>
      </symbol>
      <symbol id="sm-728">
         <name>_Dclass</name>
         <value>0x45a7</value>
         <object_component_ref idref="oc-317"/>
      </symbol>
      <symbol id="sm-73a">
         <name>_Dtest</name>
         <value>0x421d</value>
         <object_component_ref idref="oc-346"/>
      </symbol>
      <symbol id="sm-753">
         <name>_sys_memory</name>
         <value>0x20003900</value>
         <object_component_ref idref="oc-28"/>
      </symbol>
      <symbol id="sm-792">
         <name>TimerLoadSet</name>
         <value>0x4559</value>
         <object_component_ref idref="oc-aa"/>
      </symbol>
      <symbol id="sm-793">
         <name>TimerEnable</name>
         <value>0x458b</value>
         <object_component_ref idref="oc-1b8"/>
      </symbol>
      <symbol id="sm-794">
         <name>TimerValueGet</name>
         <value>0x45cd</value>
         <object_component_ref idref="oc-79"/>
      </symbol>
      <symbol id="sm-795">
         <name>TimerIntEnable</name>
         <value>0x4613</value>
         <object_component_ref idref="oc-1b4"/>
      </symbol>
      <symbol id="sm-796">
         <name>TimerConfigure</name>
         <value>0x43fd</value>
         <object_component_ref idref="oc-1ac"/>
      </symbol>
      <symbol id="sm-797">
         <name>TimerControlEvent</name>
         <value>0x4547</value>
         <object_component_ref idref="oc-1b0"/>
      </symbol>
      <symbol id="sm-798">
         <name>TimerIntClear</name>
         <value>0x4639</value>
         <object_component_ref idref="oc-8b"/>
      </symbol>
      <symbol id="sm-80b">
         <name>SysCtlClockSet</name>
         <value>0x3461</value>
         <object_component_ref idref="oc-1c0"/>
      </symbol>
      <symbol id="sm-80c">
         <name>SysCtlDelay</name>
         <value>0x462d</value>
         <object_component_ref idref="oc-246"/>
      </symbol>
      <symbol id="sm-80d">
         <name>SysCtlPeripheralEnable</name>
         <value>0x4021</value>
         <object_component_ref idref="oc-17c"/>
      </symbol>
      <symbol id="sm-80e">
         <name>SysCtlClockGet</name>
         <value>0x2db1</value>
         <object_component_ref idref="oc-a6"/>
      </symbol>
      <symbol id="sm-842">
         <name>SSIDataPut</name>
         <value>0x45ed</value>
         <object_component_ref idref="oc-286"/>
      </symbol>
      <symbol id="sm-843">
         <name>SSIDataGetNonBlocking</name>
         <value>0x4535</value>
         <object_component_ref idref="oc-29d"/>
      </symbol>
      <symbol id="sm-844">
         <name>SSIConfigSetExpClk</name>
         <value>0x4151</value>
         <object_component_ref idref="oc-291"/>
      </symbol>
      <symbol id="sm-845">
         <name>SSIEnable</name>
         <value>0x4601</value>
         <object_component_ref idref="oc-299"/>
      </symbol>
      <symbol id="sm-846">
         <name>SSIBusy</name>
         <value>0x460b</value>
         <object_component_ref idref="oc-27e"/>
      </symbol>
      <symbol id="sm-847">
         <name>SSIDisable</name>
         <value>0x45f7</value>
         <object_component_ref idref="oc-28d"/>
      </symbol>
      <symbol id="sm-87d">
         <name>IntPrioritySet</name>
         <value>0x43d9</value>
         <object_component_ref idref="oc-19c"/>
      </symbol>
      <symbol id="sm-87e">
         <name>IntEnable</name>
         <value>0x3f05</value>
         <object_component_ref idref="oc-1a4"/>
      </symbol>
      <symbol id="sm-87f">
         <name>IntMasterEnable</name>
         <value>0x45e3</value>
         <object_component_ref idref="oc-1a8"/>
      </symbol>
      <symbol id="sm-8e2">
         <name>GPIOPinIntClear</name>
         <value>0x461b</value>
         <object_component_ref idref="oc-7d"/>
      </symbol>
      <symbol id="sm-8e3">
         <name>GPIOIntTypeSet</name>
         <value>0x410d</value>
         <object_component_ref idref="oc-198"/>
      </symbol>
      <symbol id="sm-8e4">
         <name>GPIOPinTypeADC</name>
         <value>0x44ed</value>
         <object_component_ref idref="oc-180"/>
      </symbol>
      <symbol id="sm-8e5">
         <name>GPIOPinIntEnable</name>
         <value>0x45c1</value>
         <object_component_ref idref="oc-1a0"/>
      </symbol>
      <symbol id="sm-8e6">
         <name>GPIOPinTypeGPIOOutput</name>
         <value>0x44ff</value>
         <object_component_ref idref="oc-2a1"/>
      </symbol>
      <symbol id="sm-8e7">
         <name>GPIOPinRead</name>
         <value>0x4621</value>
         <object_component_ref idref="oc-81"/>
      </symbol>
      <symbol id="sm-8e8">
         <name>GPIODirModeSet</name>
         <value>0x432b</value>
         <object_component_ref idref="oc-229"/>
      </symbol>
      <symbol id="sm-8e9">
         <name>GPIOPinWrite</name>
         <value>0x4627</value>
         <object_component_ref idref="oc-282"/>
      </symbol>
      <symbol id="sm-8ea">
         <name>GPIOPadConfigSet</name>
         <value>0x39e9</value>
         <object_component_ref idref="oc-194"/>
      </symbol>
      <symbol id="sm-8eb">
         <name>GPIOPinTypeSSI</name>
         <value>0x4511</value>
         <object_component_ref idref="oc-295"/>
      </symbol>
      <symbol id="sm-8ec">
         <name>GPIOPinTypeTimer</name>
         <value>0x4523</value>
         <object_component_ref idref="oc-1bc"/>
      </symbol>
      <symbol id="sm-8f4">
         <name>CPUcpsie</name>
         <value>0x45b5</value>
         <object_component_ref idref="oc-23c"/>
      </symbol>
      <symbol id="sm-930">
         <name>ADCProcessorTrigger</name>
         <value>0x44ad</value>
         <object_component_ref idref="oc-94"/>
      </symbol>
      <symbol id="sm-931">
         <name>ADCSequenceEnable</name>
         <value>0x457d</value>
         <object_component_ref idref="oc-18c"/>
      </symbol>
      <symbol id="sm-932">
         <name>ADCSequenceConfigure</name>
         <value>0x4387</value>
         <object_component_ref idref="oc-184"/>
      </symbol>
      <symbol id="sm-933">
         <name>ADCSequenceStepConfigure</name>
         <value>0x3e99</value>
         <object_component_ref idref="oc-188"/>
      </symbol>
      <symbol id="sm-934">
         <name>ADCIntClear</name>
         <value>0x45d9</value>
         <object_component_ref idref="oc-190"/>
      </symbol>
      <symbol id="sm-935">
         <name>ADCIntStatus</name>
         <value>0x42fd</value>
         <object_component_ref idref="oc-98"/>
      </symbol>
      <symbol id="sm-936">
         <name>ADCSequenceDataGet</name>
         <value>0x4443</value>
         <object_component_ref idref="oc-9c"/>
      </symbol>
      <symbol id="sm-937">
         <name>__TI_static_base__</name>
         <value>0x0</value>
      </symbol>
      <symbol id="sm-938">
         <name>__TI_args_main</name>
         <value>0x1</value>
      </symbol>
      <symbol id="sm-939">
         <name>SHT$$INIT_ARRAY$$Limit</name>
         <value>0x0</value>
      </symbol>
      <symbol id="sm-93a">
         <name>SHT$$INIT_ARRAY$$Base</name>
         <value>0x0</value>
      </symbol>
   </symbol_table>
   <title>Link successful</title>
</link_info>
