<?xml version="1.0"?>
<link_info>
   <banner>TI ARM Linker PC v15.12.1.LTS</banner>
   <copyright>Copyright (c) 1996-2015 Texas Instruments Incorporated</copyright>
   <link_time>0x57ac2972</link_time>
   <link_errors>0x0</link_errors>
   <output_file>FRT.out</output_file>
   <entry_point>
      <name>_c_int00</name>
      <address>0x41d5</address>
   </entry_point>
   <input_file_list>
      <input_file id="fl-2">
         <path>.\</path>
         <kind>object</kind>
         <file>list.obj</file>
         <name>list.obj</name>
      </input_file>
      <input_file id="fl-3">
         <path>.\</path>
         <kind>object</kind>
         <file>main.obj</file>
         <name>main.obj</name>
      </input_file>
      <input_file id="fl-4">
         <path>.\</path>
         <kind>object</kind>
         <file>queue.obj</file>
         <name>queue.obj</name>
      </input_file>
      <input_file id="fl-5">
         <path>.\</path>
         <kind>object</kind>
         <file>rit128x96x4.obj</file>
         <name>rit128x96x4.obj</name>
      </input_file>
      <input_file id="fl-6">
         <path>.\</path>
         <kind>object</kind>
         <file>startup_ccs.obj</file>
         <name>startup_ccs.obj</name>
      </input_file>
      <input_file id="fl-7">
         <path>.\</path>
         <kind>object</kind>
         <file>tasks.obj</file>
         <name>tasks.obj</name>
      </input_file>
      <input_file id="fl-8">
         <path>.\demo_code\</path>
         <kind>object</kind>
         <file>basic_io.obj</file>
         <name>basic_io.obj</name>
      </input_file>
      <input_file id="fl-9">
         <path>.\portable\</path>
         <kind>object</kind>
         <file>heap_2.obj</file>
         <name>heap_2.obj</name>
      </input_file>
      <input_file id="fl-a">
         <path>.\portable\</path>
         <kind>object</kind>
         <file>port.obj</file>
         <name>port.obj</name>
      </input_file>
      <input_file id="fl-b">
         <path>.\portable\</path>
         <kind>object</kind>
         <file>portasm.obj</file>
         <name>portasm.obj</name>
      </input_file>
      <input_file id="fl-c">
         <path>.\tasks\</path>
         <kind>object</kind>
         <file>pollADC.obj</file>
         <name>pollADC.obj</name>
      </input_file>
      <input_file id="fl-d">
         <path>.\tasks\</path>
         <kind>object</kind>
         <file>screenDraw.obj</file>
         <name>screenDraw.obj</name>
      </input_file>
      <input_file id="fl-c8">
         <path>C:\ti\ccsv6\tools\compiler\ti-cgt-arm_15.12.1.LTS\lib\</path>
         <kind>archive</kind>
         <file>rtsv7M3_T_le_eabi.lib</file>
         <name>boot.obj</name>
      </input_file>
      <input_file id="fl-c9">
         <path>C:\ti\ccsv6\tools\compiler\ti-cgt-arm_15.12.1.LTS\lib\</path>
         <kind>archive</kind>
         <file>rtsv7M3_T_le_eabi.lib</file>
         <name>copy_decompress_none.obj</name>
      </input_file>
      <input_file id="fl-ca">
         <path>C:\ti\ccsv6\tools\compiler\ti-cgt-arm_15.12.1.LTS\lib\</path>
         <kind>archive</kind>
         <file>rtsv7M3_T_le_eabi.lib</file>
         <name>copy_decompress_rle.obj</name>
      </input_file>
      <input_file id="fl-cb">
         <path>C:\ti\ccsv6\tools\compiler\ti-cgt-arm_15.12.1.LTS\lib\</path>
         <kind>archive</kind>
         <file>rtsv7M3_T_le_eabi.lib</file>
         <name>copy_zero_init.obj</name>
      </input_file>
      <input_file id="fl-cc">
         <path>C:\ti\ccsv6\tools\compiler\ti-cgt-arm_15.12.1.LTS\lib\</path>
         <kind>archive</kind>
         <file>rtsv7M3_T_le_eabi.lib</file>
         <name>defs.obj</name>
      </input_file>
      <input_file id="fl-cd">
         <path>C:\ti\ccsv6\tools\compiler\ti-cgt-arm_15.12.1.LTS\lib\</path>
         <kind>archive</kind>
         <file>rtsv7M3_T_le_eabi.lib</file>
         <name>exit.obj</name>
      </input_file>
      <input_file id="fl-ce">
         <path>C:\ti\ccsv6\tools\compiler\ti-cgt-arm_15.12.1.LTS\lib\</path>
         <kind>archive</kind>
         <file>rtsv7M3_T_le_eabi.lib</file>
         <name>fflush.obj</name>
      </input_file>
      <input_file id="fl-cf">
         <path>C:\ti\ccsv6\tools\compiler\ti-cgt-arm_15.12.1.LTS\lib\</path>
         <kind>archive</kind>
         <file>rtsv7M3_T_le_eabi.lib</file>
         <name>lowlev.obj</name>
      </input_file>
      <input_file id="fl-d0">
         <path>C:\ti\ccsv6\tools\compiler\ti-cgt-arm_15.12.1.LTS\lib\</path>
         <kind>archive</kind>
         <file>rtsv7M3_T_le_eabi.lib</file>
         <name>memcmp.obj</name>
      </input_file>
      <input_file id="fl-d1">
         <path>C:\ti\ccsv6\tools\compiler\ti-cgt-arm_15.12.1.LTS\lib\</path>
         <kind>archive</kind>
         <file>rtsv7M3_T_le_eabi.lib</file>
         <name>memcpy_t2.obj</name>
      </input_file>
      <input_file id="fl-d2">
         <path>C:\ti\ccsv6\tools\compiler\ti-cgt-arm_15.12.1.LTS\lib\</path>
         <kind>archive</kind>
         <file>rtsv7M3_T_le_eabi.lib</file>
         <name>memset_t2.obj</name>
      </input_file>
      <input_file id="fl-d3">
         <path>C:\ti\ccsv6\tools\compiler\ti-cgt-arm_15.12.1.LTS\lib\</path>
         <kind>archive</kind>
         <file>rtsv7M3_T_le_eabi.lib</file>
         <name>mpu_init.obj</name>
      </input_file>
      <input_file id="fl-d4">
         <path>C:\ti\ccsv6\tools\compiler\ti-cgt-arm_15.12.1.LTS\lib\</path>
         <kind>archive</kind>
         <file>rtsv7M3_T_le_eabi.lib</file>
         <name>pre_init.obj</name>
      </input_file>
      <input_file id="fl-d5">
         <path>C:\ti\ccsv6\tools\compiler\ti-cgt-arm_15.12.1.LTS\lib\</path>
         <kind>archive</kind>
         <file>rtsv7M3_T_le_eabi.lib</file>
         <name>printf.obj</name>
      </input_file>
      <input_file id="fl-d6">
         <path>C:\ti\ccsv6\tools\compiler\ti-cgt-arm_15.12.1.LTS\lib\</path>
         <kind>archive</kind>
         <file>rtsv7M3_T_le_eabi.lib</file>
         <name>sprintf.obj</name>
      </input_file>
      <input_file id="fl-d7">
         <path>C:\ti\ccsv6\tools\compiler\ti-cgt-arm_15.12.1.LTS\lib\</path>
         <kind>archive</kind>
         <file>rtsv7M3_T_le_eabi.lib</file>
         <name>stkdepth_vars.obj</name>
      </input_file>
      <input_file id="fl-d8">
         <path>C:\ti\ccsv6\tools\compiler\ti-cgt-arm_15.12.1.LTS\lib\</path>
         <kind>archive</kind>
         <file>rtsv7M3_T_le_eabi.lib</file>
         <name>strchr.obj</name>
      </input_file>
      <input_file id="fl-d9">
         <path>C:\ti\ccsv6\tools\compiler\ti-cgt-arm_15.12.1.LTS\lib\</path>
         <kind>archive</kind>
         <file>rtsv7M3_T_le_eabi.lib</file>
         <name>strcmp.obj</name>
      </input_file>
      <input_file id="fl-da">
         <path>C:\ti\ccsv6\tools\compiler\ti-cgt-arm_15.12.1.LTS\lib\</path>
         <kind>archive</kind>
         <file>rtsv7M3_T_le_eabi.lib</file>
         <name>strncpy.obj</name>
      </input_file>
      <input_file id="fl-db">
         <path>C:\ti\ccsv6\tools\compiler\ti-cgt-arm_15.12.1.LTS\lib\</path>
         <kind>archive</kind>
         <file>rtsv7M3_T_le_eabi.lib</file>
         <name>trgdrv.obj</name>
      </input_file>
      <input_file id="fl-dc">
         <path>C:\ti\ccsv6\tools\compiler\ti-cgt-arm_15.12.1.LTS\lib\</path>
         <kind>archive</kind>
         <file>rtsv7M3_T_le_eabi.lib</file>
         <name>trgmsg.obj</name>
      </input_file>
      <input_file id="fl-dd">
         <path>C:\ti\ccsv6\tools\compiler\ti-cgt-arm_15.12.1.LTS\lib\</path>
         <kind>archive</kind>
         <file>rtsv7M3_T_le_eabi.lib</file>
         <name>_lock.obj</name>
      </input_file>
      <input_file id="fl-de">
         <path>C:\ti\ccsv6\tools\compiler\ti-cgt-arm_15.12.1.LTS\lib\</path>
         <kind>archive</kind>
         <file>rtsv7M3_T_le_eabi.lib</file>
         <name>_printfi.obj</name>
      </input_file>
      <input_file id="fl-df">
         <path>C:\ti\ccsv6\tools\compiler\ti-cgt-arm_15.12.1.LTS\lib\</path>
         <kind>archive</kind>
         <file>rtsv7M3_T_le_eabi.lib</file>
         <name>args_main.obj</name>
      </input_file>
      <input_file id="fl-e0">
         <path>C:\ti\ccsv6\tools\compiler\ti-cgt-arm_15.12.1.LTS\lib\</path>
         <kind>archive</kind>
         <file>rtsv7M3_T_le_eabi.lib</file>
         <name>atoi.obj</name>
      </input_file>
      <input_file id="fl-e1">
         <path>C:\ti\ccsv6\tools\compiler\ti-cgt-arm_15.12.1.LTS\lib\</path>
         <kind>archive</kind>
         <file>rtsv7M3_T_le_eabi.lib</file>
         <name>autoinit.obj</name>
      </input_file>
      <input_file id="fl-e2">
         <path>C:\ti\ccsv6\tools\compiler\ti-cgt-arm_15.12.1.LTS\lib\</path>
         <kind>archive</kind>
         <file>rtsv7M3_T_le_eabi.lib</file>
         <name>cpy_tbl.obj</name>
      </input_file>
      <input_file id="fl-e3">
         <path>C:\ti\ccsv6\tools\compiler\ti-cgt-arm_15.12.1.LTS\lib\</path>
         <kind>archive</kind>
         <file>rtsv7M3_T_le_eabi.lib</file>
         <name>ctype.obj</name>
      </input_file>
      <input_file id="fl-e4">
         <path>C:\ti\ccsv6\tools\compiler\ti-cgt-arm_15.12.1.LTS\lib\</path>
         <kind>archive</kind>
         <file>rtsv7M3_T_le_eabi.lib</file>
         <name>fd_add_t2.obj</name>
      </input_file>
      <input_file id="fl-e5">
         <path>C:\ti\ccsv6\tools\compiler\ti-cgt-arm_15.12.1.LTS\lib\</path>
         <kind>archive</kind>
         <file>rtsv7M3_T_le_eabi.lib</file>
         <name>fd_cmp_t2.obj</name>
      </input_file>
      <input_file id="fl-e6">
         <path>C:\ti\ccsv6\tools\compiler\ti-cgt-arm_15.12.1.LTS\lib\</path>
         <kind>archive</kind>
         <file>rtsv7M3_T_le_eabi.lib</file>
         <name>fd_div_t2.obj</name>
      </input_file>
      <input_file id="fl-e7">
         <path>C:\ti\ccsv6\tools\compiler\ti-cgt-arm_15.12.1.LTS\lib\</path>
         <kind>archive</kind>
         <file>rtsv7M3_T_le_eabi.lib</file>
         <name>fd_mul_t2.obj</name>
      </input_file>
      <input_file id="fl-e8">
         <path>C:\ti\ccsv6\tools\compiler\ti-cgt-arm_15.12.1.LTS\lib\</path>
         <kind>archive</kind>
         <file>rtsv7M3_T_le_eabi.lib</file>
         <name>fd_toi_t2.obj</name>
      </input_file>
      <input_file id="fl-e9">
         <path>C:\ti\ccsv6\tools\compiler\ti-cgt-arm_15.12.1.LTS\lib\</path>
         <kind>archive</kind>
         <file>rtsv7M3_T_le_eabi.lib</file>
         <name>fputc.obj</name>
      </input_file>
      <input_file id="fl-ea">
         <path>C:\ti\ccsv6\tools\compiler\ti-cgt-arm_15.12.1.LTS\lib\</path>
         <kind>archive</kind>
         <file>rtsv7M3_T_le_eabi.lib</file>
         <name>fputs.obj</name>
      </input_file>
      <input_file id="fl-eb">
         <path>C:\ti\ccsv6\tools\compiler\ti-cgt-arm_15.12.1.LTS\lib\</path>
         <kind>archive</kind>
         <file>rtsv7M3_T_le_eabi.lib</file>
         <name>i_tofd_t2.obj</name>
      </input_file>
      <input_file id="fl-ec">
         <path>C:\ti\ccsv6\tools\compiler\ti-cgt-arm_15.12.1.LTS\lib\</path>
         <kind>archive</kind>
         <file>rtsv7M3_T_le_eabi.lib</file>
         <name>ltoa.obj</name>
      </input_file>
      <input_file id="fl-ed">
         <path>C:\ti\ccsv6\tools\compiler\ti-cgt-arm_15.12.1.LTS\lib\</path>
         <kind>archive</kind>
         <file>rtsv7M3_T_le_eabi.lib</file>
         <name>memccpy.obj</name>
      </input_file>
      <input_file id="fl-ee">
         <path>C:\ti\ccsv6\tools\compiler\ti-cgt-arm_15.12.1.LTS\lib\</path>
         <kind>archive</kind>
         <file>rtsv7M3_T_le_eabi.lib</file>
         <name>memchr.obj</name>
      </input_file>
      <input_file id="fl-ef">
         <path>C:\ti\ccsv6\tools\compiler\ti-cgt-arm_15.12.1.LTS\lib\</path>
         <kind>archive</kind>
         <file>rtsv7M3_T_le_eabi.lib</file>
         <name>s_frexp.obj</name>
      </input_file>
      <input_file id="fl-f0">
         <path>C:\ti\ccsv6\tools\compiler\ti-cgt-arm_15.12.1.LTS\lib\</path>
         <kind>archive</kind>
         <file>rtsv7M3_T_le_eabi.lib</file>
         <name>s_scalbn.obj</name>
      </input_file>
      <input_file id="fl-f1">
         <path>C:\ti\ccsv6\tools\compiler\ti-cgt-arm_15.12.1.LTS\lib\</path>
         <kind>archive</kind>
         <file>rtsv7M3_T_le_eabi.lib</file>
         <name>startup.obj</name>
      </input_file>
      <input_file id="fl-f2">
         <path>C:\ti\ccsv6\tools\compiler\ti-cgt-arm_15.12.1.LTS\lib\</path>
         <kind>archive</kind>
         <file>rtsv7M3_T_le_eabi.lib</file>
         <name>strcpy.obj</name>
      </input_file>
      <input_file id="fl-f3">
         <path>C:\ti\ccsv6\tools\compiler\ti-cgt-arm_15.12.1.LTS\lib\</path>
         <kind>archive</kind>
         <file>rtsv7M3_T_le_eabi.lib</file>
         <name>strlen.obj</name>
      </input_file>
      <input_file id="fl-f4">
         <path>C:\ti\ccsv6\tools\compiler\ti-cgt-arm_15.12.1.LTS\lib\</path>
         <kind>archive</kind>
         <file>rtsv7M3_T_le_eabi.lib</file>
         <name>ull_div_t2.obj</name>
      </input_file>
      <input_file id="fl-f5">
         <path>C:\ti\ccsv6\tools\compiler\ti-cgt-arm_15.12.1.LTS\lib\</path>
         <kind>archive</kind>
         <file>rtsv7M3_T_le_eabi.lib</file>
         <name>_io_perm.obj</name>
      </input_file>
      <input_file id="fl-f6">
         <path>C:\ti\ccsv6\tools\compiler\ti-cgt-arm_15.12.1.LTS\lib\</path>
         <kind>archive</kind>
         <file>rtsv7M3_T_le_eabi.lib</file>
         <name>errno.obj</name>
      </input_file>
      <input_file id="fl-f7">
         <path>C:\ti\ccsv6\tools\compiler\ti-cgt-arm_15.12.1.LTS\lib\</path>
         <kind>archive</kind>
         <file>rtsv7M3_T_le_eabi.lib</file>
         <name>fseek.obj</name>
      </input_file>
      <input_file id="fl-f8">
         <path>C:\ti\ccsv6\tools\compiler\ti-cgt-arm_15.12.1.LTS\lib\</path>
         <kind>archive</kind>
         <file>rtsv7M3_T_le_eabi.lib</file>
         <name>s_copysign.obj</name>
      </input_file>
      <input_file id="fl-f9">
         <path>C:\ti\ccsv6\tools\compiler\ti-cgt-arm_15.12.1.LTS\lib\</path>
         <kind>archive</kind>
         <file>rtsv7M3_T_le_eabi.lib</file>
         <name>setvbuf.obj</name>
      </input_file>
      <input_file id="fl-fa">
         <path>C:\ti\ccsv6\tools\compiler\ti-cgt-arm_15.12.1.LTS\lib\</path>
         <kind>archive</kind>
         <file>rtsv7M3_T_le_eabi.lib</file>
         <name>fopen.obj</name>
      </input_file>
      <input_file id="fl-fb">
         <path>C:\ti\ccsv6\tools\compiler\ti-cgt-arm_15.12.1.LTS\lib\</path>
         <kind>archive</kind>
         <file>rtsv7M3_T_le_eabi.lib</file>
         <name>memory.obj</name>
      </input_file>
      <input_file id="fl-fc">
         <path>C:\ti\ccsv6\tools\compiler\ti-cgt-arm_15.12.1.LTS\lib\</path>
         <kind>archive</kind>
         <file>rtsv7M3_T_le_eabi.lib</file>
         <name>fclose.obj</name>
      </input_file>
      <input_file id="fl-fd">
         <path>C:\ti\ccsv6\tools\compiler\ti-cgt-arm_15.12.1.LTS\lib\</path>
         <kind>archive</kind>
         <file>rtsv7M3_T_le_eabi.lib</file>
         <name>remove.obj</name>
      </input_file>
      <input_file id="fl-fe">
         <path>C:\StellarisWare\driverlib\ccs-cm3\Debug\</path>
         <kind>archive</kind>
         <file>driverlib-cm3.lib</file>
         <name>adc.obj</name>
      </input_file>
      <input_file id="fl-ff">
         <path>C:\StellarisWare\driverlib\ccs-cm3\Debug\</path>
         <kind>archive</kind>
         <file>driverlib-cm3.lib</file>
         <name>gpio.obj</name>
      </input_file>
      <input_file id="fl-100">
         <path>C:\StellarisWare\driverlib\ccs-cm3\Debug\</path>
         <kind>archive</kind>
         <file>driverlib-cm3.lib</file>
         <name>interrupt.obj</name>
      </input_file>
      <input_file id="fl-101">
         <path>C:\StellarisWare\driverlib\ccs-cm3\Debug\</path>
         <kind>archive</kind>
         <file>driverlib-cm3.lib</file>
         <name>ssi.obj</name>
      </input_file>
      <input_file id="fl-102">
         <path>C:\StellarisWare\driverlib\ccs-cm3\Debug\</path>
         <kind>archive</kind>
         <file>driverlib-cm3.lib</file>
         <name>sysctl.obj</name>
      </input_file>
      <input_file id="fl-103">
         <path>C:\StellarisWare\driverlib\ccs-cm3\Debug\</path>
         <kind>archive</kind>
         <file>driverlib-cm3.lib</file>
         <name>cpu.obj</name>
      </input_file>
   </input_file_list>
   <object_component_list>
      <object_component id="oc-e">
         <name>.intvecs</name>
         <load_address>0x0</load_address>
         <run_address>0x0</run_address>
         <size>0xf0</size>
         <input_file_ref idref="fl-6"/>
      </object_component>
      <object_component id="oc-2c8">
         <name>.text</name>
         <load_address>0xf0</load_address>
         <run_address>0xf0</run_address>
         <size>0x10f0</size>
         <input_file_ref idref="fl-de"/>
      </object_component>
      <object_component id="oc-aa">
         <name>.text</name>
         <load_address>0x11e0</load_address>
         <run_address>0x11e0</run_address>
         <size>0xc74</size>
         <input_file_ref idref="fl-7"/>
      </object_component>
      <object_component id="oc-98">
         <name>.text</name>
         <load_address>0x1e54</load_address>
         <run_address>0x1e54</run_address>
         <size>0x614</size>
         <input_file_ref idref="fl-4"/>
      </object_component>
      <object_component id="oc-213">
         <name>.text</name>
         <load_address>0x2468</load_address>
         <run_address>0x2468</run_address>
         <size>0x510</size>
         <input_file_ref idref="fl-5"/>
      </object_component>
      <object_component id="oc-304">
         <name>.text</name>
         <load_address>0x2978</load_address>
         <run_address>0x2978</run_address>
         <size>0x1f4</size>
         <input_file_ref idref="fl-f4"/>
      </object_component>
      <object_component id="oc-107">
         <name>.text</name>
         <load_address>0x2b6c</load_address>
         <run_address>0x2b6c</run_address>
         <size>0x1bc</size>
         <input_file_ref idref="fl-9"/>
      </object_component>
      <object_component id="oc-333">
         <name>.text</name>
         <load_address>0x2d28</load_address>
         <run_address>0x2d28</run_address>
         <size>0x1b6</size>
         <input_file_ref idref="fl-e4"/>
      </object_component>
      <object_component id="oc-66">
         <name>.text</name>
         <load_address>0x2ede</load_address>
         <run_address>0x2ede</run_address>
         <size>0x2</size>
         <input_file_ref idref="fl-d3"/>
      </object_component>
      <object_component id="oc-290">
         <name>.text:SysCtlClockGet</name>
         <load_address>0x2ee0</load_address>
         <run_address>0x2ee0</run_address>
         <size>0x184</size>
         <input_file_ref idref="fl-102"/>
      </object_component>
      <object_component id="oc-319">
         <name>.text</name>
         <load_address>0x3064</load_address>
         <run_address>0x3064</run_address>
         <size>0x136</size>
         <input_file_ref idref="fl-e6"/>
      </object_component>
      <object_component id="oc-dd">
         <name>.text</name>
         <load_address>0x319a</load_address>
         <run_address>0x319a</run_address>
         <size>0x2</size>
         <input_file_ref idref="fl-f1"/>
      </object_component>
      <object_component id="oc-18e">
         <name>.text:SysCtlClockSet</name>
         <load_address>0x319c</load_address>
         <run_address>0x319c</run_address>
         <size>0x134</size>
         <input_file_ref idref="fl-102"/>
      </object_component>
      <object_component id="oc-10d">
         <name>.text</name>
         <load_address>0x32d0</load_address>
         <run_address>0x32d0</run_address>
         <size>0x12e</size>
         <input_file_ref idref="fl-2"/>
      </object_component>
      <object_component id="oc-314">
         <name>.text</name>
         <load_address>0x33fe</load_address>
         <run_address>0x33fe</run_address>
         <size>0xfc</size>
         <input_file_ref idref="fl-e7"/>
      </object_component>
      <object_component id="oc-e5">
         <name>.text</name>
         <load_address>0x34fc</load_address>
         <run_address>0x34fc</run_address>
         <size>0xe8</size>
         <input_file_ref idref="fl-3"/>
      </object_component>
      <object_component id="oc-38">
         <name>.text</name>
         <load_address>0x35e4</load_address>
         <run_address>0x35e4</run_address>
         <size>0xe4</size>
         <input_file_ref idref="fl-a"/>
      </object_component>
      <object_component id="oc-196">
         <name>.text</name>
         <load_address>0x36c8</load_address>
         <run_address>0x36c8</run_address>
         <size>0xdc</size>
         <input_file_ref idref="fl-d"/>
      </object_component>
      <object_component id="oc-19c">
         <name>.text</name>
         <load_address>0x37a4</load_address>
         <run_address>0x37a4</run_address>
         <size>0xd0</size>
         <input_file_ref idref="fl-c"/>
      </object_component>
      <object_component id="oc-33e">
         <name>.text</name>
         <load_address>0x3874</load_address>
         <run_address>0x3874</run_address>
         <size>0xd0</size>
         <input_file_ref idref="fl-f0"/>
      </object_component>
      <object_component id="oc-170">
         <name>.text:GPIOPadConfigSet</name>
         <load_address>0x3944</load_address>
         <run_address>0x3944</run_address>
         <size>0xba</size>
         <input_file_ref idref="fl-ff"/>
      </object_component>
      <object_component id="oc-33">
         <name>.text</name>
         <load_address>0x3a00</load_address>
         <run_address>0x3a00</run_address>
         <size>0x9c</size>
         <input_file_ref idref="fl-b"/>
      </object_component>
      <object_component id="oc-41">
         <name>.text</name>
         <load_address>0x3a9c</load_address>
         <run_address>0x3a9c</run_address>
         <size>0x9c</size>
         <input_file_ref idref="fl-d1"/>
      </object_component>
      <object_component id="oc-30f">
         <name>.text:__aeabi_cdcmple</name>
         <load_address>0x3b38</load_address>
         <run_address>0x3b38</run_address>
         <size>0x86</size>
         <input_file_ref idref="fl-e5"/>
      </object_component>
      <object_component id="oc-31e">
         <name>.text:__aeabi_cdrcmple</name>
         <load_address>0x3bbe</load_address>
         <run_address>0x3bbe</run_address>
         <size>0x86</size>
         <input_file_ref idref="fl-e5"/>
      </object_component>
      <object_component id="oc-2d">
         <name>.text</name>
         <load_address>0x3c44</load_address>
         <run_address>0x3c44</run_address>
         <size>0x7c</size>
         <input_file_ref idref="fl-6"/>
      </object_component>
      <object_component id="oc-5a">
         <name>.text</name>
         <load_address>0x3cc0</load_address>
         <run_address>0x3cc0</run_address>
         <size>0x7a</size>
         <input_file_ref idref="fl-d2"/>
      </object_component>
      <object_component id="oc-72">
         <name>.text</name>
         <load_address>0x3d3c</load_address>
         <run_address>0x3d3c</run_address>
         <size>0x70</size>
         <input_file_ref idref="fl-e1"/>
      </object_component>
      <object_component id="oc-22d">
         <name>.text:ADCSequenceStepConfigure</name>
         <load_address>0x3dac</load_address>
         <run_address>0x3dac</run_address>
         <size>0x6c</size>
         <input_file_ref idref="fl-fe"/>
      </object_component>
      <object_component id="oc-4d">
         <name>.text</name>
         <load_address>0x3e18</load_address>
         <run_address>0x3e18</run_address>
         <size>0x6a</size>
         <input_file_ref idref="fl-ca"/>
      </object_component>
      <object_component id="oc-188">
         <name>.text:IntEnable</name>
         <load_address>0x3e84</load_address>
         <run_address>0x3e84</run_address>
         <size>0x68</size>
         <input_file_ref idref="fl-100"/>
      </object_component>
      <object_component id="oc-219">
         <name>.text</name>
         <load_address>0x3eec</load_address>
         <run_address>0x3eec</run_address>
         <size>0x60</size>
         <input_file_ref idref="fl-d6"/>
      </object_component>
      <object_component id="oc-16a">
         <name>.text:SysCtlPeripheralEnable</name>
         <load_address>0x3f4c</load_address>
         <run_address>0x3f4c</run_address>
         <size>0x5c</size>
         <input_file_ref idref="fl-102"/>
      </object_component>
      <object_component id="oc-338">
         <name>.text</name>
         <load_address>0x3fa8</load_address>
         <run_address>0x3fa8</run_address>
         <size>0x5c</size>
         <input_file_ref idref="fl-ef"/>
      </object_component>
      <object_component id="oc-328">
         <name>.text</name>
         <load_address>0x4004</load_address>
         <run_address>0x4004</run_address>
         <size>0x56</size>
         <input_file_ref idref="fl-ec"/>
      </object_component>
      <object_component id="oc-7e">
         <name>.text</name>
         <load_address>0x405c</load_address>
         <run_address>0x405c</run_address>
         <size>0x54</size>
         <input_file_ref idref="fl-cd"/>
      </object_component>
      <object_component id="oc-350">
         <name>.text</name>
         <load_address>0x40b0</load_address>
         <run_address>0x40b0</run_address>
         <size>0x4c</size>
         <input_file_ref idref="fl-e0"/>
      </object_component>
      <object_component id="oc-d7">
         <name>.text</name>
         <load_address>0x40fc</load_address>
         <run_address>0x40fc</run_address>
         <size>0x4c</size>
         <input_file_ref idref="fl-e2"/>
      </object_component>
      <object_component id="oc-323">
         <name>.text</name>
         <load_address>0x4148</load_address>
         <run_address>0x4148</run_address>
         <size>0x48</size>
         <input_file_ref idref="fl-e8"/>
      </object_component>
      <object_component id="oc-296">
         <name>.text:SSIConfigSetExpClk</name>
         <load_address>0x4190</load_address>
         <run_address>0x4190</run_address>
         <size>0x42</size>
         <input_file_ref idref="fl-101"/>
      </object_component>
      <object_component id="oc-23">
         <name>.text</name>
         <load_address>0x41d4</load_address>
         <run_address>0x41d4</run_address>
         <size>0x40</size>
         <input_file_ref idref="fl-c8"/>
      </object_component>
      <object_component id="oc-176">
         <name>.text:GPIOIntTypeSet</name>
         <load_address>0x4214</load_address>
         <run_address>0x4214</run_address>
         <size>0x3e</size>
         <input_file_ref idref="fl-ff"/>
      </object_component>
      <object_component id="oc-148">
         <name>.text</name>
         <load_address>0x4252</load_address>
         <run_address>0x4252</run_address>
         <size>0x30</size>
         <input_file_ref idref="fl-da"/>
      </object_component>
      <object_component id="oc-32e">
         <name>.text</name>
         <load_address>0x4282</load_address>
         <run_address>0x4282</run_address>
         <size>0x2e</size>
         <input_file_ref idref="fl-eb"/>
      </object_component>
      <object_component id="oc-245">
         <name>.text:ADCIntStatus</name>
         <load_address>0x42b0</load_address>
         <run_address>0x42b0</run_address>
         <size>0x2c</size>
         <input_file_ref idref="fl-fe"/>
      </object_component>
      <object_component id="oc-227">
         <name>.text:ADCSequenceConfigure</name>
         <load_address>0x42dc</load_address>
         <run_address>0x42dc</run_address>
         <size>0x2a</size>
         <input_file_ref idref="fl-fe"/>
      </object_component>
      <object_component id="oc-2d7">
         <name>.text:GPIODirModeSet</name>
         <load_address>0x4306</load_address>
         <run_address>0x4306</run_address>
         <size>0x2a</size>
         <input_file_ref idref="fl-ff"/>
      </object_component>
      <object_component id="oc-17c">
         <name>.text:IntPrioritySet</name>
         <load_address>0x4330</load_address>
         <run_address>0x4330</run_address>
         <size>0x24</size>
         <input_file_ref idref="fl-100"/>
      </object_component>
      <object_component id="oc-142">
         <name>.text</name>
         <load_address>0x4354</load_address>
         <run_address>0x4354</run_address>
         <size>0x22</size>
         <input_file_ref idref="fl-d0"/>
      </object_component>
      <object_component id="oc-24b">
         <name>.text:ADCSequenceDataGet</name>
         <load_address>0x4376</load_address>
         <run_address>0x4376</run_address>
         <size>0x1e</size>
         <input_file_ref idref="fl-fe"/>
      </object_component>
      <object_component id="oc-23f">
         <name>.text:ADCProcessorTrigger</name>
         <load_address>0x4394</load_address>
         <run_address>0x4394</run_address>
         <size>0x1a</size>
         <input_file_ref idref="fl-fe"/>
      </object_component>
      <object_component id="oc-34a">
         <name>.text</name>
         <load_address>0x43ae</load_address>
         <run_address>0x43ae</run_address>
         <size>0x1a</size>
         <input_file_ref idref="fl-ed"/>
      </object_component>
      <object_component id="oc-78">
         <name>.text</name>
         <load_address>0x43c8</load_address>
         <run_address>0x43c8</run_address>
         <size>0x18</size>
         <input_file_ref idref="fl-df"/>
      </object_component>
      <object_component id="oc-344">
         <name>.text</name>
         <load_address>0x43e0</load_address>
         <run_address>0x43e0</run_address>
         <size>0x16</size>
         <input_file_ref idref="fl-d8"/>
      </object_component>
      <object_component id="oc-1ac">
         <name>.text</name>
         <load_address>0x43f8</load_address>
         <run_address>0x43f8</run_address>
         <size>0x14</size>
         <input_file_ref idref="fl-dd"/>
      </object_component>
      <object_component id="oc-309">
         <name>.text</name>
         <load_address>0x440c</load_address>
         <run_address>0x440c</run_address>
         <size>0x14</size>
         <input_file_ref idref="fl-f3"/>
      </object_component>
      <object_component id="oc-221">
         <name>.text:GPIOPinTypeADC</name>
         <load_address>0x4420</load_address>
         <run_address>0x4420</run_address>
         <size>0x12</size>
         <input_file_ref idref="fl-ff"/>
      </object_component>
      <object_component id="oc-2ae">
         <name>.text:GPIOPinTypeGPIOOutput</name>
         <load_address>0x4432</load_address>
         <run_address>0x4432</run_address>
         <size>0x12</size>
         <input_file_ref idref="fl-ff"/>
      </object_component>
      <object_component id="oc-29c">
         <name>.text:GPIOPinTypeSSI</name>
         <load_address>0x4444</load_address>
         <run_address>0x4444</run_address>
         <size>0x12</size>
         <input_file_ref idref="fl-ff"/>
      </object_component>
      <object_component id="oc-2a8">
         <name>.text:SSIDataGetNonBlocking</name>
         <load_address>0x4456</load_address>
         <run_address>0x4456</run_address>
         <size>0x12</size>
         <input_file_ref idref="fl-101"/>
      </object_component>
      <object_component id="oc-233">
         <name>.text:ADCSequenceEnable</name>
         <load_address>0x4468</load_address>
         <run_address>0x4468</run_address>
         <size>0xe</size>
         <input_file_ref idref="fl-fe"/>
      </object_component>
      <object_component id="oc-11">
         <name>.text:decompress:none</name>
         <load_address>0x4476</load_address>
         <run_address>0x4476</run_address>
         <size>0xe</size>
         <input_file_ref idref="fl-c9"/>
      </object_component>
      <object_component id="oc-182">
         <name>.text:GPIOPinIntEnable</name>
         <load_address>0x4484</load_address>
         <run_address>0x4484</run_address>
         <size>0xc</size>
         <input_file_ref idref="fl-ff"/>
      </object_component>
      <object_component id="oc-239">
         <name>.text:ADCIntClear</name>
         <load_address>0x4490</load_address>
         <run_address>0x4490</run_address>
         <size>0xa</size>
         <input_file_ref idref="fl-fe"/>
      </object_component>
      <object_component id="oc-281">
         <name>.text:SSIDataPut</name>
         <load_address>0x449a</load_address>
         <run_address>0x449a</run_address>
         <size>0xa</size>
         <input_file_ref idref="fl-101"/>
      </object_component>
      <object_component id="oc-28a">
         <name>.text:SSIDisable</name>
         <load_address>0x44a4</load_address>
         <run_address>0x44a4</run_address>
         <size>0xa</size>
         <input_file_ref idref="fl-101"/>
      </object_component>
      <object_component id="oc-2a2">
         <name>.text:SSIEnable</name>
         <load_address>0x44ae</load_address>
         <run_address>0x44ae</run_address>
         <size>0xa</size>
         <input_file_ref idref="fl-101"/>
      </object_component>
      <object_component id="oc-275">
         <name>.text:SSIBusy</name>
         <load_address>0x44b8</load_address>
         <run_address>0x44b8</run_address>
         <size>0x8</size>
         <input_file_ref idref="fl-101"/>
      </object_component>
      <object_component id="oc-383">
         <name>.text</name>
         <load_address>0x44c0</load_address>
         <run_address>0x44c0</run_address>
         <size>0x8</size>
         <input_file_ref idref="fl-f8"/>
      </object_component>
      <object_component id="oc-8c">
         <name>.text:GPIOPinIntClear</name>
         <load_address>0x44c8</load_address>
         <run_address>0x44c8</run_address>
         <size>0x6</size>
         <input_file_ref idref="fl-ff"/>
      </object_component>
      <object_component id="oc-92">
         <name>.text:GPIOPinRead</name>
         <load_address>0x44ce</load_address>
         <run_address>0x44ce</run_address>
         <size>0x6</size>
         <input_file_ref idref="fl-ff"/>
      </object_component>
      <object_component id="oc-27b">
         <name>.text:GPIOPinWrite</name>
         <load_address>0x44d4</load_address>
         <run_address>0x44d4</run_address>
         <size>0x6</size>
         <input_file_ref idref="fl-ff"/>
      </object_component>
      <object_component id="oc-211">
         <name>.text:SysCtlDelay</name>
         <load_address>0x44da</load_address>
         <run_address>0x44da</run_address>
         <size>0x6</size>
         <input_file_ref idref="fl-102"/>
      </object_component>
      <object_component id="oc-17">
         <name>.text:decompress:rle24</name>
         <load_address>0x44e0</load_address>
         <run_address>0x44e0</run_address>
         <size>0x6</size>
         <input_file_ref idref="fl-ca"/>
      </object_component>
      <object_component id="oc-6c">
         <name>.text</name>
         <load_address>0x44e6</load_address>
         <run_address>0x44e6</run_address>
         <size>0x4</size>
         <input_file_ref idref="fl-d4"/>
      </object_component>
      <object_component id="oc-2bf">
         <name>.const:g_pucFont</name>
         <load_address>0x44ec</load_address>
         <run_address>0x44ec</run_address>
         <size>0x1e0</size>
         <input_file_ref idref="fl-5"/>
      </object_component>
      <object_component id="oc-392">
         <name>.const:.string:_ctypes_</name>
         <load_address>0x46cc</load_address>
         <run_address>0x46cc</run_address>
         <size>0x101</size>
         <input_file_ref idref="fl-e3"/>
      </object_component>
      <object_component id="oc-2b7">
         <name>.const:.string:pucCommand1$1</name>
         <load_address>0x47cd</load_address>
         <run_address>0x47cd</run_address>
         <size>0x3</size>
         <input_file_ref idref="fl-5"/>
      </object_component>
      <object_component id="oc-207">
         <name>.const:g_pulRegs</name>
         <load_address>0x47d0</load_address>
         <run_address>0x47d0</run_address>
         <size>0x9c</size>
         <input_file_ref idref="fl-100"/>
      </object_component>
      <object_component id="oc-2ef">
         <name>.const:g_pulXtals</name>
         <load_address>0x486c</load_address>
         <run_address>0x486c</run_address>
         <size>0x6c</size>
         <input_file_ref idref="fl-102"/>
      </object_component>
      <object_component id="oc-2c2">
         <name>.const:.string:g_pucRIT128x96x4Init</name>
         <load_address>0x48d8</load_address>
         <run_address>0x48d8</run_address>
         <size>0x4f</size>
         <input_file_ref idref="fl-5"/>
      </object_component>
      <object_component id="oc-14e">
         <name>.const:.string:ucExpectedStackBytes$1</name>
         <load_address>0x4927</load_address>
         <run_address>0x4927</run_address>
         <size>0x14</size>
         <input_file_ref idref="fl-7"/>
      </object_component>
      <object_component id="oc-20d">
         <name>.const:g_pulEnRegs</name>
         <load_address>0x493c</load_address>
         <run_address>0x493c</run_address>
         <size>0x14</size>
         <input_file_ref idref="fl-100"/>
      </object_component>
      <object_component id="oc-1ff">
         <name>.const:g_pulRCGCRegs</name>
         <load_address>0x4950</load_address>
         <run_address>0x4950</run_address>
         <size>0xc</size>
         <input_file_ref idref="fl-102"/>
      </object_component>
      <object_component id="oc-2b8">
         <name>.const:.string:pucCommand2$2</name>
         <load_address>0x495c</load_address>
         <run_address>0x495c</run_address>
         <size>0x3</size>
         <input_file_ref idref="fl-5"/>
      </object_component>
      <object_component id="oc-2b9">
         <name>.const:.string:g_pucRIT128x96x4HorizontalInc</name>
         <load_address>0x495f</load_address>
         <run_address>0x495f</run_address>
         <size>0x2</size>
         <input_file_ref idref="fl-5"/>
      </object_component>
      <object_component id="oc-2bc">
         <name>.const:.string:g_pucRIT128x96x4VerticalInc</name>
         <load_address>0x4961</load_address>
         <run_address>0x4961</run_address>
         <size>0x2</size>
         <input_file_ref idref="fl-5"/>
      </object_component>
      <object_component id="oc-2c5">
         <name>.const:.string:pucCommand1$3</name>
         <load_address>0x4963</load_address>
         <run_address>0x4963</run_address>
         <size>0x2</size>
         <input_file_ref idref="fl-5"/>
      </object_component>
      <object_component id="oc-1cb">
         <name>.const</name>
         <load_address>0x4966</load_address>
         <run_address>0x4966</run_address>
         <size>0x2</size>
         <input_file_ref idref="fl-9"/>
      </object_component>
      <object_component id="oc-3d4">
         <name>.cinit..data.load</name>
         <load_address>0x4968</load_address>
         <run_address>0x4968</run_address>
         <size>0x20</size>
      </object_component>
      <object_component id="oc-3d5">
         <name>.cinit..bss.load</name>
         <load_address>0x4988</load_address>
         <run_address>0x4988</run_address>
         <size>0xb</size>
      </object_component>
      <object_component id="oc-3d2">
         <name>__TI_handler_table</name>
         <load_address>0x4994</load_address>
         <run_address>0x4994</run_address>
         <size>0x8</size>
      </object_component>
      <object_component id="oc-3d3">
         <name>__TI_cinit_table</name>
         <load_address>0x499c</load_address>
         <run_address>0x499c</run_address>
         <size>0x10</size>
      </object_component>
      <object_component id="oc-a7">
         <name>.data</name>
         <load_address>0x200048f8</load_address>
         <run_address>0x200048f8</run_address>
         <size>0x30</size>
         <input_file_ref idref="fl-7"/>
      </object_component>
      <object_component id="oc-1bf">
         <name>.data</name>
         <load_address>0x2000493c</load_address>
         <run_address>0x2000493c</run_address>
         <size>0x8</size>
         <input_file_ref idref="fl-9"/>
      </object_component>
      <object_component id="oc-b1">
         <name>.data</name>
         <load_address>0x20004944</load_address>
         <run_address>0x20004944</run_address>
         <size>0x4</size>
         <input_file_ref idref="fl-a"/>
      </object_component>
      <object_component id="oc-ed">
         <name>.data:$O1$$</name>
         <load_address>0x20004928</load_address>
         <run_address>0x20004928</run_address>
         <size>0xc</size>
         <input_file_ref idref="fl-cd"/>
      </object_component>
      <object_component id="oc-84">
         <name>.data</name>
         <load_address>0x2000494c</load_address>
         <run_address>0x2000494c</run_address>
         <size>0x4</size>
         <input_file_ref idref="fl-d7"/>
      </object_component>
      <object_component id="oc-f0">
         <name>.data:$O1$$</name>
         <load_address>0x20004934</load_address>
         <run_address>0x20004934</run_address>
         <size>0x8</size>
         <input_file_ref idref="fl-dd"/>
      </object_component>
      <object_component id="oc-389">
         <name>.data</name>
         <load_address>0x20004948</load_address>
         <run_address>0x20004948</run_address>
         <size>0x4</size>
         <input_file_ref idref="fl-f6"/>
      </object_component>
      <object_component id="oc-287">
         <name>.bss</name>
         <uninitialized>true</uninitialized>
         <run_address>0x200028e8</run_address>
         <size>0x4</size>
         <input_file_ref idref="fl-5"/>
      </object_component>
      <object_component id="oc-2b4">
         <name>.bss:g_pucBuffer</name>
         <uninitialized>true</uninitialized>
         <run_address>0x200028c8</run_address>
         <size>0x8</size>
         <input_file_ref idref="fl-5"/>
      </object_component>
      <object_component id="oc-133">
         <name>.bss:pxReadyTasksLists</name>
         <uninitialized>true</uninitialized>
         <run_address>0x20002800</run_address>
         <size>0x64</size>
         <input_file_ref idref="fl-7"/>
      </object_component>
      <object_component id="oc-14f">
         <name>.bss:xDelayedTaskList1</name>
         <uninitialized>true</uninitialized>
         <run_address>0x20002864</run_address>
         <size>0x14</size>
         <input_file_ref idref="fl-7"/>
      </object_component>
      <object_component id="oc-152">
         <name>.bss:xDelayedTaskList2</name>
         <uninitialized>true</uninitialized>
         <run_address>0x20002878</run_address>
         <size>0x14</size>
         <input_file_ref idref="fl-7"/>
      </object_component>
      <object_component id="oc-139">
         <name>.bss</name>
         <uninitialized>true</uninitialized>
         <run_address>0x200028d0</run_address>
         <size>0x8</size>
         <input_file_ref idref="fl-7"/>
      </object_component>
      <object_component id="oc-13f">
         <name>.bss:xPendingReadyList</name>
         <uninitialized>true</uninitialized>
         <run_address>0x2000288c</run_address>
         <size>0x14</size>
         <input_file_ref idref="fl-7"/>
      </object_component>
      <object_component id="oc-136">
         <name>.bss:xTasksWaitingTermination</name>
         <uninitialized>true</uninitialized>
         <run_address>0x200028b4</run_address>
         <size>0x14</size>
         <input_file_ref idref="fl-7"/>
      </object_component>
      <object_component id="oc-13c">
         <name>.bss:xSuspendedTaskList</name>
         <uninitialized>true</uninitialized>
         <run_address>0x200028a0</run_address>
         <size>0x14</size>
         <input_file_ref idref="fl-7"/>
      </object_component>
      <object_component id="oc-1c5">
         <name>.bss:xHeap</name>
         <uninitialized>true</uninitialized>
         <run_address>0x20000000</run_address>
         <size>0x2800</size>
         <input_file_ref idref="fl-9"/>
      </object_component>
      <object_component id="oc-1c2">
         <name>.bss:xStart</name>
         <uninitialized>true</uninitialized>
         <run_address>0x200028e0</run_address>
         <size>0x8</size>
         <input_file_ref idref="fl-9"/>
      </object_component>
      <object_component id="oc-1c8">
         <name>.bss:xEnd</name>
         <uninitialized>true</uninitialized>
         <run_address>0x200028d8</run_address>
         <size>0x8</size>
         <input_file_ref idref="fl-9"/>
      </object_component>
      <object_component id="oc-194">
         <name>.common:xADCQueue0</name>
         <uninitialized>true</uninitialized>
         <run_address>0x200028ec</run_address>
         <size>0x4</size>
      </object_component>
      <object_component id="oc-195">
         <name>.common:xADCQueue1</name>
         <uninitialized>true</uninitialized>
         <run_address>0x200028f0</run_address>
         <size>0x4</size>
      </object_component>
      <object_component id="oc-9e">
         <name>.common:xScreenStateQueue</name>
         <uninitialized>true</uninitialized>
         <run_address>0x200028f4</run_address>
         <size>0x4</size>
      </object_component>
      <object_component id="oc-2a">
         <name>.sysmem</name>
         <uninitialized>true</uninitialized>
         <run_address>0x200038f8</run_address>
         <size>0x8</size>
         <input_file_ref idref="fl-fb"/>
      </object_component>
      <object_component id="oc-3d7">
         <name>.sysmem</name>
         <uninitialized>true</uninitialized>
         <run_address>0x200038f8</run_address>
         <size>0x0</size>
      </object_component>
      <object_component id="oc-29">
         <name>.stack</name>
         <uninitialized>true</uninitialized>
         <run_address>0x200028f8</run_address>
         <size>0x0</size>
         <input_file_ref idref="fl-c8"/>
      </object_component>
      <object_component id="oc-3d6">
         <name>.stack</name>
         <uninitialized>true</uninitialized>
         <run_address>0x200028f8</run_address>
         <size>0x0</size>
      </object_component>
      <object_component id="oc-15a">
         <name>.debug_info</name>
         <load_address>0x0</load_address>
         <run_address>0x0</run_address>
         <size>0x12e</size>
         <input_file_ref idref="fl-2"/>
      </object_component>
      <object_component id="oc-10e">
         <name>.debug_info</name>
         <load_address>0x12e</load_address>
         <run_address>0x12e</run_address>
         <size>0x436</size>
         <input_file_ref idref="fl-2"/>
      </object_component>
      <object_component id="oc-11a">
         <name>.debug_info</name>
         <load_address>0x564</load_address>
         <run_address>0x564</run_address>
         <size>0x110</size>
         <input_file_ref idref="fl-2"/>
      </object_component>
      <object_component id="oc-a2">
         <name>.debug_info</name>
         <load_address>0x674</load_address>
         <run_address>0x674</run_address>
         <size>0x84</size>
         <input_file_ref idref="fl-2"/>
      </object_component>
      <object_component id="oc-b6">
         <name>.debug_info</name>
         <load_address>0x6f8</load_address>
         <run_address>0x6f8</run_address>
         <size>0x2c</size>
         <input_file_ref idref="fl-2"/>
      </object_component>
      <object_component id="oc-11f">
         <name>.debug_info</name>
         <load_address>0x724</load_address>
         <run_address>0x724</run_address>
         <size>0x2c</size>
         <input_file_ref idref="fl-2"/>
      </object_component>
      <object_component id="oc-12b">
         <name>.debug_info</name>
         <load_address>0x750</load_address>
         <run_address>0x750</run_address>
         <size>0x14c</size>
         <input_file_ref idref="fl-2"/>
      </object_component>
      <object_component id="oc-9f">
         <name>.debug_info</name>
         <load_address>0x89c</load_address>
         <run_address>0x89c</run_address>
         <size>0x447</size>
         <input_file_ref idref="fl-3"/>
      </object_component>
      <object_component id="oc-e8">
         <name>.debug_info</name>
         <load_address>0xce3</load_address>
         <run_address>0xce3</run_address>
         <size>0x444</size>
         <input_file_ref idref="fl-3"/>
      </object_component>
      <object_component id="oc-bd">
         <name>.debug_info</name>
         <load_address>0x1127</load_address>
         <run_address>0x1127</run_address>
         <size>0x2c</size>
         <input_file_ref idref="fl-3"/>
      </object_component>
      <object_component id="oc-124">
         <name>.debug_info</name>
         <load_address>0x1153</load_address>
         <run_address>0x1153</run_address>
         <size>0x16d</size>
         <input_file_ref idref="fl-3"/>
      </object_component>
      <object_component id="oc-1ba">
         <name>.debug_info</name>
         <load_address>0x12c0</load_address>
         <run_address>0x12c0</run_address>
         <size>0x2c</size>
         <input_file_ref idref="fl-3"/>
      </object_component>
      <object_component id="oc-119">
         <name>.debug_info</name>
         <load_address>0x12ec</load_address>
         <run_address>0x12ec</run_address>
         <size>0x58f</size>
         <input_file_ref idref="fl-4"/>
      </object_component>
      <object_component id="oc-9b">
         <name>.debug_info</name>
         <load_address>0x187b</load_address>
         <run_address>0x187b</run_address>
         <size>0x18ec</size>
         <input_file_ref idref="fl-4"/>
      </object_component>
      <object_component id="oc-114">
         <name>.debug_info</name>
         <load_address>0x3167</load_address>
         <run_address>0x3167</run_address>
         <size>0x123</size>
         <input_file_ref idref="fl-4"/>
      </object_component>
      <object_component id="oc-1d3">
         <name>.debug_info</name>
         <load_address>0x328a</load_address>
         <run_address>0x328a</run_address>
         <size>0xcc</size>
         <input_file_ref idref="fl-4"/>
      </object_component>
      <object_component id="oc-2c7">
         <name>.debug_info</name>
         <load_address>0x3356</load_address>
         <run_address>0x3356</run_address>
         <size>0x3a3</size>
         <input_file_ref idref="fl-5"/>
      </object_component>
      <object_component id="oc-288">
         <name>.debug_info</name>
         <load_address>0x36f9</load_address>
         <run_address>0x36f9</run_address>
         <size>0xd5</size>
         <input_file_ref idref="fl-5"/>
      </object_component>
      <object_component id="oc-2b5">
         <name>.debug_info</name>
         <load_address>0x37ce</load_address>
         <run_address>0x37ce</run_address>
         <size>0xd3</size>
         <input_file_ref idref="fl-5"/>
      </object_component>
      <object_component id="oc-2bd">
         <name>.debug_info</name>
         <load_address>0x38a1</load_address>
         <run_address>0x38a1</run_address>
         <size>0xf3</size>
         <input_file_ref idref="fl-5"/>
      </object_component>
      <object_component id="oc-2ba">
         <name>.debug_info</name>
         <load_address>0x3994</load_address>
         <run_address>0x3994</run_address>
         <size>0xf7</size>
         <input_file_ref idref="fl-5"/>
      </object_component>
      <object_component id="oc-2c0">
         <name>.debug_info</name>
         <load_address>0x3a8b</load_address>
         <run_address>0x3a8b</run_address>
         <size>0xcf</size>
         <input_file_ref idref="fl-5"/>
      </object_component>
      <object_component id="oc-2c3">
         <name>.debug_info</name>
         <load_address>0x3b5a</load_address>
         <run_address>0x3b5a</run_address>
         <size>0xe5</size>
         <input_file_ref idref="fl-5"/>
      </object_component>
      <object_component id="oc-214">
         <name>.debug_info</name>
         <load_address>0x3c3f</load_address>
         <run_address>0x3c3f</run_address>
         <size>0xc07</size>
         <input_file_ref idref="fl-5"/>
      </object_component>
      <object_component id="oc-40">
         <name>.debug_info</name>
         <load_address>0x4846</load_address>
         <run_address>0x4846</run_address>
         <size>0x298</size>
         <input_file_ref idref="fl-6"/>
      </object_component>
      <object_component id="oc-f">
         <name>.debug_info</name>
         <load_address>0x4ade</load_address>
         <run_address>0x4ade</run_address>
         <size>0xd6</size>
         <input_file_ref idref="fl-6"/>
      </object_component>
      <object_component id="oc-2f">
         <name>.debug_info</name>
         <load_address>0x4bb4</load_address>
         <run_address>0x4bb4</run_address>
         <size>0x326</size>
         <input_file_ref idref="fl-6"/>
      </object_component>
      <object_component id="oc-132">
         <name>.debug_info</name>
         <load_address>0x4eda</load_address>
         <run_address>0x4eda</run_address>
         <size>0x5fa</size>
         <input_file_ref idref="fl-7"/>
      </object_component>
      <object_component id="oc-a8">
         <name>.debug_info</name>
         <load_address>0x54d4</load_address>
         <run_address>0x54d4</run_address>
         <size>0x2d4</size>
         <input_file_ref idref="fl-7"/>
      </object_component>
      <object_component id="oc-134">
         <name>.debug_info</name>
         <load_address>0x57a8</load_address>
         <run_address>0x57a8</run_address>
         <size>0xd9</size>
         <input_file_ref idref="fl-7"/>
      </object_component>
      <object_component id="oc-150">
         <name>.debug_info</name>
         <load_address>0x5881</load_address>
         <run_address>0x5881</run_address>
         <size>0xd9</size>
         <input_file_ref idref="fl-7"/>
      </object_component>
      <object_component id="oc-153">
         <name>.debug_info</name>
         <load_address>0x595a</load_address>
         <run_address>0x595a</run_address>
         <size>0xd9</size>
         <input_file_ref idref="fl-7"/>
      </object_component>
      <object_component id="oc-13a">
         <name>.debug_info</name>
         <load_address>0x5a33</load_address>
         <run_address>0x5a33</run_address>
         <size>0x11b</size>
         <input_file_ref idref="fl-7"/>
      </object_component>
      <object_component id="oc-140">
         <name>.debug_info</name>
         <load_address>0x5b4e</load_address>
         <run_address>0x5b4e</run_address>
         <size>0xd9</size>
         <input_file_ref idref="fl-7"/>
      </object_component>
      <object_component id="oc-137">
         <name>.debug_info</name>
         <load_address>0x5c27</load_address>
         <run_address>0x5c27</run_address>
         <size>0xe7</size>
         <input_file_ref idref="fl-7"/>
      </object_component>
      <object_component id="oc-13d">
         <name>.debug_info</name>
         <load_address>0x5d0e</load_address>
         <run_address>0x5d0e</run_address>
         <size>0xdb</size>
         <input_file_ref idref="fl-7"/>
      </object_component>
      <object_component id="oc-ab">
         <name>.debug_info</name>
         <load_address>0x5de9</load_address>
         <run_address>0x5de9</run_address>
         <size>0x22f3</size>
         <input_file_ref idref="fl-7"/>
      </object_component>
      <object_component id="oc-1df">
         <name>.debug_info</name>
         <load_address>0x80dc</load_address>
         <run_address>0x80dc</run_address>
         <size>0xc8</size>
         <input_file_ref idref="fl-7"/>
      </object_component>
      <object_component id="oc-2d0">
         <name>.debug_info</name>
         <load_address>0x81a4</load_address>
         <run_address>0x81a4</run_address>
         <size>0x4e</size>
         <input_file_ref idref="fl-7"/>
      </object_component>
      <object_component id="oc-1da">
         <name>.debug_info</name>
         <load_address>0x81f2</load_address>
         <run_address>0x81f2</run_address>
         <size>0xc6</size>
         <input_file_ref idref="fl-7"/>
      </object_component>
      <object_component id="oc-1cf">
         <name>.debug_info</name>
         <load_address>0x82b8</load_address>
         <run_address>0x82b8</run_address>
         <size>0x20d</size>
         <input_file_ref idref="fl-9"/>
      </object_component>
      <object_component id="oc-1c6">
         <name>.debug_info</name>
         <load_address>0x84c5</load_address>
         <run_address>0x84c5</run_address>
         <size>0xcb</size>
         <input_file_ref idref="fl-9"/>
      </object_component>
      <object_component id="oc-1cc">
         <name>.debug_info</name>
         <load_address>0x8590</load_address>
         <run_address>0x8590</run_address>
         <size>0xdf</size>
         <input_file_ref idref="fl-9"/>
      </object_component>
      <object_component id="oc-1c3">
         <name>.debug_info</name>
         <load_address>0x866f</load_address>
         <run_address>0x866f</run_address>
         <size>0xcd</size>
         <input_file_ref idref="fl-9"/>
      </object_component>
      <object_component id="oc-1c9">
         <name>.debug_info</name>
         <load_address>0x873c</load_address>
         <run_address>0x873c</run_address>
         <size>0xc9</size>
         <input_file_ref idref="fl-9"/>
      </object_component>
      <object_component id="oc-1c0">
         <name>.debug_info</name>
         <load_address>0x8805</load_address>
         <run_address>0x8805</run_address>
         <size>0xe7</size>
         <input_file_ref idref="fl-9"/>
      </object_component>
      <object_component id="oc-108">
         <name>.debug_info</name>
         <load_address>0x88ec</load_address>
         <run_address>0x88ec</run_address>
         <size>0x4e4</size>
         <input_file_ref idref="fl-9"/>
      </object_component>
      <object_component id="oc-25a">
         <name>.debug_info</name>
         <load_address>0x8dd0</load_address>
         <run_address>0x8dd0</run_address>
         <size>0x99</size>
         <input_file_ref idref="fl-9"/>
      </object_component>
      <object_component id="oc-b5">
         <name>.debug_info</name>
         <load_address>0x8e69</load_address>
         <run_address>0x8e69</run_address>
         <size>0x1e4</size>
         <input_file_ref idref="fl-a"/>
      </object_component>
      <object_component id="oc-b2">
         <name>.debug_info</name>
         <load_address>0x904d</load_address>
         <run_address>0x904d</run_address>
         <size>0xe1</size>
         <input_file_ref idref="fl-a"/>
      </object_component>
      <object_component id="oc-3a">
         <name>.debug_info</name>
         <load_address>0x912e</load_address>
         <run_address>0x912e</run_address>
         <size>0x59f</size>
         <input_file_ref idref="fl-a"/>
      </object_component>
      <object_component id="oc-35">
         <name>.debug_info</name>
         <load_address>0x96cd</load_address>
         <run_address>0x96cd</run_address>
         <size>0x12e</size>
         <input_file_ref idref="fl-b"/>
      </object_component>
      <object_component id="oc-252">
         <name>.debug_info</name>
         <load_address>0x97fb</load_address>
         <run_address>0x97fb</run_address>
         <size>0x3b6</size>
         <input_file_ref idref="fl-c"/>
      </object_component>
      <object_component id="oc-19e">
         <name>.debug_info</name>
         <load_address>0x9bb1</load_address>
         <run_address>0x9bb1</run_address>
         <size>0x355</size>
         <input_file_ref idref="fl-c"/>
      </object_component>
      <object_component id="oc-220">
         <name>.debug_info</name>
         <load_address>0x9f06</load_address>
         <run_address>0x9f06</run_address>
         <size>0x2a8</size>
         <input_file_ref idref="fl-d"/>
      </object_component>
      <object_component id="oc-19a">
         <name>.debug_info</name>
         <load_address>0xa1ae</load_address>
         <run_address>0xa1ae</run_address>
         <size>0x4b4</size>
         <input_file_ref idref="fl-d"/>
      </object_component>
      <object_component id="oc-25">
         <name>.debug_info</name>
         <load_address>0xa662</load_address>
         <run_address>0xa662</run_address>
         <size>0x17c</size>
         <input_file_ref idref="fl-c8"/>
      </object_component>
      <object_component id="oc-4c">
         <name>.debug_info</name>
         <load_address>0xa7de</load_address>
         <run_address>0xa7de</run_address>
         <size>0x15c</size>
         <input_file_ref idref="fl-c9"/>
      </object_component>
      <object_component id="oc-12">
         <name>.debug_info</name>
         <load_address>0xa93a</load_address>
         <run_address>0xa93a</run_address>
         <size>0x1fb</size>
         <input_file_ref idref="fl-c9"/>
      </object_component>
      <object_component id="oc-47">
         <name>.debug_info</name>
         <load_address>0xab35</load_address>
         <run_address>0xab35</run_address>
         <size>0x46</size>
         <input_file_ref idref="fl-c9"/>
      </object_component>
      <object_component id="oc-c3">
         <name>.debug_info</name>
         <load_address>0xab7b</load_address>
         <run_address>0xab7b</run_address>
         <size>0x2c</size>
         <input_file_ref idref="fl-c9"/>
      </object_component>
      <object_component id="oc-54">
         <name>.debug_info</name>
         <load_address>0xaba7</load_address>
         <run_address>0xaba7</run_address>
         <size>0x150</size>
         <input_file_ref idref="fl-ca"/>
      </object_component>
      <object_component id="oc-4e">
         <name>.debug_info</name>
         <load_address>0xacf7</load_address>
         <run_address>0xacf7</run_address>
         <size>0x263</size>
         <input_file_ref idref="fl-ca"/>
      </object_component>
      <object_component id="oc-18">
         <name>.debug_info</name>
         <load_address>0xaf5a</load_address>
         <run_address>0xaf5a</run_address>
         <size>0x1cd</size>
         <input_file_ref idref="fl-ca"/>
      </object_component>
      <object_component id="oc-55">
         <name>.debug_info</name>
         <load_address>0xb127</load_address>
         <run_address>0xb127</run_address>
         <size>0x39</size>
         <input_file_ref idref="fl-ca"/>
      </object_component>
      <object_component id="oc-cd">
         <name>.debug_info</name>
         <load_address>0xb160</load_address>
         <run_address>0xb160</run_address>
         <size>0x2c</size>
         <input_file_ref idref="fl-ca"/>
      </object_component>
      <object_component id="oc-f4">
         <name>.debug_info</name>
         <load_address>0xb18c</load_address>
         <run_address>0xb18c</run_address>
         <size>0x250</size>
         <input_file_ref idref="fl-cd"/>
      </object_component>
      <object_component id="oc-ee">
         <name>.debug_info</name>
         <load_address>0xb3dc</load_address>
         <run_address>0xb3dc</run_address>
         <size>0x1a1</size>
         <input_file_ref idref="fl-cd"/>
      </object_component>
      <object_component id="oc-80">
         <name>.debug_info</name>
         <load_address>0xb57d</load_address>
         <run_address>0xb57d</run_address>
         <size>0x230</size>
         <input_file_ref idref="fl-cd"/>
      </object_component>
      <object_component id="oc-35d">
         <name>.debug_info</name>
         <load_address>0xb7ad</load_address>
         <run_address>0xb7ad</run_address>
         <size>0x2c</size>
         <input_file_ref idref="fl-cf"/>
      </object_component>
      <object_component id="oc-1ef">
         <name>.debug_info</name>
         <load_address>0xb7d9</load_address>
         <run_address>0xb7d9</run_address>
         <size>0x111</size>
         <input_file_ref idref="fl-d0"/>
      </object_component>
      <object_component id="oc-143">
         <name>.debug_info</name>
         <load_address>0xb8ea</load_address>
         <run_address>0xb8ea</run_address>
         <size>0x2c9</size>
         <input_file_ref idref="fl-d0"/>
      </object_component>
      <object_component id="oc-43">
         <name>.debug_info</name>
         <load_address>0xbbb3</load_address>
         <run_address>0xbbb3</run_address>
         <size>0x12d</size>
         <input_file_ref idref="fl-d1"/>
      </object_component>
      <object_component id="oc-5d">
         <name>.debug_info</name>
         <load_address>0xbce0</load_address>
         <run_address>0xbce0</run_address>
         <size>0x15b</size>
         <input_file_ref idref="fl-d2"/>
      </object_component>
      <object_component id="oc-6a">
         <name>.debug_info</name>
         <load_address>0xbe3b</load_address>
         <run_address>0xbe3b</run_address>
         <size>0x154</size>
         <input_file_ref idref="fl-d3"/>
      </object_component>
      <object_component id="oc-6f">
         <name>.debug_info</name>
         <load_address>0xbf8f</load_address>
         <run_address>0xbf8f</run_address>
         <size>0x164</size>
         <input_file_ref idref="fl-d4"/>
      </object_component>
      <object_component id="oc-2cf">
         <name>.debug_info</name>
         <load_address>0xc0f3</load_address>
         <run_address>0xc0f3</run_address>
         <size>0x1d7</size>
         <input_file_ref idref="fl-d6"/>
      </object_component>
      <object_component id="oc-21b">
         <name>.debug_info</name>
         <load_address>0xc2ca</load_address>
         <run_address>0xc2ca</run_address>
         <size>0x300</size>
         <input_file_ref idref="fl-d6"/>
      </object_component>
      <object_component id="oc-85">
         <name>.debug_info</name>
         <load_address>0xc5ca</load_address>
         <run_address>0xc5ca</run_address>
         <size>0x125</size>
         <input_file_ref idref="fl-d7"/>
      </object_component>
      <object_component id="oc-38f">
         <name>.debug_info</name>
         <load_address>0xc6ef</load_address>
         <run_address>0xc6ef</run_address>
         <size>0x111</size>
         <input_file_ref idref="fl-d8"/>
      </object_component>
      <object_component id="oc-347">
         <name>.debug_info</name>
         <load_address>0xc800</load_address>
         <run_address>0xc800</run_address>
         <size>0x296</size>
         <input_file_ref idref="fl-d8"/>
      </object_component>
      <object_component id="oc-1f1">
         <name>.debug_info</name>
         <load_address>0xca96</load_address>
         <run_address>0xca96</run_address>
         <size>0x112</size>
         <input_file_ref idref="fl-da"/>
      </object_component>
      <object_component id="oc-14b">
         <name>.debug_info</name>
         <load_address>0xcba8</load_address>
         <run_address>0xcba8</run_address>
         <size>0x2ab</size>
         <input_file_ref idref="fl-da"/>
      </object_component>
      <object_component id="oc-1b4">
         <name>.debug_info</name>
         <load_address>0xce53</load_address>
         <run_address>0xce53</run_address>
         <size>0x140</size>
         <input_file_ref idref="fl-dd"/>
      </object_component>
      <object_component id="oc-f1">
         <name>.debug_info</name>
         <load_address>0xcf93</load_address>
         <run_address>0xcf93</run_address>
         <size>0x12f</size>
         <input_file_ref idref="fl-dd"/>
      </object_component>
      <object_component id="oc-1ad">
         <name>.debug_info</name>
         <load_address>0xd0c2</load_address>
         <run_address>0xd0c2</run_address>
         <size>0x23b</size>
         <input_file_ref idref="fl-dd"/>
      </object_component>
      <object_component id="oc-357">
         <name>.debug_info</name>
         <load_address>0xd2fd</load_address>
         <run_address>0xd2fd</run_address>
         <size>0x3a7</size>
         <input_file_ref idref="fl-de"/>
      </object_component>
      <object_component id="oc-2c9">
         <name>.debug_info</name>
         <load_address>0xd6a4</load_address>
         <run_address>0xd6a4</run_address>
         <size>0x180a</size>
         <input_file_ref idref="fl-de"/>
      </object_component>
      <object_component id="oc-358">
         <name>.debug_info</name>
         <load_address>0xeeae</load_address>
         <run_address>0xeeae</run_address>
         <size>0x86</size>
         <input_file_ref idref="fl-de"/>
      </object_component>
      <object_component id="oc-399">
         <name>.debug_info</name>
         <load_address>0xef34</load_address>
         <run_address>0xef34</run_address>
         <size>0x46</size>
         <input_file_ref idref="fl-de"/>
      </object_component>
      <object_component id="oc-362">
         <name>.debug_info</name>
         <load_address>0xef7a</load_address>
         <run_address>0xef7a</run_address>
         <size>0x39</size>
         <input_file_ref idref="fl-de"/>
      </object_component>
      <object_component id="oc-ec">
         <name>.debug_info</name>
         <load_address>0xefb3</load_address>
         <run_address>0xefb3</run_address>
         <size>0x182</size>
         <input_file_ref idref="fl-df"/>
      </object_component>
      <object_component id="oc-79">
         <name>.debug_info</name>
         <load_address>0xf135</load_address>
         <run_address>0xf135</run_address>
         <size>0x183</size>
         <input_file_ref idref="fl-df"/>
      </object_component>
      <object_component id="oc-1a5">
         <name>.debug_info</name>
         <load_address>0xf2b8</load_address>
         <run_address>0xf2b8</run_address>
         <size>0x5e</size>
         <input_file_ref idref="fl-df"/>
      </object_component>
      <object_component id="oc-396">
         <name>.debug_info</name>
         <load_address>0xf316</load_address>
         <run_address>0xf316</run_address>
         <size>0x130</size>
         <input_file_ref idref="fl-e0"/>
      </object_component>
      <object_component id="oc-353">
         <name>.debug_info</name>
         <load_address>0xf446</load_address>
         <run_address>0xf446</run_address>
         <size>0x18d</size>
         <input_file_ref idref="fl-e0"/>
      </object_component>
      <object_component id="oc-e4">
         <name>.debug_info</name>
         <load_address>0xf5d3</load_address>
         <run_address>0xf5d3</run_address>
         <size>0x305</size>
         <input_file_ref idref="fl-e1"/>
      </object_component>
      <object_component id="oc-73">
         <name>.debug_info</name>
         <load_address>0xf8d8</load_address>
         <run_address>0xf8d8</run_address>
         <size>0x1e6</size>
         <input_file_ref idref="fl-e1"/>
      </object_component>
      <object_component id="oc-160">
         <name>.debug_info</name>
         <load_address>0xfabe</load_address>
         <run_address>0xfabe</run_address>
         <size>0x39</size>
         <input_file_ref idref="fl-e1"/>
      </object_component>
      <object_component id="oc-165">
         <name>.debug_info</name>
         <load_address>0xfaf7</load_address>
         <run_address>0xfaf7</run_address>
         <size>0xcd</size>
         <input_file_ref idref="fl-e1"/>
      </object_component>
      <object_component id="oc-15c">
         <name>.debug_info</name>
         <load_address>0xfbc4</load_address>
         <run_address>0xfbc4</run_address>
         <size>0x1fc</size>
         <input_file_ref idref="fl-e2"/>
      </object_component>
      <object_component id="oc-d8">
         <name>.debug_info</name>
         <load_address>0xfdc0</load_address>
         <run_address>0xfdc0</run_address>
         <size>0x19f</size>
         <input_file_ref idref="fl-e2"/>
      </object_component>
      <object_component id="oc-1fa">
         <name>.debug_info</name>
         <load_address>0xff5f</load_address>
         <run_address>0xff5f</run_address>
         <size>0x2c</size>
         <input_file_ref idref="fl-e2"/>
      </object_component>
      <object_component id="oc-3af">
         <name>.debug_info</name>
         <load_address>0xff8b</load_address>
         <run_address>0xff8b</run_address>
         <size>0x10a</size>
         <input_file_ref idref="fl-e3"/>
      </object_component>
      <object_component id="oc-393">
         <name>.debug_info</name>
         <load_address>0x10095</load_address>
         <run_address>0x10095</run_address>
         <size>0x116</size>
         <input_file_ref idref="fl-e3"/>
      </object_component>
      <object_component id="oc-334">
         <name>.debug_info</name>
         <load_address>0x101ab</load_address>
         <run_address>0x101ab</run_address>
         <size>0x160</size>
         <input_file_ref idref="fl-e4"/>
      </object_component>
      <object_component id="oc-312">
         <name>.debug_info</name>
         <load_address>0x1030b</load_address>
         <run_address>0x1030b</run_address>
         <size>0x13c</size>
         <input_file_ref idref="fl-e5"/>
      </object_component>
      <object_component id="oc-31f">
         <name>.debug_info</name>
         <load_address>0x10447</load_address>
         <run_address>0x10447</run_address>
         <size>0x13e</size>
         <input_file_ref idref="fl-e5"/>
      </object_component>
      <object_component id="oc-31a">
         <name>.debug_info</name>
         <load_address>0x10585</load_address>
         <run_address>0x10585</run_address>
         <size>0x14e</size>
         <input_file_ref idref="fl-e6"/>
      </object_component>
      <object_component id="oc-315">
         <name>.debug_info</name>
         <load_address>0x106d3</load_address>
         <run_address>0x106d3</run_address>
         <size>0x14e</size>
         <input_file_ref idref="fl-e7"/>
      </object_component>
      <object_component id="oc-324">
         <name>.debug_info</name>
         <load_address>0x10821</load_address>
         <run_address>0x10821</run_address>
         <size>0x142</size>
         <input_file_ref idref="fl-e8"/>
      </object_component>
      <object_component id="oc-331">
         <name>.debug_info</name>
         <load_address>0x10963</load_address>
         <run_address>0x10963</run_address>
         <size>0x140</size>
         <input_file_ref idref="fl-eb"/>
      </object_component>
      <object_component id="oc-379">
         <name>.debug_info</name>
         <load_address>0x10aa3</load_address>
         <run_address>0x10aa3</run_address>
         <size>0x168</size>
         <input_file_ref idref="fl-ec"/>
      </object_component>
      <object_component id="oc-329">
         <name>.debug_info</name>
         <load_address>0x10c0b</load_address>
         <run_address>0x10c0b</run_address>
         <size>0x1de</size>
         <input_file_ref idref="fl-ec"/>
      </object_component>
      <object_component id="oc-391">
         <name>.debug_info</name>
         <load_address>0x10de9</load_address>
         <run_address>0x10de9</run_address>
         <size>0x10d</size>
         <input_file_ref idref="fl-ed"/>
      </object_component>
      <object_component id="oc-34d">
         <name>.debug_info</name>
         <load_address>0x10ef6</load_address>
         <run_address>0x10ef6</run_address>
         <size>0x1c7</size>
         <input_file_ref idref="fl-ed"/>
      </object_component>
      <object_component id="oc-37d">
         <name>.debug_info</name>
         <load_address>0x110bd</load_address>
         <run_address>0x110bd</run_address>
         <size>0x15b</size>
         <input_file_ref idref="fl-ef"/>
      </object_component>
      <object_component id="oc-33c">
         <name>.debug_info</name>
         <load_address>0x11218</load_address>
         <run_address>0x11218</run_address>
         <size>0x1a5</size>
         <input_file_ref idref="fl-ef"/>
      </object_component>
      <object_component id="oc-37e">
         <name>.debug_info</name>
         <load_address>0x113bd</load_address>
         <run_address>0x113bd</run_address>
         <size>0x2c</size>
         <input_file_ref idref="fl-ef"/>
      </object_component>
      <object_component id="oc-38d">
         <name>.debug_info</name>
         <load_address>0x113e9</load_address>
         <run_address>0x113e9</run_address>
         <size>0x198</size>
         <input_file_ref idref="fl-f0"/>
      </object_component>
      <object_component id="oc-341">
         <name>.debug_info</name>
         <load_address>0x11581</load_address>
         <run_address>0x11581</run_address>
         <size>0x202</size>
         <input_file_ref idref="fl-f0"/>
      </object_component>
      <object_component id="oc-de">
         <name>.debug_info</name>
         <load_address>0x11783</load_address>
         <run_address>0x11783</run_address>
         <size>0x161</size>
         <input_file_ref idref="fl-f1"/>
      </object_component>
      <object_component id="oc-372">
         <name>.debug_info</name>
         <load_address>0x118e4</load_address>
         <run_address>0x118e4</run_address>
         <size>0x106</size>
         <input_file_ref idref="fl-f3"/>
      </object_component>
      <object_component id="oc-30b">
         <name>.debug_info</name>
         <load_address>0x119ea</load_address>
         <run_address>0x119ea</run_address>
         <size>0x27c</size>
         <input_file_ref idref="fl-f3"/>
      </object_component>
      <object_component id="oc-307">
         <name>.debug_info</name>
         <load_address>0x11c66</load_address>
         <run_address>0x11c66</run_address>
         <size>0x199</size>
         <input_file_ref idref="fl-f4"/>
      </object_component>
      <object_component id="oc-38a">
         <name>.debug_info</name>
         <load_address>0x11dff</load_address>
         <run_address>0x11dff</run_address>
         <size>0x10f</size>
         <input_file_ref idref="fl-f6"/>
      </object_component>
      <object_component id="oc-384">
         <name>.debug_info</name>
         <load_address>0x11f0e</load_address>
         <run_address>0x11f0e</run_address>
         <size>0x170</size>
         <input_file_ref idref="fl-f8"/>
      </object_component>
      <object_component id="oc-fa">
         <name>.debug_info</name>
         <load_address>0x1207e</load_address>
         <run_address>0x1207e</run_address>
         <size>0x2c</size>
         <input_file_ref idref="fl-fa"/>
      </object_component>
      <object_component id="oc-8a">
         <name>.debug_info</name>
         <load_address>0x120aa</load_address>
         <run_address>0x120aa</run_address>
         <size>0x23e</size>
         <input_file_ref idref="fl-fb"/>
      </object_component>
      <object_component id="oc-2b">
         <name>.debug_info</name>
         <load_address>0x122e8</load_address>
         <run_address>0x122e8</run_address>
         <size>0x11d</size>
         <input_file_ref idref="fl-fb"/>
      </object_component>
      <object_component id="oc-ff">
         <name>.debug_info</name>
         <load_address>0x12405</load_address>
         <run_address>0x12405</run_address>
         <size>0x62</size>
         <input_file_ref idref="fl-fb"/>
      </object_component>
      <object_component id="oc-2df">
         <name>.debug_info</name>
         <load_address>0x12467</load_address>
         <run_address>0x12467</run_address>
[...]
         <name>vTaskSuspend</name>
         <value>0x1595</value>
         <object_component_ref idref="oc-aa"/>
      </symbol>
      <symbol id="sm-304">
         <name>vTaskResume</name>
         <value>0x163d</value>
         <object_component_ref idref="oc-aa"/>
      </symbol>
      <symbol id="sm-305">
         <name>vTaskSetTimeOutState</name>
         <value>0x1adf</value>
         <object_component_ref idref="oc-aa"/>
      </symbol>
      <symbol id="sm-306">
         <name>vTaskIncrementTick</name>
         <value>0x1879</value>
         <object_component_ref idref="oc-aa"/>
      </symbol>
      <symbol id="sm-307">
         <name>vTaskSwitchContext</name>
         <value>0x1921</value>
         <object_component_ref idref="oc-aa"/>
      </symbol>
      <symbol id="sm-308">
         <name>xTaskResumeFromISR</name>
         <value>0x16ad</value>
         <object_component_ref idref="oc-aa"/>
      </symbol>
      <symbol id="sm-309">
         <name>xTaskGetCurrentTaskHandle</name>
         <value>0x1d25</value>
         <object_component_ref idref="oc-aa"/>
      </symbol>
      <symbol id="sm-30a">
         <name>xTaskRemoveFromEventList</name>
         <value>0x1a61</value>
         <object_component_ref idref="oc-aa"/>
      </symbol>
      <symbol id="sm-30b">
         <name>xTaskIsTaskSuspended</name>
         <value>0x15ed</value>
         <object_component_ref idref="oc-aa"/>
      </symbol>
      <symbol id="sm-359">
         <name>vPortInitialiseBlocks</name>
         <value>0x2d07</value>
         <object_component_ref idref="oc-107"/>
      </symbol>
      <symbol id="sm-35a">
         <name>xPortGetFreeHeapSize</name>
         <value>0x2d01</value>
         <object_component_ref idref="oc-107"/>
      </symbol>
      <symbol id="sm-35b">
         <name>pvPortMalloc</name>
         <value>0x2b6d</value>
         <object_component_ref idref="oc-107"/>
      </symbol>
      <symbol id="sm-35c">
         <name>vPortFree</name>
         <value>0x2c9f</value>
         <object_component_ref idref="oc-107"/>
      </symbol>
      <symbol id="sm-37f">
         <name>vPortEndScheduler</name>
         <value>0x3655</value>
         <object_component_ref idref="oc-38"/>
      </symbol>
      <symbol id="sm-380">
         <name>xPortSysTickHandler</name>
         <value>0x3687</value>
         <object_component_ref idref="oc-38"/>
      </symbol>
      <symbol id="sm-381">
         <name>vPortYieldFromISR</name>
         <value>0x3657</value>
         <object_component_ref idref="oc-38"/>
      </symbol>
      <symbol id="sm-382">
         <name>pxPortInitialiseStack</name>
         <value>0x35e5</value>
         <object_component_ref idref="oc-38"/>
      </symbol>
      <symbol id="sm-383">
         <name>vPortExitCritical</name>
         <value>0x3671</value>
         <object_component_ref idref="oc-38"/>
      </symbol>
      <symbol id="sm-384">
         <name>xPortStartScheduler</name>
         <value>0x362d</value>
         <object_component_ref idref="oc-38"/>
      </symbol>
      <symbol id="sm-385">
         <name>vPortEnterCritical</name>
         <value>0x3661</value>
         <object_component_ref idref="oc-38"/>
      </symbol>
      <symbol id="sm-390">
         <name>vPortStartFirstTask</name>
         <value>0x3a79</value>
         <object_component_ref idref="oc-33"/>
      </symbol>
      <symbol id="sm-391">
         <name>vPortEnableVFP</name>
         <value>0x3a8b</value>
         <object_component_ref idref="oc-33"/>
      </symbol>
      <symbol id="sm-392">
         <name>xPortPendSVHandler</name>
         <value>0x3a05</value>
         <object_component_ref idref="oc-33"/>
      </symbol>
      <symbol id="sm-393">
         <name>vPortClearInterruptMask</name>
         <value>0x3a4d</value>
         <object_component_ref idref="oc-33"/>
      </symbol>
      <symbol id="sm-394">
         <name>vPortSetInterruptMask</name>
         <value>0x3a3f</value>
         <object_component_ref idref="oc-33"/>
      </symbol>
      <symbol id="sm-395">
         <name>vPortSVCHandler</name>
         <value>0x3a5b</value>
         <object_component_ref idref="oc-33"/>
      </symbol>
      <symbol id="sm-3ad">
         <name>initialiseADC</name>
         <value>0x37a5</value>
         <object_component_ref idref="oc-19c"/>
      </symbol>
      <symbol id="sm-3ae">
         <name>pollADCTask</name>
         <value>0x3801</value>
         <object_component_ref idref="oc-19c"/>
      </symbol>
      <symbol id="sm-3cb">
         <name>monitorState</name>
         <value>0x3703</value>
         <object_component_ref idref="oc-196"/>
      </symbol>
      <symbol id="sm-3cc">
         <name>screenDrawTask</name>
         <value>0x36c9</value>
         <object_component_ref idref="oc-196"/>
      </symbol>
      <symbol id="sm-3cd">
         <name>receiveFromQueue</name>
         <value>0x373f</value>
         <object_component_ref idref="oc-196"/>
      </symbol>
      <symbol id="sm-3ce">
         <name>printStatus</name>
         <value>0x375b</value>
         <object_component_ref idref="oc-196"/>
      </symbol>
      <symbol id="sm-3de">
         <name>_c_int00</name>
         <value>0x41d5</value>
         <object_component_ref idref="oc-23"/>
      </symbol>
      <symbol id="sm-3df">
         <name>__stack</name>
         <value>0x200028f8</value>
         <object_component_ref idref="oc-29"/>
      </symbol>
      <symbol id="sm-3f6">
         <name>__TI_decompress_none</name>
         <value>0x4477</value>
         <object_component_ref idref="oc-11"/>
      </symbol>
      <symbol id="sm-41e">
         <name>__TI_decompress_rle24</name>
         <value>0x44e1</value>
         <object_component_ref idref="oc-17"/>
      </symbol>
      <symbol id="sm-441">
         <name>C$$EXIT</name>
         <value>0x405d</value>
         <object_component_ref idref="oc-7e"/>
      </symbol>
      <symbol id="sm-442">
         <name>abort</name>
         <value>0x4061</value>
         <object_component_ref idref="oc-7e"/>
      </symbol>
      <symbol id="sm-443">
         <name>exit</name>
         <value>0x4069</value>
         <object_component_ref idref="oc-7e"/>
      </symbol>
      <symbol id="sm-444">
         <name>__TI_dtors_ptr</name>
         <value>0x2000492c</value>
         <object_component_ref idref="oc-ed"/>
      </symbol>
      <symbol id="sm-445">
         <name>__TI_cleanup_ptr</name>
         <value>0x20004928</value>
         <object_component_ref idref="oc-ed"/>
      </symbol>
      <symbol id="sm-446">
         <name>__TI_enable_exit_profile_output</name>
         <value>0x20004930</value>
         <object_component_ref idref="oc-ed"/>
      </symbol>
      <symbol id="sm-45d">
         <name>memcmp</name>
         <value>0x4355</value>
         <object_component_ref idref="oc-142"/>
      </symbol>
      <symbol id="sm-478">
         <name>memcpy</name>
         <value>0x3a9d</value>
         <object_component_ref idref="oc-41"/>
      </symbol>
      <symbol id="sm-479">
         <name>__aeabi_memcpy</name>
         <value>0x3a9d</value>
         <object_component_ref idref="oc-41"/>
      </symbol>
      <symbol id="sm-47a">
         <name>__aeabi_memcpy8</name>
         <value>0x3a9d</value>
         <object_component_ref idref="oc-41"/>
      </symbol>
      <symbol id="sm-47b">
         <name>__aeabi_memcpy4</name>
         <value>0x3a9d</value>
         <object_component_ref idref="oc-41"/>
      </symbol>
      <symbol id="sm-48a">
         <name>__aeabi_memset</name>
         <value>0x3cc3</value>
         <object_component_ref idref="oc-5a"/>
      </symbol>
      <symbol id="sm-48b">
         <name>memset</name>
         <value>0x3cc9</value>
         <object_component_ref idref="oc-5a"/>
      </symbol>
      <symbol id="sm-48c">
         <name>__aeabi_memset8</name>
         <value>0x3cc3</value>
         <object_component_ref idref="oc-5a"/>
      </symbol>
      <symbol id="sm-48d">
         <name>__aeabi_memset4</name>
         <value>0x3cc3</value>
         <object_component_ref idref="oc-5a"/>
      </symbol>
      <symbol id="sm-48e">
         <name>__aeabi_memclr8</name>
         <value>0x3cc1</value>
         <object_component_ref idref="oc-5a"/>
      </symbol>
      <symbol id="sm-48f">
         <name>__aeabi_memclr4</name>
         <value>0x3cc1</value>
         <object_component_ref idref="oc-5a"/>
      </symbol>
      <symbol id="sm-490">
         <name>__aeabi_memclr</name>
         <value>0x3cc1</value>
         <object_component_ref idref="oc-5a"/>
      </symbol>
      <symbol id="sm-49a">
         <name>__mpu_init</name>
         <value>0x2edf</value>
         <object_component_ref idref="oc-66"/>
      </symbol>
      <symbol id="sm-4a4">
         <name>_system_pre_init</name>
         <value>0x44e7</value>
         <object_component_ref idref="oc-6c"/>
      </symbol>
      <symbol id="sm-4b9">
         <name>sprintf</name>
         <value>0x3eed</value>
         <object_component_ref idref="oc-219"/>
      </symbol>
      <symbol id="sm-4c1">
         <name>main_func_sp</name>
         <value>0x2000494c</value>
         <object_component_ref idref="oc-84"/>
      </symbol>
      <symbol id="sm-4d1">
         <name>strchr</name>
         <value>0x43e1</value>
         <object_component_ref idref="oc-344"/>
      </symbol>
      <symbol id="sm-4e2">
         <name>strncpy</name>
         <value>0x4253</value>
         <object_component_ref idref="oc-148"/>
      </symbol>
      <symbol id="sm-4fd">
         <name>_nop</name>
         <value>0x4407</value>
         <object_component_ref idref="oc-1ac"/>
      </symbol>
      <symbol id="sm-4fe">
         <name>_lock</name>
         <value>0x20004934</value>
         <object_component_ref idref="oc-f0"/>
      </symbol>
      <symbol id="sm-4ff">
         <name>_unlock</name>
         <value>0x20004938</value>
         <object_component_ref idref="oc-f0"/>
      </symbol>
      <symbol id="sm-500">
         <name>_register_lock</name>
         <value>0x43ff</value>
         <object_component_ref idref="oc-1ac"/>
      </symbol>
      <symbol id="sm-501">
         <name>_register_unlock</name>
         <value>0x43f9</value>
         <object_component_ref idref="oc-1ac"/>
      </symbol>
      <symbol id="sm-608">
         <name>__TI_printfi</name>
         <value>0xedb</value>
         <object_component_ref idref="oc-2c8"/>
      </symbol>
      <symbol id="sm-61c">
         <name>_args_main</name>
         <value>0x43c9</value>
         <object_component_ref idref="oc-78"/>
      </symbol>
      <symbol id="sm-632">
         <name>atoi</name>
         <value>0x40b1</value>
         <object_component_ref idref="oc-350"/>
      </symbol>
      <symbol id="sm-657">
         <name>__TI_auto_init</name>
         <value>0x3d3d</value>
         <object_component_ref idref="oc-72"/>
      </symbol>
      <symbol id="sm-671">
         <name>copy_in</name>
         <value>0x40fd</value>
         <object_component_ref idref="oc-d7"/>
      </symbol>
      <symbol id="sm-67c">
         <name>_ctypes_</name>
         <value>0x46cc</value>
         <object_component_ref idref="oc-392"/>
      </symbol>
      <symbol id="sm-693">
         <name>__aeabi_dsub</name>
         <value>0x2d29</value>
         <object_component_ref idref="oc-333"/>
      </symbol>
      <symbol id="sm-694">
         <name>__aeabi_dadd</name>
         <value>0x2d33</value>
         <object_component_ref idref="oc-333"/>
      </symbol>
      <symbol id="sm-6b6">
         <name>__aeabi_cdcmpeq</name>
         <value>0x3b39</value>
         <object_component_ref idref="oc-30f"/>
      </symbol>
      <symbol id="sm-6b7">
         <name>__aeabi_cdcmple</name>
         <value>0x3b39</value>
         <object_component_ref idref="oc-30f"/>
      </symbol>
      <symbol id="sm-6b8">
         <name>__aeabi_cdrcmple</name>
         <value>0x3bbf</value>
         <object_component_ref idref="oc-31e"/>
      </symbol>
      <symbol id="sm-6cc">
         <name>__aeabi_ddiv</name>
         <value>0x3065</value>
         <object_component_ref idref="oc-319"/>
      </symbol>
      <symbol id="sm-6d7">
         <name>__aeabi_dmul</name>
         <value>0x33ff</value>
         <object_component_ref idref="oc-314"/>
      </symbol>
      <symbol id="sm-6e1">
         <name>__aeabi_d2iz</name>
         <value>0x4149</value>
         <object_component_ref idref="oc-323"/>
      </symbol>
      <symbol id="sm-6ed">
         <name>__aeabi_i2d</name>
         <value>0x4283</value>
         <object_component_ref idref="oc-32e"/>
      </symbol>
      <symbol id="sm-6fc">
         <name>ltoa</name>
         <value>0x4005</value>
         <object_component_ref idref="oc-328"/>
      </symbol>
      <symbol id="sm-70c">
         <name>memccpy</name>
         <value>0x43af</value>
         <object_component_ref idref="oc-34a"/>
      </symbol>
      <symbol id="sm-726">
         <name>frexpl</name>
         <value>0x3fa9</value>
         <object_component_ref idref="oc-338"/>
      </symbol>
      <symbol id="sm-727">
         <name>frexp</name>
         <value>0x3fa9</value>
         <object_component_ref idref="oc-338"/>
      </symbol>
      <symbol id="sm-745">
         <name>scalbn</name>
         <value>0x3875</value>
         <object_component_ref idref="oc-33e"/>
      </symbol>
      <symbol id="sm-746">
         <name>scalbnl</name>
         <value>0x3875</value>
         <object_component_ref idref="oc-33e"/>
      </symbol>
      <symbol id="sm-747">
         <name>ldexpl</name>
         <value>0x3875</value>
         <object_component_ref idref="oc-33e"/>
      </symbol>
      <symbol id="sm-748">
         <name>ldexp</name>
         <value>0x3875</value>
         <object_component_ref idref="oc-33e"/>
      </symbol>
      <symbol id="sm-752">
         <name>_system_post_cinit</name>
         <value>0x319b</value>
         <object_component_ref idref="oc-dd"/>
      </symbol>
      <symbol id="sm-761">
         <name>strlen</name>
         <value>0x440d</value>
         <object_component_ref idref="oc-309"/>
      </symbol>
      <symbol id="sm-77d">
         <name>__aeabi_uldivmod</name>
         <value>0x2979</value>
         <object_component_ref idref="oc-304"/>
      </symbol>
      <symbol id="sm-786">
         <name>errno</name>
         <value>0x20004948</value>
         <object_component_ref idref="oc-389"/>
      </symbol>
      <symbol id="sm-791">
         <name>copysign</name>
         <value>0x44c1</value>
         <object_component_ref idref="oc-383"/>
      </symbol>
      <symbol id="sm-792">
         <name>copysignl</name>
         <value>0x44c1</value>
         <object_component_ref idref="oc-383"/>
      </symbol>
      <symbol id="sm-7a9">
         <name>_sys_memory</name>
         <value>0x200038f8</value>
         <object_component_ref idref="oc-2a"/>
      </symbol>
      <symbol id="sm-7ee">
         <name>ADCProcessorTrigger</name>
         <value>0x4395</value>
         <object_component_ref idref="oc-23f"/>
      </symbol>
      <symbol id="sm-7ef">
         <name>ADCSequenceEnable</name>
         <value>0x4469</value>
         <object_component_ref idref="oc-233"/>
      </symbol>
      <symbol id="sm-7f0">
         <name>ADCSequenceConfigure</name>
         <value>0x42dd</value>
         <object_component_ref idref="oc-227"/>
      </symbol>
      <symbol id="sm-7f1">
         <name>ADCSequenceStepConfigure</name>
         <value>0x3dad</value>
         <object_component_ref idref="oc-22d"/>
      </symbol>
      <symbol id="sm-7f2">
         <name>ADCIntClear</name>
         <value>0x4491</value>
         <object_component_ref idref="oc-239"/>
      </symbol>
      <symbol id="sm-7f3">
         <name>ADCIntStatus</name>
         <value>0x42b1</value>
         <object_component_ref idref="oc-245"/>
      </symbol>
      <symbol id="sm-7f4">
         <name>ADCSequenceDataGet</name>
         <value>0x4377</value>
         <object_component_ref idref="oc-24b"/>
      </symbol>
      <symbol id="sm-849">
         <name>GPIOPinIntClear</name>
         <value>0x44c9</value>
         <object_component_ref idref="oc-8c"/>
      </symbol>
      <symbol id="sm-84a">
         <name>GPIOIntTypeSet</name>
         <value>0x4215</value>
         <object_component_ref idref="oc-176"/>
      </symbol>
      <symbol id="sm-84b">
         <name>GPIOPinTypeADC</name>
         <value>0x4421</value>
         <object_component_ref idref="oc-221"/>
      </symbol>
      <symbol id="sm-84c">
         <name>GPIOPinIntEnable</name>
         <value>0x4485</value>
         <object_component_ref idref="oc-182"/>
      </symbol>
      <symbol id="sm-84d">
         <name>GPIOPinTypeGPIOOutput</name>
         <value>0x4433</value>
         <object_component_ref idref="oc-2ae"/>
      </symbol>
      <symbol id="sm-84e">
         <name>GPIOPinRead</name>
         <value>0x44cf</value>
         <object_component_ref idref="oc-92"/>
      </symbol>
      <symbol id="sm-84f">
         <name>GPIODirModeSet</name>
         <value>0x4307</value>
         <object_component_ref idref="oc-2d7"/>
      </symbol>
      <symbol id="sm-850">
         <name>GPIOPinWrite</name>
         <value>0x44d5</value>
         <object_component_ref idref="oc-27b"/>
      </symbol>
      <symbol id="sm-851">
         <name>GPIOPadConfigSet</name>
         <value>0x3945</value>
         <object_component_ref idref="oc-170"/>
      </symbol>
      <symbol id="sm-852">
         <name>GPIOPinTypeSSI</name>
         <value>0x4445</value>
         <object_component_ref idref="oc-29c"/>
      </symbol>
      <symbol id="sm-882">
         <name>IntPrioritySet</name>
         <value>0x4331</value>
         <object_component_ref idref="oc-17c"/>
      </symbol>
      <symbol id="sm-883">
         <name>IntEnable</name>
         <value>0x3e85</value>
         <object_component_ref idref="oc-188"/>
      </symbol>
      <symbol id="sm-8bc">
         <name>SSIDataPut</name>
         <value>0x449b</value>
         <object_component_ref idref="oc-281"/>
      </symbol>
      <symbol id="sm-8bd">
         <name>SSIDataGetNonBlocking</name>
         <value>0x4457</value>
         <object_component_ref idref="oc-2a8"/>
      </symbol>
      <symbol id="sm-8be">
         <name>SSIConfigSetExpClk</name>
         <value>0x4191</value>
         <object_component_ref idref="oc-296"/>
      </symbol>
      <symbol id="sm-8bf">
         <name>SSIEnable</name>
         <value>0x44af</value>
         <object_component_ref idref="oc-2a2"/>
      </symbol>
      <symbol id="sm-8c0">
         <name>SSIBusy</name>
         <value>0x44b9</value>
         <object_component_ref idref="oc-275"/>
      </symbol>
      <symbol id="sm-8c1">
         <name>SSIDisable</name>
         <value>0x44a5</value>
         <object_component_ref idref="oc-28a"/>
      </symbol>
      <symbol id="sm-92a">
         <name>SysCtlClockSet</name>
         <value>0x319d</value>
         <object_component_ref idref="oc-18e"/>
      </symbol>
      <symbol id="sm-92b">
         <name>SysCtlDelay</name>
         <value>0x44db</value>
         <object_component_ref idref="oc-211"/>
      </symbol>
      <symbol id="sm-92c">
         <name>SysCtlPeripheralEnable</name>
         <value>0x3f4d</value>
         <object_component_ref idref="oc-16a"/>
      </symbol>
      <symbol id="sm-92d">
         <name>SysCtlClockGet</name>
         <value>0x2ee1</value>
         <object_component_ref idref="oc-290"/>
      </symbol>
      <symbol id="sm-92f">
         <name>__TI_static_base__</name>
         <value>0x0</value>
      </symbol>
      <symbol id="sm-932">
         <name>SHT$$INIT_ARRAY$$Limit</name>
         <value>0x0</value>
      </symbol>
      <symbol id="sm-933">
         <name>SHT$$INIT_ARRAY$$Base</name>
         <value>0x0</value>
      </symbol>
   </symbol_table>
   <title>Link successful</title>
</link_info>
